          <idle>-0       [003] d..2.   553.353188: sched_switch: prev_comm=swapper/3 prev_pid=0 prev_prio=120 prev_state=R ==> next_comm=taskset next_pid=546 next_prio=120
          <idle>-0       [001] d..2.   553.356139: sched_switch: prev_comm=swapper/1 prev_pid=0 prev_prio=120 prev_state=R ==> next_comm=rcu_preempt next_pid=16 next_prio=120
     rcu_preempt-16      [001] d..2.   553.356192: sched_switch: prev_comm=rcu_preempt prev_pid=16 prev_prio=120 prev_state=I ==> next_comm=swapper/1 next_pid=0 next_prio=120
          <idle>-0       [001] d..2.   553.360136: sched_switch: prev_comm=swapper/1 prev_pid=0 prev_prio=120 prev_state=R ==> next_comm=rcu_preempt next_pid=16 next_prio=120
     rcu_preempt-16      [001] d..2.   553.360194: sched_switch: prev_comm=rcu_preempt prev_pid=16 prev_prio=120 prev_state=I ==> next_comm=swapper/1 next_pid=0 next_prio=120
          <idle>-0       [001] d..2.   553.364131: sched_switch: prev_comm=swapper/1 prev_pid=0 prev_prio=120 prev_state=R ==> next_comm=rcu_preempt next_pid=16 next_prio=120
     rcu_preempt-16      [001] d..2.   553.364158: sched_switch: prev_comm=rcu_preempt prev_pid=16 prev_prio=120 prev_state=I ==> next_comm=swapper/1 next_pid=0 next_prio=120
          <idle>-0       [001] d..2.   553.368131: sched_switch: prev_comm=swapper/1 prev_pid=0 prev_prio=120 prev_state=R ==> next_comm=rcu_preempt next_pid=16 next_prio=120
     rcu_preempt-16      [001] d..2.   553.368171: sched_switch: prev_comm=rcu_preempt prev_pid=16 prev_prio=120 prev_state=I ==> next_comm=swapper/1 next_pid=0 next_prio=120
          <idle>-0       [001] d..2.   553.372131: sched_switch: prev_comm=swapper/1 prev_pid=0 prev_prio=120 prev_state=R ==> next_comm=rcu_preempt next_pid=16 next_prio=120
     rcu_preempt-16      [001] d..2.   553.372157: sched_switch: prev_comm=rcu_preempt prev_pid=16 prev_prio=120 prev_state=I ==> next_comm=swapper/1 next_pid=0 next_prio=120
          <idle>-0       [001] d..2.   553.376132: sched_switch: prev_comm=swapper/1 prev_pid=0 prev_prio=120 prev_state=R ==> next_comm=rcu_preempt next_pid=16 next_prio=120
     rcu_preempt-16      [001] d..2.   553.376171: sched_switch: prev_comm=rcu_preempt prev_pid=16 prev_prio=120 prev_state=I ==> next_comm=swapper/1 next_pid=0 next_prio=120
          <idle>-0       [001] d..2.   553.380155: sched_switch: prev_comm=swapper/1 prev_pid=0 prev_prio=120 prev_state=R ==> next_comm=rcu_preempt next_pid=16 next_prio=120
     rcu_preempt-16      [001] d..2.   553.380181: sched_switch: prev_comm=rcu_preempt prev_pid=16 prev_prio=120 prev_state=I ==> next_comm=swapper/1 next_pid=0 next_prio=120
          <idle>-0       [001] d..2.   553.385132: sched_switch: prev_comm=swapper/1 prev_pid=0 prev_prio=120 prev_state=R ==> next_comm=rcu_preempt next_pid=16 next_prio=120
     rcu_preempt-16      [001] d..2.   553.385172: sched_switch: prev_comm=rcu_preempt prev_pid=16 prev_prio=120 prev_state=I ==> next_comm=swapper/1 next_pid=0 next_prio=120
          <idle>-0       [001] d..2.   553.388833: sched_switch: prev_comm=swapper/1 prev_pid=0 prev_prio=120 prev_state=R ==> next_comm=taskset next_pid=545 next_prio=120
         taskset-546     [003] d..2.   553.393371: sched_switch: prev_comm=taskset prev_pid=546 prev_prio=120 prev_state=Z ==> next_comm=swapper/3 next_pid=0 next_prio=120
         taskset-545     [001] d..2.   553.393421: sched_switch: prev_comm=taskset prev_pid=545 prev_prio=120 prev_state=Z ==> next_comm=swapper/1 next_pid=0 next_prio=120
          <idle>-0       [001] d..2.   553.394160: sched_switch: prev_comm=swapper/1 prev_pid=0 prev_prio=120 prev_state=R ==> next_comm=rcu_preempt next_pid=16 next_prio=120
     rcu_preempt-16      [001] d..2.   553.394202: sched_switch: prev_comm=rcu_preempt prev_pid=16 prev_prio=120 prev_state=I ==> next_comm=swapper/1 next_pid=0 next_prio=120
          <idle>-0       [001] d..2.   553.394974: sched_switch: prev_comm=swapper/1 prev_pid=0 prev_prio=120 prev_state=R ==> next_comm=systemd-journal next_pid=116 next_prio=120
          <idle>-0       [003] d..2.   553.395153: sched_switch: prev_comm=swapper/3 prev_pid=0 prev_prio=120 prev_state=R ==> next_comm=rcu_preempt next_pid=16 next_prio=120
     rcu_preempt-16      [003] d..2.   553.395207: sched_switch: prev_comm=rcu_preempt prev_pid=16 prev_prio=120 prev_state=I ==> next_comm=swapper/3 next_pid=0 next_prio=120
          <idle>-0       [003] d..2.   553.397184: sched_switch: prev_comm=swapper/3 prev_pid=0 prev_prio=120 prev_state=R ==> next_comm=rcu_preempt next_pid=16 next_prio=120
     rcu_preempt-16      [003] d..2.   553.397217: sched_switch: prev_comm=rcu_preempt prev_pid=16 prev_prio=120 prev_state=I ==> next_comm=swapper/3 next_pid=0 next_prio=120
 systemd-journal-116     [001] d..2.   553.397252: sched_switch: prev_comm=systemd-journal prev_pid=116 prev_prio=120 prev_state=S ==> next_comm=swapper/1 next_pid=0 next_prio=120
          <idle>-0       [003] d..2.   553.399739: sched_switch: prev_comm=swapper/3 prev_pid=0 prev_prio=120 prev_state=R ==> next_comm=test.001.sh next_pid=537 next_prio=120
     test.001.sh-537     [003] d..2.   553.400118: sched_switch: prev_comm=test.001.sh prev_pid=537 prev_prio=120 prev_state=S ==> next_comm=swapper/3 next_pid=0 next_prio=120
          <idle>-0       [003] d..2.   553.400226: sched_switch: prev_comm=swapper/3 prev_pid=0 prev_prio=120 prev_state=R ==> next_comm=test.001.sh next_pid=537 next_prio=120
     test.001.sh-537     [003] d..2.   553.400335: sched_switch: prev_comm=test.001.sh prev_pid=537 prev_prio=120 prev_state=S ==> next_comm=swapper/3 next_pid=0 next_prio=120
          <idle>-0       [003] d..2.   553.402141: sched_switch: prev_comm=swapper/3 prev_pid=0 prev_prio=120 prev_state=R ==> next_comm=rcu_preempt next_pid=16 next_prio=120
     rcu_preempt-16      [003] d..2.   553.402181: sched_switch: prev_comm=rcu_preempt prev_pid=16 prev_prio=120 prev_state=I ==> next_comm=swapper/3 next_pid=0 next_prio=120
          <idle>-0       [003] d..2.   553.406126: sched_switch: prev_comm=swapper/3 prev_pid=0 prev_prio=120 prev_state=R ==> next_comm=rcu_preempt next_pid=16 next_prio=120
     rcu_preempt-16      [003] d..2.   553.406150: sched_switch: prev_comm=rcu_preempt prev_pid=16 prev_prio=120 prev_state=I ==> next_comm=swapper/3 next_pid=0 next_prio=120
          <idle>-0       [003] d..2.   553.409096: sched_switch: prev_comm=swapper/3 prev_pid=0 prev_prio=120 prev_state=R ==> next_comm=rcu_preempt next_pid=16 next_prio=120
     rcu_preempt-16      [003] d..2.   553.409136: sched_switch: prev_comm=rcu_preempt prev_pid=16 prev_prio=120 prev_state=I ==> next_comm=swapper/3 next_pid=0 next_prio=120
          <idle>-0       [003] d..2.   553.413131: sched_switch: prev_comm=swapper/3 prev_pid=0 prev_prio=120 prev_state=R ==> next_comm=rcu_preempt next_pid=16 next_prio=120
     rcu_preempt-16      [003] d..2.   553.413153: sched_switch: prev_comm=rcu_preempt prev_pid=16 prev_prio=120 prev_state=I ==> next_comm=swapper/3 next_pid=0 next_prio=120
          <idle>-0       [001] d..2.   553.613602: sched_switch: prev_comm=swapper/1 prev_pid=0 prev_prio=120 prev_state=R ==> next_comm=systemd-journal next_pid=116 next_prio=120
 systemd-journal-116     [001] d..2.   553.614024: sched_switch: prev_comm=systemd-journal prev_pid=116 prev_prio=120 prev_state=S ==> next_comm=swapper/1 next_pid=0 next_prio=120
          <idle>-0       [003] d..2.   553.614025: sched_switch: prev_comm=swapper/3 prev_pid=0 prev_prio=120 prev_state=R ==> next_comm=jbd2/sda1-8 next_pid=75 next_prio=120
     jbd2/sda1-8-75      [003] d..2.   553.614797: sched_switch: prev_comm=jbd2/sda1-8 prev_pid=75 prev_prio=120 prev_state=D ==> next_comm=swapper/3 next_pid=0 next_prio=120
          <idle>-0       [003] d..2.   553.645360: sched_switch: prev_comm=swapper/3 prev_pid=0 prev_prio=120 prev_state=R ==> next_comm=kcompactd0 next_pid=42 next_prio=120
      kcompactd0-42      [003] d..2.   553.645456: sched_switch: prev_comm=kcompactd0 prev_pid=42 prev_prio=120 prev_state=S ==> next_comm=swapper/3 next_pid=0 next_prio=120
          <idle>-0       [001] d..2.   553.653510: sched_switch: prev_comm=swapper/1 prev_pid=0 prev_prio=120 prev_state=R ==> next_comm=kworker/u16:3 next_pid=64 next_prio=120
   kworker/u16:3-64      [001] d..2.   553.653719: sched_switch: prev_comm=kworker/u16:3 prev_pid=64 prev_prio=120 prev_state=I ==> next_comm=swapper/1 next_pid=0 next_prio=120
          <idle>-0       [003] d..2.   553.660692: sched_switch: prev_comm=swapper/3 prev_pid=0 prev_prio=120 prev_state=R ==> next_comm=jbd2/sda1-8 next_pid=75 next_prio=120
     jbd2/sda1-8-75      [003] d..2.   553.661239: sched_switch: prev_comm=jbd2/sda1-8 prev_pid=75 prev_prio=120 prev_state=R+ ==> next_comm=kworker/3:1H next_pid=53 next_prio=100
    kworker/3:1H-53      [003] d..2.   553.661542: sched_switch: prev_comm=kworker/3:1H prev_pid=53 prev_prio=100 prev_state=I ==> next_comm=jbd2/sda1-8 next_pid=75 next_prio=120
     jbd2/sda1-8-75      [003] d..2.   553.661637: sched_switch: prev_comm=jbd2/sda1-8 prev_pid=75 prev_prio=120 prev_state=D ==> next_comm=swapper/3 next_pid=0 next_prio=120
          <idle>-0       [003] d..2.   553.668534: sched_switch: prev_comm=swapper/3 prev_pid=0 prev_prio=120 prev_state=R ==> next_comm=jbd2/sda1-8 next_pid=75 next_prio=120
          <idle>-0       [001] d..2.   553.668884: sched_switch: prev_comm=swapper/1 prev_pid=0 prev_prio=120 prev_state=R ==> next_comm=kworker/u16:3 next_pid=64 next_prio=120
     jbd2/sda1-8-75      [003] d..2.   553.668892: sched_switch: prev_comm=jbd2/sda1-8 prev_pid=75 prev_prio=120 prev_state=S ==> next_comm=swapper/3 next_pid=0 next_prio=120
   kworker/u16:3-64      [001] d..2.   553.669033: sched_switch: prev_comm=kworker/u16:3 prev_pid=64 prev_prio=120 prev_state=I ==> next_comm=swapper/1 next_pid=0 next_prio=120
          <idle>-0       [001] d..2.   554.150206: sched_switch: prev_comm=swapper/1 prev_pid=0 prev_prio=120 prev_state=R ==> next_comm=kworker/1:1 next_pid=45 next_prio=120
     kworker/1:1-45      [001] d..2.   554.150470: sched_switch: prev_comm=kworker/1:1 prev_pid=45 prev_prio=120 prev_state=I ==> next_comm=swapper/1 next_pid=0 next_prio=120
          <idle>-0       [003] d..2.   554.150559: sched_switch: prev_comm=swapper/3 prev_pid=0 prev_prio=120 prev_state=R ==> next_comm=kcompactd0 next_pid=42 next_prio=120
      kcompactd0-42      [003] d..2.   554.150691: sched_switch: prev_comm=kcompactd0 prev_pid=42 prev_prio=120 prev_state=S ==> next_comm=kworker/3:1 next_pid=46 next_prio=120
     kworker/3:1-46      [003] d..2.   554.150831: sched_switch: prev_comm=kworker/3:1 prev_pid=46 prev_prio=120 prev_state=I ==> next_comm=swapper/3 next_pid=0 next_prio=120
          <idle>-0       [003] d..2.   554.654122: sched_switch: prev_comm=swapper/3 prev_pid=0 prev_prio=120 prev_state=R ==> next_comm=kcompactd0 next_pid=42 next_prio=120
      kcompactd0-42      [003] d..2.   554.654400: sched_switch: prev_comm=kcompactd0 prev_pid=42 prev_prio=120 prev_state=S ==> next_comm=swapper/3 next_pid=0 next_prio=120
          <idle>-0       [001] d..2.   555.158383: sched_switch: prev_comm=swapper/1 prev_pid=0 prev_prio=120 prev_state=R ==> next_comm=kworker/1:1 next_pid=45 next_prio=120
          <idle>-0       [003] d..2.   555.158532: sched_switch: prev_comm=swapper/3 prev_pid=0 prev_prio=120 prev_state=R ==> next_comm=kcompactd0 next_pid=42 next_prio=120
     kworker/1:1-45      [001] d..2.   555.158553: sched_switch: prev_comm=kworker/1:1 prev_pid=45 prev_prio=120 prev_state=I ==> next_comm=swapper/1 next_pid=0 next_prio=120
      kcompactd0-42      [003] d..2.   555.158751: sched_switch: prev_comm=kcompactd0 prev_pid=42 prev_prio=120 prev_state=S ==> next_comm=swapper/3 next_pid=0 next_prio=120
          <idle>-0       [003] d..2.   555.189987: sched_switch: prev_comm=swapper/3 prev_pid=0 prev_prio=120 prev_state=R ==> next_comm=kworker/3:1 next_pid=46 next_prio=120
     kworker/3:1-46      [003] d..2.   555.190389: sched_switch: prev_comm=kworker/3:1 prev_pid=46 prev_prio=120 prev_state=I ==> next_comm=swapper/3 next_pid=0 next_prio=120
          <idle>-0       [001] d..2.   555.439808: sched_switch: prev_comm=swapper/1 prev_pid=0 prev_prio=120 prev_state=R ==> next_comm=unattended-upgr next_pid=240 next_prio=120
          <idle>-0       [003] d..2.   555.443113: sched_switch: prev_comm=swapper/3 prev_pid=0 prev_prio=120 prev_state=R ==> next_comm=dbus-daemon next_pid=215 next_prio=120
 unattended-upgr-240     [001] d..2.   555.443137: sched_switch: prev_comm=unattended-upgr prev_pid=240 prev_prio=120 prev_state=S ==> next_comm=swapper/1 next_pid=0 next_prio=120
          <idle>-0       [001] d..2.   555.446112: sched_switch: prev_comm=swapper/1 prev_pid=0 prev_prio=120 prev_state=R ==> next_comm=systemd-logind next_pid=219 next_prio=120
     dbus-daemon-215     [003] d..2.   555.446371: sched_switch: prev_comm=dbus-daemon prev_pid=215 prev_prio=120 prev_state=S ==> next_comm=swapper/3 next_pid=0 next_prio=120
          <idle>-0       [003] d..2.   555.447398: sched_switch: prev_comm=swapper/3 prev_pid=0 prev_prio=120 prev_state=R ==> next_comm=dbus-daemon next_pid=215 next_prio=120
  systemd-logind-219     [001] d..2.   555.447600: sched_switch: prev_comm=systemd-logind prev_pid=219 prev_prio=120 prev_state=S ==> next_comm=swapper/1 next_pid=0 next_prio=120
          <idle>-0       [001] d..2.   555.448893: sched_switch: prev_comm=swapper/1 prev_pid=0 prev_prio=120 prev_state=R ==> next_comm=unattended-upgr next_pid=240 next_prio=120
     dbus-daemon-215     [003] d..2.   555.448951: sched_switch: prev_comm=dbus-daemon prev_pid=215 prev_prio=120 prev_state=S ==> next_comm=swapper/3 next_pid=0 next_prio=120
 unattended-upgr-240     [001] d..2.   555.450816: sched_switch: prev_comm=unattended-upgr prev_pid=240 prev_prio=120 prev_state=S ==> next_comm=swapper/1 next_pid=0 next_prio=120
          <idle>-0       [001] d..2.   555.662148: sched_switch: prev_comm=swapper/1 prev_pid=0 prev_prio=120 prev_state=R ==> next_comm=kworker/u16:3 next_pid=64 next_prio=120
          <idle>-0       [003] d..2.   555.662212: sched_switch: prev_comm=swapper/3 prev_pid=0 prev_prio=120 prev_state=R ==> next_comm=kcompactd0 next_pid=42 next_prio=120
      kcompactd0-42      [003] d..2.   555.662402: sched_switch: prev_comm=kcompactd0 prev_pid=42 prev_prio=120 prev_state=S ==> next_comm=swapper/3 next_pid=0 next_prio=120
   kworker/u16:3-64      [001] d..2.   555.662487: sched_switch: prev_comm=kworker/u16:3 prev_pid=64 prev_prio=120 prev_state=I ==> next_comm=swapper/1 next_pid=0 next_prio=120
          <idle>-0       [001] d..2.   556.166137: sched_switch: prev_comm=swapper/1 prev_pid=0 prev_prio=120 prev_state=R ==> next_comm=kworker/1:1 next_pid=45 next_prio=120
          <idle>-0       [003] d..2.   556.166150: sched_switch: prev_comm=swapper/3 prev_pid=0 prev_prio=120 prev_state=R ==> next_comm=kcompactd0 next_pid=42 next_prio=120
      kcompactd0-42      [003] d..2.   556.166326: sched_switch: prev_comm=kcompactd0 prev_pid=42 prev_prio=120 prev_state=S ==> next_comm=swapper/3 next_pid=0 next_prio=120
     kworker/1:1-45      [001] d..2.   556.166346: sched_switch: prev_comm=kworker/1:1 prev_pid=45 prev_prio=120 prev_state=I ==> next_comm=swapper/1 next_pid=0 next_prio=120
          <idle>-0       [001] d..2.   556.406273: sched_switch: prev_comm=swapper/1 prev_pid=0 prev_prio=120 prev_state=R ==> next_comm=kworker/1:1 next_pid=45 next_prio=120
     kworker/1:1-45      [001] d..2.   556.406805: sched_switch: prev_comm=kworker/1:1 prev_pid=45 prev_prio=120 prev_state=D ==> next_comm=kworker/1:0 next_pid=495 next_prio=120
     kworker/1:0-495     [001] d..2.   556.406950: sched_switch: prev_comm=kworker/1:0 prev_pid=495 prev_prio=120 prev_state=I ==> next_comm=swapper/1 next_pid=0 next_prio=120
          <idle>-0       [001] d..2.   556.407527: sched_switch: prev_comm=swapper/1 prev_pid=0 prev_prio=120 prev_state=R ==> next_comm=kworker/1:1 next_pid=45 next_prio=120
     kworker/1:1-45      [001] d..2.   556.407634: sched_switch: prev_comm=kworker/1:1 prev_pid=45 prev_prio=120 prev_state=I ==> next_comm=swapper/1 next_pid=0 next_prio=120
          <idle>-0       [001] d..2.   556.533980: sched_switch: prev_comm=swapper/1 prev_pid=0 prev_prio=120 prev_state=R ==> next_comm=kworker/1:1 next_pid=45 next_prio=120
     kworker/1:1-45      [001] d..2.   556.534625: sched_switch: prev_comm=kworker/1:1 prev_pid=45 prev_prio=120 prev_state=I ==> next_comm=swapper/1 next_pid=0 next_prio=120
          <idle>-0       [003] d..2.   556.670189: sched_switch: prev_comm=swapper/3 prev_pid=0 prev_prio=120 prev_state=R ==> next_comm=kcompactd0 next_pid=42 next_prio=120
      kcompactd0-42      [003] d..2.   556.670359: sched_switch: prev_comm=kcompactd0 prev_pid=42 prev_prio=120 prev_state=S ==> next_comm=swapper/3 next_pid=0 next_prio=120
          <idle>-0       [003] d..2.   557.174524: sched_switch: prev_comm=swapper/3 prev_pid=0 prev_prio=120 prev_state=R ==> next_comm=kworker/3:1 next_pid=46 next_prio=120
     kworker/3:1-46      [003] d..2.   557.174731: sched_switch: prev_comm=kworker/3:1 prev_pid=46 prev_prio=120 prev_state=I ==> next_comm=kcompactd0 next_pid=42 next_prio=120
      kcompactd0-42      [003] d..2.   557.174861: sched_switch: prev_comm=kcompactd0 prev_pid=42 prev_prio=120 prev_state=S ==> next_comm=swapper/3 next_pid=0 next_prio=120
          <idle>-0       [003] d..2.   557.678278: sched_switch: prev_comm=swapper/3 prev_pid=0 prev_prio=120 prev_state=R ==> next_comm=kcompactd0 next_pid=42 next_prio=120
      kcompactd0-42      [003] d..2.   557.678396: sched_switch: prev_comm=kcompactd0 prev_pid=42 prev_prio=120 prev_state=S ==> next_comm=kworker/3:1 next_pid=46 next_prio=120
     kworker/3:1-46      [003] d..2.   557.678503: sched_switch: prev_comm=kworker/3:1 prev_pid=46 prev_prio=120 prev_state=I ==> next_comm=swapper/3 next_pid=0 next_prio=120
          <idle>-0       [003] d..2.   558.182386: sched_switch: prev_comm=swapper/3 prev_pid=0 prev_prio=120 prev_state=R ==> next_comm=kcompactd0 next_pid=42 next_prio=120
      kcompactd0-42      [003] d..2.   558.182565: sched_switch: prev_comm=kcompactd0 prev_pid=42 prev_prio=120 prev_state=S ==> next_comm=swapper/3 next_pid=0 next_prio=120
          <idle>-0       [003] d..2.   558.261938: sched_switch: prev_comm=swapper/3 prev_pid=0 prev_prio=120 prev_state=R ==> next_comm=kworker/3:1 next_pid=46 next_prio=120
          <idle>-0       [001] d..2.   558.262154: sched_switch: prev_comm=swapper/1 prev_pid=0 prev_prio=120 prev_state=R ==> next_comm=kworker/u16:3 next_pid=64 next_prio=120
     kworker/3:1-46      [003] d..2.   558.262171: sched_switch: prev_comm=kworker/3:1 prev_pid=46 prev_prio=120 prev_state=I ==> next_comm=swapper/3 next_pid=0 next_prio=120
   kworker/u16:3-64      [001] d..2.   558.262417: sched_switch: prev_comm=kworker/u16:3 prev_pid=64 prev_prio=120 prev_state=I ==> next_comm=kworker/1:1 next_pid=45 next_prio=120
          <idle>-0       [003] d..2.   558.262482: sched_switch: prev_comm=swapper/3 prev_pid=0 prev_prio=120 prev_state=R ==> next_comm=kworker/u16:4 next_pid=491 next_prio=120
     kworker/1:1-45      [001] d..2.   558.262562: sched_switch: prev_comm=kworker/1:1 prev_pid=45 prev_prio=120 prev_state=I ==> next_comm=swapper/1 next_pid=0 next_prio=120
   kworker/u16:4-491     [003] d..2.   558.262577: sched_switch: prev_comm=kworker/u16:4 prev_pid=491 prev_prio=120 prev_state=I ==> next_comm=swapper/3 next_pid=0 next_prio=120
          <idle>-0       [001] d..2.   558.451528: sched_switch: prev_comm=swapper/1 prev_pid=0 prev_prio=120 prev_state=R ==> next_comm=unattended-upgr next_pid=240 next_prio=120
 unattended-upgr-240     [001] d..2.   558.453481: sched_switch: prev_comm=unattended-upgr prev_pid=240 prev_prio=120 prev_state=R ==> next_comm=kworker/1:1 next_pid=45 next_prio=120
     kworker/1:1-45      [001] d..2.   558.453914: sched_switch: prev_comm=kworker/1:1 prev_pid=45 prev_prio=120 prev_state=D ==> next_comm=unattended-upgr next_pid=240 next_prio=120
 unattended-upgr-240     [001] d..2.   558.454413: sched_switch: prev_comm=unattended-upgr prev_pid=240 prev_prio=120 prev_state=R ==> next_comm=kworker/1:0 next_pid=495 next_prio=120
     kworker/1:0-495     [001] d..2.   558.454562: sched_switch: prev_comm=kworker/1:0 prev_pid=495 prev_prio=120 prev_state=I ==> next_comm=unattended-upgr next_pid=240 next_prio=120
 unattended-upgr-240     [001] d..2.   558.455927: sched_switch: prev_comm=unattended-upgr prev_pid=240 prev_prio=120 prev_state=S ==> next_comm=kworker/1:1 next_pid=45 next_prio=120
          <idle>-0       [003] d..2.   558.455958: sched_switch: prev_comm=swapper/3 prev_pid=0 prev_prio=120 prev_state=R ==> next_comm=dbus-daemon next_pid=215 next_prio=120
     kworker/1:1-45      [001] d..2.   558.456126: sched_switch: prev_comm=kworker/1:1 prev_pid=45 prev_prio=120 prev_state=I ==> next_comm=swapper/1 next_pid=0 next_prio=120
          <idle>-0       [001] d..2.   558.458125: sched_switch: prev_comm=swapper/1 prev_pid=0 prev_prio=120 prev_state=R ==> next_comm=systemd-logind next_pid=219 next_prio=120
     dbus-daemon-215     [003] d..2.   558.458411: sched_switch: prev_comm=dbus-daemon prev_pid=215 prev_prio=120 prev_state=S ==> next_comm=swapper/3 next_pid=0 next_prio=120
          <idle>-0       [003] d..2.   558.459399: sched_switch: prev_comm=swapper/3 prev_pid=0 prev_prio=120 prev_state=R ==> next_comm=dbus-daemon next_pid=215 next_prio=120
  systemd-logind-219     [001] d..2.   558.459675: sched_switch: prev_comm=systemd-logind prev_pid=219 prev_prio=120 prev_state=S ==> next_comm=swapper/1 next_pid=0 next_prio=120
          <idle>-0       [001] d..2.   558.460959: sched_switch: prev_comm=swapper/1 prev_pid=0 prev_prio=120 prev_state=R ==> next_comm=unattended-upgr next_pid=240 next_prio=120
     dbus-daemon-215     [003] d..2.   558.461029: sched_switch: prev_comm=dbus-daemon prev_pid=215 prev_prio=120 prev_state=S ==> next_comm=swapper/3 next_pid=0 next_prio=120
 unattended-upgr-240     [001] d..2.   558.463005: sched_switch: prev_comm=unattended-upgr prev_pid=240 prev_prio=120 prev_state=S ==> next_comm=swapper/1 next_pid=0 next_prio=120
          <idle>-0       [001] d..2.   558.581888: sched_switch: prev_comm=swapper/1 prev_pid=0 prev_prio=120 prev_state=R ==> next_comm=kworker/1:1 next_pid=45 next_prio=120
     kworker/1:1-45      [001] d..2.   558.582764: sched_switch: prev_comm=kworker/1:1 prev_pid=45 prev_prio=120 prev_state=I ==> next_comm=swapper/1 next_pid=0 next_prio=120
          <idle>-0       [003] d..2.   558.686023: sched_switch: prev_comm=swapper/3 prev_pid=0 prev_prio=120 prev_state=R ==> next_comm=kcompactd0 next_pid=42 next_prio=120
      kcompactd0-42      [003] d..2.   558.686459: sched_switch: prev_comm=kcompactd0 prev_pid=42 prev_prio=120 prev_state=S ==> next_comm=swapper/3 next_pid=0 next_prio=120
          <idle>-0       [003] d..2.   558.774164: sched_switch: prev_comm=swapper/3 prev_pid=0 prev_prio=120 prev_state=R ==> next_comm=kworker/u16:4 next_pid=491 next_prio=120
   kworker/u16:4-491     [003] d..2.   558.774887: sched_switch: prev_comm=kworker/u16:4 prev_pid=491 prev_prio=120 prev_state=D ==> next_comm=kworker/3:1H next_pid=53 next_prio=100
    kworker/3:1H-53      [003] d..2.   558.775699: sched_switch: prev_comm=kworker/3:1H prev_pid=53 prev_prio=100 prev_state=I ==> next_comm=swapper/3 next_pid=0 next_prio=120
          <idle>-0       [003] d..2.   558.776546: sched_switch: prev_comm=swapper/3 prev_pid=0 prev_prio=120 prev_state=R ==> next_comm=kworker/u16:4 next_pid=491 next_prio=120
   kworker/u16:4-491     [003] d..2.   558.776807: sched_switch: prev_comm=kworker/u16:4 prev_pid=491 prev_prio=120 prev_state=D ==> next_comm=kworker/3:1H next_pid=53 next_prio=100
    kworker/3:1H-53      [003] d..2.   558.776960: sched_switch: prev_comm=kworker/3:1H prev_pid=53 prev_prio=100 prev_state=I ==> next_comm=swapper/3 next_pid=0 next_prio=120
          <idle>-0       [003] d..2.   558.781525: sched_switch: prev_comm=swapper/3 prev_pid=0 prev_prio=120 prev_state=R ==> next_comm=kworker/u16:4 next_pid=491 next_prio=120
   kworker/u16:4-491     [003] d..2.   558.781761: sched_switch: prev_comm=kworker/u16:4 prev_pid=491 prev_prio=120 prev_state=D ==> next_comm=kworker/3:1H next_pid=53 next_prio=100
    kworker/3:1H-53      [003] d..2.   558.781882: sched_switch: prev_comm=kworker/3:1H prev_pid=53 prev_prio=100 prev_state=I ==> next_comm=swapper/3 next_pid=0 next_prio=120
          <idle>-0       [003] d..2.   558.782233: sched_switch: prev_comm=swapper/3 prev_pid=0 prev_prio=120 prev_state=R ==> next_comm=kworker/u16:4 next_pid=491 next_prio=120
   kworker/u16:4-491     [003] d..2.   558.782402: sched_switch: prev_comm=kworker/u16:4 prev_pid=491 prev_prio=120 prev_state=D ==> next_comm=swapper/3 next_pid=0 next_prio=120
          <idle>-0       [003] d..2.   558.782825: sched_switch: prev_comm=swapper/3 prev_pid=0 prev_prio=120 prev_state=R ==> next_comm=kworker/u16:4 next_pid=491 next_prio=120
   kworker/u16:4-491     [003] d..2.   558.783434: sched_switch: prev_comm=kworker/u16:4 prev_pid=491 prev_prio=120 prev_state=D ==> next_comm=kworker/3:1H next_pid=53 next_prio=100
    kworker/3:1H-53      [003] d..2.   558.783544: sched_switch: prev_comm=kworker/3:1H prev_pid=53 prev_prio=100 prev_state=I ==> next_comm=swapper/3 next_pid=0 next_prio=120
          <idle>-0       [003] d..2.   559.190390: sched_switch: prev_comm=swapper/3 prev_pid=0 prev_prio=120 prev_state=R ==> next_comm=kcompactd0 next_pid=42 next_prio=120
      kcompactd0-42      [003] d..2.   559.190542: sched_switch: prev_comm=kcompactd0 prev_pid=42 prev_prio=120 prev_state=S ==> next_comm=kworker/3:1 next_pid=46 next_prio=120
     kworker/3:1-46      [003] d..2.   559.190699: sched_switch: prev_comm=kworker/3:1 prev_pid=46 prev_prio=120 prev_state=I ==> next_comm=swapper/3 next_pid=0 next_prio=120
          <idle>-0       [003] d..2.   559.694496: sched_switch: prev_comm=swapper/3 prev_pid=0 prev_prio=120 prev_state=R ==> next_comm=kcompactd0 next_pid=42 next_prio=120
      kcompactd0-42      [003] d..2.   559.694797: sched_switch: prev_comm=kcompactd0 prev_pid=42 prev_prio=120 prev_state=S ==> next_comm=swapper/3 next_pid=0 next_prio=120
          <idle>-0       [003] d..2.   560.198470: sched_switch: prev_comm=swapper/3 prev_pid=0 prev_prio=120 prev_state=R ==> next_comm=kcompactd0 next_pid=42 next_prio=120
      kcompactd0-42      [003] d..2.   560.198676: sched_switch: prev_comm=kcompactd0 prev_pid=42 prev_prio=120 prev_state=S ==> next_comm=swapper/3 next_pid=0 next_prio=120
          <idle>-0       [001] d..2.   560.502256: sched_switch: prev_comm=swapper/1 prev_pid=0 prev_prio=120 prev_state=R ==> next_comm=kworker/1:1 next_pid=45 next_prio=120
     kworker/1:1-45      [001] d..2.   560.502684: sched_switch: prev_comm=kworker/1:1 prev_pid=45 prev_prio=120 prev_state=D ==> next_comm=kworker/1:0 next_pid=495 next_prio=120
     kworker/1:0-495     [001] d..2.   560.502918: sched_switch: prev_comm=kworker/1:0 prev_pid=495 prev_prio=120 prev_state=I ==> next_comm=swapper/1 next_pid=0 next_prio=120
          <idle>-0       [001] d..2.   560.503394: sched_switch: prev_comm=swapper/1 prev_pid=0 prev_prio=120 prev_state=R ==> next_comm=kworker/1:1 next_pid=45 next_prio=120
     kworker/1:1-45      [001] d..2.   560.503504: sched_switch: prev_comm=kworker/1:1 prev_pid=45 prev_prio=120 prev_state=I ==> next_comm=swapper/1 next_pid=0 next_prio=120
          <idle>-0       [001] d..2.   560.629522: sched_switch: prev_comm=swapper/1 prev_pid=0 prev_prio=120 prev_state=R ==> next_comm=kworker/1:1 next_pid=45 next_prio=120
     kworker/1:1-45      [001] d..2.   560.629858: sched_switch: prev_comm=kworker/1:1 prev_pid=45 prev_prio=120 prev_state=I ==> next_comm=swapper/1 next_pid=0 next_prio=120
          <idle>-0       [003] d..2.   560.701841: sched_switch: prev_comm=swapper/3 prev_pid=0 prev_prio=120 prev_state=R ==> next_comm=kcompactd0 next_pid=42 next_prio=120
      kcompactd0-42      [003] d..2.   560.702036: sched_switch: prev_comm=kcompactd0 prev_pid=42 prev_prio=120 prev_state=S ==> next_comm=swapper/3 next_pid=0 next_prio=120
          <idle>-0       [003] d..2.   561.206476: sched_switch: prev_comm=swapper/3 prev_pid=0 prev_prio=120 prev_state=R ==> next_comm=kworker/3:1 next_pid=46 next_prio=120
     kworker/3:1-46      [003] d..2.   561.206709: sched_switch: prev_comm=kworker/3:1 prev_pid=46 prev_prio=120 prev_state=I ==> next_comm=swapper/3 next_pid=0 next_prio=120
          <idle>-0       [001] d..2.   561.463733: sched_switch: prev_comm=swapper/1 prev_pid=0 prev_prio=120 prev_state=R ==> next_comm=unattended-upgr next_pid=240 next_prio=120
 unattended-upgr-240     [001] d..2.   561.466825: sched_switch: prev_comm=unattended-upgr prev_pid=240 prev_prio=120 prev_state=S ==> next_comm=swapper/1 next_pid=0 next_prio=120
          <idle>-0       [003] d..2.   561.466860: sched_switch: prev_comm=swapper/3 prev_pid=0 prev_prio=120 prev_state=R ==> next_comm=dbus-daemon next_pid=215 next_prio=120
          <idle>-0       [001] d..2.   561.469701: sched_switch: prev_comm=swapper/1 prev_pid=0 prev_prio=120 prev_state=R ==> next_comm=systemd-logind next_pid=219 next_prio=120
     dbus-daemon-215     [003] d..2.   561.469716: sched_switch: prev_comm=dbus-daemon prev_pid=215 prev_prio=120 prev_state=S ==> next_comm=swapper/3 next_pid=0 next_prio=120
          <idle>-0       [003] d..2.   561.471253: sched_switch: prev_comm=swapper/3 prev_pid=0 prev_prio=120 prev_state=R ==> next_comm=dbus-daemon next_pid=215 next_prio=120
  systemd-logind-219     [001] d..2.   561.471440: sched_switch: prev_comm=systemd-logind prev_pid=219 prev_prio=120 prev_state=S ==> next_comm=swapper/1 next_pid=0 next_prio=120
     dbus-daemon-215     [003] d..2.   561.472810: sched_switch: prev_comm=dbus-daemon prev_pid=215 prev_prio=120 prev_state=S ==> next_comm=swapper/3 next_pid=0 next_prio=120
          <idle>-0       [001] d..2.   561.472884: sched_switch: prev_comm=swapper/1 prev_pid=0 prev_prio=120 prev_state=R ==> next_comm=unattended-upgr next_pid=240 next_prio=120
 unattended-upgr-240     [001] d..2.   561.475034: sched_switch: prev_comm=unattended-upgr prev_pid=240 prev_prio=120 prev_state=S ==> next_comm=swapper/1 next_pid=0 next_prio=120
          <idle>-0       [003] d..2.   562.214561: sched_switch: prev_comm=swapper/3 prev_pid=0 prev_prio=120 prev_state=R ==> next_comm=kcompactd0 next_pid=42 next_prio=120
      kcompactd0-42      [003] d..2.   562.214784: sched_switch: prev_comm=kcompactd0 prev_pid=42 prev_prio=120 prev_state=S ==> next_comm=swapper/3 next_pid=0 next_prio=120
          <idle>-0       [001] d..2.   562.550364: sched_switch: prev_comm=swapper/1 prev_pid=0 prev_prio=120 prev_state=R ==> next_comm=kworker/1:1 next_pid=45 next_prio=120
     kworker/1:1-45      [001] d..2.   562.550859: sched_switch: prev_comm=kworker/1:1 prev_pid=45 prev_prio=120 prev_state=D ==> next_comm=kworker/1:0 next_pid=495 next_prio=120
     kworker/1:0-495     [001] d..2.   562.551061: sched_switch: prev_comm=kworker/1:0 prev_pid=495 prev_prio=120 prev_state=I ==> next_comm=swapper/1 next_pid=0 next_prio=120
          <idle>-0       [001] d..2.   562.551552: sched_switch: prev_comm=swapper/1 prev_pid=0 prev_prio=120 prev_state=R ==> next_comm=kworker/1:1 next_pid=45 next_prio=120
     kworker/1:1-45      [001] d..2.   562.551679: sched_switch: prev_comm=kworker/1:1 prev_pid=45 prev_prio=120 prev_state=I ==> next_comm=swapper/1 next_pid=0 next_prio=120
          <idle>-0       [003] d..2.   562.717910: sched_switch: prev_comm=swapper/3 prev_pid=0 prev_prio=120 prev_state=R ==> next_comm=kcompactd0 next_pid=42 next_prio=120
      kcompactd0-42      [003] d..2.   562.718116: sched_switch: prev_comm=kcompactd0 prev_pid=42 prev_prio=120 prev_state=S ==> next_comm=swapper/3 next_pid=0 next_prio=120
          <idle>-0       [003] d..2.   563.122794: sched_switch: prev_comm=swapper/3 prev_pid=0 prev_prio=120 prev_state=R ==> next_comm=sleep next_pid=542 next_prio=120
           sleep-542     [003] d..2.   563.129773: sched_switch: prev_comm=sleep prev_pid=542 prev_prio=120 prev_state=Z ==> next_comm=swapper/3 next_pid=0 next_prio=120
          <idle>-0       [003] d..2.   563.130139: sched_switch: prev_comm=swapper/3 prev_pid=0 prev_prio=120 prev_state=R ==> next_comm=rcu_preempt next_pid=16 next_prio=120
     rcu_preempt-16      [003] d..2.   563.130185: sched_switch: prev_comm=rcu_preempt prev_pid=16 prev_prio=120 prev_state=I ==> next_comm=swapper/3 next_pid=0 next_prio=120
          <idle>-0       [003] d..2.   707.695193: sched_switch: prev_comm=swapper/3 prev_pid=0 prev_prio=120 prev_state=R ==> next_comm=test.001.sh next_pid=1030 next_prio=120
          <idle>-0       [001] d..2.   707.697436: sched_switch: prev_comm=swapper/1 prev_pid=0 prev_prio=120 prev_state=R ==> next_comm=rcu_preempt next_pid=16 next_prio=120
     rcu_preempt-16      [001] d..2.   707.697616: sched_switch: prev_comm=rcu_preempt prev_pid=16 prev_prio=120 prev_state=I ==> next_comm=swapper/1 next_pid=0 next_prio=120
          <idle>-0       [001] d..2.   707.698177: sched_switch: prev_comm=swapper/1 prev_pid=0 prev_prio=120 prev_state=R ==> next_comm=test.001.sh next_pid=1032 next_prio=120
     test.001.sh-1032    [001] d..2.   707.698947: sched_switch: prev_comm=test.001.sh prev_pid=1032 prev_prio=120 prev_state=R+ ==> next_comm=migration/1 next_pid=22 next_prio=0
     migration/1-22      [001] d..2.   707.699046: sched_switch: prev_comm=migration/1 prev_pid=22 prev_prio=0 prev_state=S ==> next_comm=rcu_preempt next_pid=16 next_prio=120
     rcu_preempt-16      [001] d..2.   707.699108: sched_switch: prev_comm=rcu_preempt prev_pid=16 prev_prio=120 prev_state=I ==> next_comm=swapper/1 next_pid=0 next_prio=120
          <idle>-0       [001] d..2.   707.702505: sched_switch: prev_comm=swapper/1 prev_pid=0 prev_prio=120 prev_state=R ==> next_comm=rcu_preempt next_pid=16 next_prio=120
     rcu_preempt-16      [001] d..2.   707.702541: sched_switch: prev_comm=rcu_preempt prev_pid=16 prev_prio=120 prev_state=I ==> next_comm=swapper/1 next_pid=0 next_prio=120
          <idle>-0       [001] d..2.   707.706398: sched_switch: prev_comm=swapper/1 prev_pid=0 prev_prio=120 prev_state=R ==> next_comm=rcu_preempt next_pid=16 next_prio=120
     rcu_preempt-16      [001] d..2.   707.706432: sched_switch: prev_comm=rcu_preempt prev_pid=16 prev_prio=120 prev_state=I ==> next_comm=swapper/1 next_pid=0 next_prio=120
          <idle>-0       [001] d..2.   707.710398: sched_switch: prev_comm=swapper/1 prev_pid=0 prev_prio=120 prev_state=R ==> next_comm=rcu_preempt next_pid=16 next_prio=120
     rcu_preempt-16      [001] d..2.   707.710421: sched_switch: prev_comm=rcu_preempt prev_pid=16 prev_prio=120 prev_state=I ==> next_comm=swapper/1 next_pid=0 next_prio=120
          <idle>-0       [001] d..2.   707.714368: sched_switch: prev_comm=swapper/1 prev_pid=0 prev_prio=120 prev_state=R ==> next_comm=rcu_preempt next_pid=16 next_prio=120
     rcu_preempt-16      [001] d..2.   707.714400: sched_switch: prev_comm=rcu_preempt prev_pid=16 prev_prio=120 prev_state=I ==> next_comm=swapper/1 next_pid=0 next_prio=120
          <idle>-0       [001] d..2.   707.718394: sched_switch: prev_comm=swapper/1 prev_pid=0 prev_prio=120 prev_state=R ==> next_comm=rcu_preempt next_pid=16 next_prio=120
     rcu_preempt-16      [001] d..2.   707.718410: sched_switch: prev_comm=rcu_preempt prev_pid=16 prev_prio=120 prev_state=I ==> next_comm=swapper/1 next_pid=0 next_prio=120
          <idle>-0       [001] d..2.   707.722414: sched_switch: prev_comm=swapper/1 prev_pid=0 prev_prio=120 prev_state=R ==> next_comm=rcu_preempt next_pid=16 next_prio=120
     rcu_preempt-16      [001] d..2.   707.722445: sched_switch: prev_comm=rcu_preempt prev_pid=16 prev_prio=120 prev_state=I ==> next_comm=swapper/1 next_pid=0 next_prio=120
          <idle>-0       [001] d..2.   707.726405: sched_switch: prev_comm=swapper/1 prev_pid=0 prev_prio=120 prev_state=R ==> next_comm=rcu_preempt next_pid=16 next_prio=120
     rcu_preempt-16      [001] d..2.   707.726447: sched_switch: prev_comm=rcu_preempt prev_pid=16 prev_prio=120 prev_state=I ==> next_comm=swapper/1 next_pid=0 next_prio=120
          <idle>-0       [001] d..2.   707.730389: sched_switch: prev_comm=swapper/1 prev_pid=0 prev_prio=120 prev_state=R ==> next_comm=rcu_preempt next_pid=16 next_prio=120
     rcu_preempt-16      [001] d..2.   707.730459: sched_switch: prev_comm=rcu_preempt prev_pid=16 prev_prio=120 prev_state=I ==> next_comm=swapper/1 next_pid=0 next_prio=120
          <idle>-0       [001] d..2.   707.734388: sched_switch: prev_comm=swapper/1 prev_pid=0 prev_prio=120 prev_state=R ==> next_comm=rcu_preempt next_pid=16 next_prio=120
     rcu_preempt-16      [001] d..2.   707.734419: sched_switch: prev_comm=rcu_preempt prev_pid=16 prev_prio=120 prev_state=I ==> next_comm=swapper/1 next_pid=0 next_prio=120
          <idle>-0       [001] d..2.   707.738499: sched_switch: prev_comm=swapper/1 prev_pid=0 prev_prio=120 prev_state=R ==> next_comm=rcu_preempt next_pid=16 next_prio=120
     rcu_preempt-16      [001] d..2.   707.738810: sched_switch: prev_comm=rcu_preempt prev_pid=16 prev_prio=120 prev_state=I ==> next_comm=swapper/1 next_pid=0 next_prio=120
          <idle>-0       [001] d..2.   707.742359: sched_switch: prev_comm=swapper/1 prev_pid=0 prev_prio=120 prev_state=R ==> next_comm=rcu_preempt next_pid=16 next_prio=120
     rcu_preempt-16      [001] d..2.   707.742390: sched_switch: prev_comm=rcu_preempt prev_pid=16 prev_prio=120 prev_state=I ==> next_comm=swapper/1 next_pid=0 next_prio=120
          <idle>-0       [001] d..2.   707.746394: sched_switch: prev_comm=swapper/1 prev_pid=0 prev_prio=120 prev_state=R ==> next_comm=rcu_preempt next_pid=16 next_prio=120
     rcu_preempt-16      [001] d..2.   707.746467: sched_switch: prev_comm=rcu_preempt prev_pid=16 prev_prio=120 prev_state=I ==> next_comm=swapper/1 next_pid=0 next_prio=120
          <idle>-0       [001] d..2.   707.750366: sched_switch: prev_comm=swapper/1 prev_pid=0 prev_prio=120 prev_state=R ==> next_comm=rcu_preempt next_pid=16 next_prio=120
     rcu_preempt-16      [001] d..2.   707.750405: sched_switch: prev_comm=rcu_preempt prev_pid=16 prev_prio=120 prev_state=I ==> next_comm=swapper/1 next_pid=0 next_prio=120
          <idle>-0       [001] d..2.   707.754409: sched_switch: prev_comm=swapper/1 prev_pid=0 prev_prio=120 prev_state=R ==> next_comm=rcu_preempt next_pid=16 next_prio=120
     rcu_preempt-16      [001] d..2.   707.754455: sched_switch: prev_comm=rcu_preempt prev_pid=16 prev_prio=120 prev_state=I ==> next_comm=swapper/1 next_pid=0 next_prio=120
          <idle>-0       [001] d..2.   707.758413: sched_switch: prev_comm=swapper/1 prev_pid=0 prev_prio=120 prev_state=R ==> next_comm=rcu_preempt next_pid=16 next_prio=120
     rcu_preempt-16      [001] d..2.   707.758448: sched_switch: prev_comm=rcu_preempt prev_pid=16 prev_prio=120 prev_state=I ==> next_comm=swapper/1 next_pid=0 next_prio=120
          <idle>-0       [001] d..2.   707.760818: sched_switch: prev_comm=swapper/1 prev_pid=0 prev_prio=120 prev_state=R ==> next_comm=su next_pid=1033 next_prio=120
              su-1030    [003] d..2.   707.765060: sched_switch: prev_comm=su prev_pid=1030 prev_prio=120 prev_state=S ==> next_comm=swapper/3 next_pid=0 next_prio=120
     unix_chkpwd-1033    [001] d..2.   707.798331: sched_switch: prev_comm=unix_chkpwd prev_pid=1033 prev_prio=120 prev_state=Z ==> next_comm=swapper/1 next_pid=0 next_prio=120
          <idle>-0       [001] d..2.   707.799419: sched_switch: prev_comm=swapper/1 prev_pid=0 prev_prio=120 prev_state=R ==> next_comm=rcu_preempt next_pid=16 next_prio=120
     rcu_preempt-16      [001] d..2.   707.799486: sched_switch: prev_comm=rcu_preempt prev_pid=16 prev_prio=120 prev_state=I ==> next_comm=swapper/1 next_pid=0 next_prio=120
          <idle>-0       [003] d..2.   707.800961: sched_switch: prev_comm=swapper/3 prev_pid=0 prev_prio=120 prev_state=R ==> next_comm=su next_pid=1030 next_prio=120
          <idle>-0       [001] d..2.   707.803355: sched_switch: prev_comm=swapper/1 prev_pid=0 prev_prio=120 prev_state=R ==> next_comm=rcu_preempt next_pid=16 next_prio=120
     rcu_preempt-16      [001] d..2.   707.803398: sched_switch: prev_comm=rcu_preempt prev_pid=16 prev_prio=120 prev_state=I ==> next_comm=swapper/1 next_pid=0 next_prio=120
          <idle>-0       [001] d..2.   707.803641: sched_switch: prev_comm=swapper/1 prev_pid=0 prev_prio=120 prev_state=R ==> next_comm=systemd-journal next_pid=116 next_prio=120
 systemd-journal-116     [001] d..2.   707.806397: sched_switch: prev_comm=systemd-journal prev_pid=116 prev_prio=120 prev_state=R ==> next_comm=kworker/1:1 next_pid=45 next_prio=120
     kworker/1:1-45      [001] d..2.   707.806485: sched_switch: prev_comm=kworker/1:1 prev_pid=45 prev_prio=120 prev_state=I ==> next_comm=systemd-journal next_pid=116 next_prio=120
 systemd-journal-116     [001] d..2.   707.809550: sched_switch: prev_comm=systemd-journal prev_pid=116 prev_prio=120 prev_state=R ==> next_comm=rcu_preempt next_pid=16 next_prio=120
     rcu_preempt-16      [001] d..2.   707.810235: sched_switch: prev_comm=rcu_preempt prev_pid=16 prev_prio=120 prev_state=I ==> next_comm=systemd-journal next_pid=116 next_prio=120
 systemd-journal-116     [001] d..2.   707.813415: sched_switch: prev_comm=systemd-journal prev_pid=116 prev_prio=120 prev_state=R ==> next_comm=rcu_preempt next_pid=16 next_prio=120
     rcu_preempt-16      [001] d..2.   707.813505: sched_switch: prev_comm=rcu_preempt prev_pid=16 prev_prio=120 prev_state=I ==> next_comm=systemd-journal next_pid=116 next_prio=120
 systemd-journal-116     [001] d..2.   707.816373: sched_switch: prev_comm=systemd-journal prev_pid=116 prev_prio=120 prev_state=S ==> next_comm=swapper/1 next_pid=0 next_prio=120
          <idle>-0       [001] d..2.   707.817409: sched_switch: prev_comm=swapper/1 prev_pid=0 prev_prio=120 prev_state=R ==> next_comm=rcu_preempt next_pid=16 next_prio=120
     rcu_preempt-16      [001] d..2.   707.817469: sched_switch: prev_comm=rcu_preempt prev_pid=16 prev_prio=120 prev_state=I ==> next_comm=swapper/1 next_pid=0 next_prio=120
          <idle>-0       [001] d..2.   707.818693: sched_switch: prev_comm=swapper/1 prev_pid=0 prev_prio=120 prev_state=R ==> next_comm=systemd-journal next_pid=116 next_prio=120
 systemd-journal-116     [001] d..2.   707.819987: sched_switch: prev_comm=systemd-journal prev_pid=116 prev_prio=120 prev_state=S ==> next_comm=swapper/1 next_pid=0 next_prio=120
          <idle>-0       [001] d..2.   707.821355: sched_switch: prev_comm=swapper/1 prev_pid=0 prev_prio=120 prev_state=R ==> next_comm=rcu_preempt next_pid=16 next_prio=120
     rcu_preempt-16      [001] d..2.   707.821406: sched_switch: prev_comm=rcu_preempt prev_pid=16 prev_prio=120 prev_state=I ==> next_comm=swapper/1 next_pid=0 next_prio=120
          <idle>-0       [001] d..2.   707.825345: sched_switch: prev_comm=swapper/1 prev_pid=0 prev_prio=120 prev_state=R ==> next_comm=rcu_preempt next_pid=16 next_prio=120
     rcu_preempt-16      [001] d..2.   707.825374: sched_switch: prev_comm=rcu_preempt prev_pid=16 prev_prio=120 prev_state=I ==> next_comm=swapper/1 next_pid=0 next_prio=120
          <idle>-0       [001] d..2.   707.826408: sched_switch: prev_comm=swapper/1 prev_pid=0 prev_prio=120 prev_state=R ==> next_comm=rcu_preempt next_pid=16 next_prio=120
     rcu_preempt-16      [001] d..2.   707.826447: sched_switch: prev_comm=rcu_preempt prev_pid=16 prev_prio=120 prev_state=I ==> next_comm=swapper/1 next_pid=0 next_prio=120
          <idle>-0       [001] d..2.   707.828410: sched_switch: prev_comm=swapper/1 prev_pid=0 prev_prio=120 prev_state=R ==> next_comm=rcu_preempt next_pid=16 next_prio=120
     rcu_preempt-16      [001] d..2.   707.828444: sched_switch: prev_comm=rcu_preempt prev_pid=16 prev_prio=120 prev_state=I ==> next_comm=swapper/1 next_pid=0 next_prio=120
              su-1030    [003] d..2.   707.835139: sched_switch: prev_comm=su prev_pid=1030 prev_prio=120 prev_state=S ==> next_comm=swapper/3 next_pid=0 next_prio=120
          <idle>-0       [003] d..2.   707.842538: sched_switch: prev_comm=swapper/3 prev_pid=0 prev_prio=120 prev_state=R ==> next_comm=su next_pid=1030 next_prio=120
          <idle>-0       [001] d..2.   707.845392: sched_switch: prev_comm=swapper/1 prev_pid=0 prev_prio=120 prev_state=R ==> next_comm=rcu_preempt next_pid=16 next_prio=120
     rcu_preempt-16      [001] d..2.   707.845449: sched_switch: prev_comm=rcu_preempt prev_pid=16 prev_prio=120 prev_state=I ==> next_comm=swapper/1 next_pid=0 next_prio=120
          <idle>-0       [001] d..2.   707.849388: sched_switch: prev_comm=swapper/1 prev_pid=0 prev_prio=120 prev_state=R ==> next_comm=rcu_preempt next_pid=16 next_prio=120
     rcu_preempt-16      [001] d..2.   707.849423: sched_switch: prev_comm=rcu_preempt prev_pid=16 prev_prio=120 prev_state=I ==> next_comm=swapper/1 next_pid=0 next_prio=120
          <idle>-0       [001] d..2.   707.853398: sched_switch: prev_comm=swapper/1 prev_pid=0 prev_prio=120 prev_state=R ==> next_comm=rcu_preempt next_pid=16 next_prio=120
     rcu_preempt-16      [001] d..2.   707.853449: sched_switch: prev_comm=rcu_preempt prev_pid=16 prev_prio=120 prev_state=I ==> next_comm=swapper/1 next_pid=0 next_prio=120
          <idle>-0       [001] d..2.   707.857383: sched_switch: prev_comm=swapper/1 prev_pid=0 prev_prio=120 prev_state=R ==> next_comm=rcu_preempt next_pid=16 next_prio=120
     rcu_preempt-16      [001] d..2.   707.857413: sched_switch: prev_comm=rcu_preempt prev_pid=16 prev_prio=120 prev_state=I ==> next_comm=swapper/1 next_pid=0 next_prio=120
          <idle>-0       [001] d..2.   707.857810: sched_switch: prev_comm=swapper/1 prev_pid=0 prev_prio=120 prev_state=R ==> next_comm=dbus-daemon next_pid=215 next_prio=120
     dbus-daemon-215     [001] d..2.   707.860376: sched_switch: prev_comm=dbus-daemon prev_pid=215 prev_prio=120 prev_state=R ==> next_comm=rcu_preempt next_pid=16 next_prio=120
     rcu_preempt-16      [001] d..2.   707.860463: sched_switch: prev_comm=rcu_preempt prev_pid=16 prev_prio=120 prev_state=I ==> next_comm=dbus-daemon next_pid=215 next_prio=120
     dbus-daemon-215     [001] d..2.   707.864406: sched_switch: prev_comm=dbus-daemon prev_pid=215 prev_prio=120 prev_state=R ==> next_comm=rcu_preempt next_pid=16 next_prio=120
     rcu_preempt-16      [001] d..2.   707.864463: sched_switch: prev_comm=rcu_preempt prev_pid=16 prev_prio=120 prev_state=I ==> next_comm=dbus-daemon next_pid=215 next_prio=120
              su-1030    [003] d..2.   707.866890: sched_switch: prev_comm=su prev_pid=1030 prev_prio=120 prev_state=S ==> next_comm=swapper/3 next_pid=0 next_prio=120
          <idle>-0       [003] d..2.   707.871588: sched_switch: prev_comm=swapper/3 prev_pid=0 prev_prio=120 prev_state=R ==> next_comm=su next_pid=1030 next_prio=120
     dbus-daemon-215     [001] d..2.   707.872444: sched_switch: prev_comm=dbus-daemon prev_pid=215 prev_prio=120 prev_state=S ==> next_comm=swapper/1 next_pid=0 next_prio=120
          <idle>-0       [001] d..2.   707.872709: sched_switch: prev_comm=swapper/1 prev_pid=0 prev_prio=120 prev_state=R ==> next_comm=dbus-daemon next_pid=215 next_prio=120
              su-1030    [003] d..2.   707.873242: sched_switch: prev_comm=su prev_pid=1030 prev_prio=120 prev_state=S ==> next_comm=swapper/3 next_pid=0 next_prio=120
          <idle>-0       [003] d..2.   707.886022: sched_switch: prev_comm=swapper/3 prev_pid=0 prev_prio=120 prev_state=R ==> next_comm=su next_pid=1030 next_prio=120
     dbus-daemon-215     [001] d..2.   707.887800: sched_switch: prev_comm=dbus-daemon prev_pid=215 prev_prio=120 prev_state=S ==> next_comm=swapper/1 next_pid=0 next_prio=120
          <idle>-0       [001] d..2.   707.889699: sched_switch: prev_comm=swapper/1 prev_pid=0 prev_prio=120 prev_state=R ==> next_comm=dbus-daemon next_pid=215 next_prio=120
              su-1030    [003] d..2.   707.890047: sched_switch: prev_comm=su prev_pid=1030 prev_prio=120 prev_state=S ==> next_comm=swapper/3 next_pid=0 next_prio=120
          <idle>-0       [003] d..2.   707.891769: sched_switch: prev_comm=swapper/3 prev_pid=0 prev_prio=120 prev_state=R ==> next_comm=systemd-logind next_pid=219 next_prio=120
     dbus-daemon-215     [001] d..2.   707.892256: sched_switch: prev_comm=dbus-daemon prev_pid=215 prev_prio=120 prev_state=S ==> next_comm=swapper/1 next_pid=0 next_prio=120
          <idle>-0       [001] d..2.   707.893621: sched_switch: prev_comm=swapper/1 prev_pid=0 prev_prio=120 prev_state=R ==> next_comm=dbus-daemon next_pid=215 next_prio=120
  systemd-logind-219     [003] d..2.   707.894225: sched_switch: prev_comm=systemd-logind prev_pid=219 prev_prio=120 prev_state=S ==> next_comm=swapper/3 next_pid=0 next_prio=120
     dbus-daemon-215     [001] d..2.   707.894935: sched_switch: prev_comm=dbus-daemon prev_pid=215 prev_prio=120 prev_state=S ==> next_comm=swapper/1 next_pid=0 next_prio=120
          <idle>-0       [003] d..2.   707.894950: sched_switch: prev_comm=swapper/3 prev_pid=0 prev_prio=120 prev_state=R ==> next_comm=systemd-logind next_pid=219 next_prio=120
          <idle>-0       [001] d..2.   707.904939: sched_switch: prev_comm=swapper/1 prev_pid=0 prev_prio=120 prev_state=R ==> next_comm=dbus-daemon next_pid=215 next_prio=120
     dbus-daemon-215     [001] d..2.   707.905556: sched_switch: prev_comm=dbus-daemon prev_pid=215 prev_prio=120 prev_state=S ==> next_comm=swapper/1 next_pid=0 next_prio=120
  systemd-logind-219     [003] d..2.   707.906141: sched_switch: prev_comm=systemd-logind prev_pid=219 prev_prio=120 prev_state=S ==> next_comm=swapper/3 next_pid=0 next_prio=120
          <idle>-0       [001] d..2.   707.906160: sched_switch: prev_comm=swapper/1 prev_pid=0 prev_prio=120 prev_state=R ==> next_comm=dbus-daemon next_pid=215 next_prio=120
