# tracer: nop
#
# entries-in-buffer/entries-written: 663/663   #P:4
#
#                                _-----=> irqs-off/BH-disabled
#                               / _----=> need-resched
#                              | / _---=> hardirq/softirq
#                              || / _--=> preempt-depth
#                              ||| / _-=> migrate-disable
#                              |||| /     delay
#           TASK-PID     CPU#  |||||  TIMESTAMP  FUNCTION
#              | |         |   |||||     |         |
          <idle>-0       [001] d..2.   445.088334: sched_switch: prev_comm=swapper/1 prev_pid=0 prev_prio=120 prev_state=R ==> next_comm=test.001.sh next_pid=512 next_prio=120
              su-512     [001] d..2.   445.089157: sched_switch: prev_comm=test.001.sh prev_pid=512 prev_prio=120 prev_state=R ==> next_comm=rcu_preempt next_pid=16 next_prio=120
     rcu_preempt-16      [001] d..2.   445.089210: sched_switch: prev_comm=rcu_preempt prev_pid=16 prev_prio=120 prev_state=I ==> next_comm=test.001.sh next_pid=512 next_prio=120
     test.001.sh-509     [003] d..2.   445.089599: sched_switch: prev_comm=test.001.sh prev_pid=509 prev_prio=120 prev_state=R ==> next_comm=test.001.sh next_pid=513 next_prio=120
              su-512     [001] d..2.   445.091130: sched_switch: prev_comm=test.001.sh prev_pid=512 prev_prio=120 prev_state=R+ ==> next_comm=kworker/1:1H next_pid=74 next_prio=100
    kworker/1:1H-74      [001] d..2.   445.091170: sched_switch: prev_comm=kworker/1:1H prev_pid=74 prev_prio=100 prev_state=I ==> next_comm=test.001.sh next_pid=512 next_prio=120
              su-512     [001] d..2.   445.091212: sched_switch: prev_comm=test.001.sh prev_pid=512 prev_prio=120 prev_state=D ==> next_comm=swapper/1 next_pid=0 next_prio=120
     test.001.sh-513     [003] d..2.   445.091437: sched_switch: prev_comm=test.001.sh prev_pid=513 prev_prio=120 prev_state=R ==> next_comm=test.001.sh next_pid=509 next_prio=120
          <idle>-0       [001] d..2.   445.092054: sched_switch: prev_comm=swapper/1 prev_pid=0 prev_prio=120 prev_state=R ==> next_comm=test.001.sh next_pid=513 next_prio=120
     test.001.sh-509     [003] d..2.   445.092081: sched_switch: prev_comm=test.001.sh prev_pid=509 prev_prio=120 prev_state=R ==> next_comm=kworker/3:0 next_pid=498 next_prio=120
     test.001.sh-513     [001] d..2.   445.092443: sched_switch: prev_comm=test.001.sh prev_pid=513 prev_prio=120 prev_state=D ==> next_comm=swapper/1 next_pid=0 next_prio=120
     kworker/3:0-498     [003] d..2.   445.092532: sched_switch: prev_comm=kworker/3:0 prev_pid=498 prev_prio=120 prev_state=I ==> next_comm=test.001.sh next_pid=509 next_prio=120
          <idle>-0       [001] d..2.   445.093551: sched_switch: prev_comm=swapper/1 prev_pid=0 prev_prio=120 prev_state=R ==> next_comm=test.001.sh next_pid=514 next_prio=120
     test.001.sh-509     [003] d..2.   445.093779: sched_switch: prev_comm=test.001.sh prev_pid=509 prev_prio=120 prev_state=S ==> next_comm=swapper/3 next_pid=0 next_prio=120
          <idle>-0       [003] d..2.   445.097005: sched_switch: prev_comm=swapper/3 prev_pid=0 prev_prio=120 prev_state=R ==> next_comm=test.001.sh next_pid=512 next_prio=120
              su-512     [003] d..2.   445.098289: sched_switch: prev_comm=su prev_pid=512 prev_prio=120 prev_state=D ==> next_comm=swapper/3 next_pid=0 next_prio=120
          <idle>-0       [003] d..2.   445.098819: sched_switch: prev_comm=swapper/3 prev_pid=0 prev_prio=120 prev_state=R ==> next_comm=su next_pid=512 next_prio=120
              su-512     [003] d..2.   445.098930: sched_switch: prev_comm=su prev_pid=512 prev_prio=120 prev_state=R+ ==> next_comm=rcu_preempt next_pid=16 next_prio=120
     rcu_preempt-16      [003] d..2.   445.098968: sched_switch: prev_comm=rcu_preempt prev_pid=16 prev_prio=120 prev_state=I ==> next_comm=su next_pid=512 next_prio=120
              su-512     [003] d..2.   445.101009: sched_switch: prev_comm=su prev_pid=512 prev_prio=120 prev_state=R ==> next_comm=rcu_preempt next_pid=16 next_prio=120
     rcu_preempt-16      [003] d..2.   445.101065: sched_switch: prev_comm=rcu_preempt prev_pid=16 prev_prio=120 prev_state=I ==> next_comm=su next_pid=512 next_prio=120
              su-512     [003] d..2.   445.102946: sched_switch: prev_comm=su prev_pid=512 prev_prio=120 prev_state=R ==> next_comm=rcu_preempt next_pid=16 next_prio=120
     rcu_preempt-16      [003] d..2.   445.102988: sched_switch: prev_comm=rcu_preempt prev_pid=16 prev_prio=120 prev_state=I ==> next_comm=su next_pid=512 next_prio=120
              su-512     [003] d..2.   445.104940: sched_switch: prev_comm=su prev_pid=512 prev_prio=120 prev_state=R ==> next_comm=rcu_preempt next_pid=16 next_prio=120
     rcu_preempt-16      [003] d..2.   445.104983: sched_switch: prev_comm=rcu_preempt prev_pid=16 prev_prio=120 prev_state=I ==> next_comm=su next_pid=512 next_prio=120
              su-512     [003] d..2.   445.106937: sched_switch: prev_comm=su prev_pid=512 prev_prio=120 prev_state=R ==> next_comm=rcu_preempt next_pid=16 next_prio=120
     rcu_preempt-16      [003] d..2.   445.106981: sched_switch: prev_comm=rcu_preempt prev_pid=16 prev_prio=120 prev_state=I ==> next_comm=su next_pid=512 next_prio=120
              su-512     [003] d..2.   445.108989: sched_switch: prev_comm=su prev_pid=512 prev_prio=120 prev_state=R+ ==> next_comm=rcu_preempt next_pid=16 next_prio=120
     rcu_preempt-16      [003] d..2.   445.109025: sched_switch: prev_comm=rcu_preempt prev_pid=16 prev_prio=120 prev_state=I ==> next_comm=kworker/3:0 next_pid=498 next_prio=120
     kworker/3:0-498     [003] d..2.   445.109055: sched_switch: prev_comm=kworker/3:0 prev_pid=498 prev_prio=120 prev_state=I ==> next_comm=su next_pid=512 next_prio=120
              su-512     [003] d..2.   445.110971: sched_switch: prev_comm=su prev_pid=512 prev_prio=120 prev_state=R ==> next_comm=rcu_preempt next_pid=16 next_prio=120
     rcu_preempt-16      [003] d..2.   445.111029: sched_switch: prev_comm=rcu_preempt prev_pid=16 prev_prio=120 prev_state=I ==> next_comm=su next_pid=512 next_prio=120
              su-512     [003] d..2.   445.112984: sched_switch: prev_comm=su prev_pid=512 prev_prio=120 prev_state=R ==> next_comm=rcu_preempt next_pid=16 next_prio=120
     rcu_preempt-16      [003] d..2.   445.113034: sched_switch: prev_comm=rcu_preempt prev_pid=16 prev_prio=120 prev_state=I ==> next_comm=su next_pid=512 next_prio=120
              su-512     [003] d..2.   445.113974: sched_switch: prev_comm=su prev_pid=512 prev_prio=120 prev_state=R ==> next_comm=ksoftirqd/3 next_pid=33 next_prio=120
     ksoftirqd/3-33      [003] d..2.   445.114037: sched_switch: prev_comm=ksoftirqd/3 prev_pid=33 prev_prio=120 prev_state=S ==> next_comm=su next_pid=512 next_prio=120
              su-512     [003] d..2.   445.114935: sched_switch: prev_comm=su prev_pid=512 prev_prio=120 prev_state=R ==> next_comm=rcu_preempt next_pid=16 next_prio=120
     rcu_preempt-16      [003] d..2.   445.114971: sched_switch: prev_comm=rcu_preempt prev_pid=16 prev_prio=120 prev_state=I ==> next_comm=su next_pid=512 next_prio=120
           sleep-514     [001] d..2.   445.116598: sched_switch: prev_comm=sleep prev_pid=514 prev_prio=120 prev_state=R ==> next_comm=systemd-logind next_pid=219 next_prio=120
              su-512     [003] d..2.   445.116964: sched_switch: prev_comm=su prev_pid=512 prev_prio=120 prev_state=R ==> next_comm=rcu_preempt next_pid=16 next_prio=120
     rcu_preempt-16      [003] d..2.   445.117008: sched_switch: prev_comm=rcu_preempt prev_pid=16 prev_prio=120 prev_state=I ==> next_comm=su next_pid=512 next_prio=120
  systemd-logind-219     [001] d..2.   445.117614: sched_switch: prev_comm=systemd-logind prev_pid=219 prev_prio=120 prev_state=S ==> next_comm=sleep next_pid=514 next_prio=120
           sleep-514     [001] d..2.   445.118066: sched_switch: prev_comm=sleep prev_pid=514 prev_prio=120 prev_state=R ==> next_comm=systemd-logind next_pid=219 next_prio=120
  systemd-logind-219     [001] d..2.   445.118382: sched_switch: prev_comm=systemd-logind prev_pid=219 prev_prio=120 prev_state=S ==> next_comm=sleep next_pid=514 next_prio=120
              su-512     [003] d..2.   445.119915: sched_switch: prev_comm=su prev_pid=512 prev_prio=120 prev_state=R ==> next_comm=rcu_preempt next_pid=16 next_prio=120
     rcu_preempt-16      [003] d..2.   445.119968: sched_switch: prev_comm=rcu_preempt prev_pid=16 prev_prio=120 prev_state=I ==> next_comm=su next_pid=512 next_prio=120
           sleep-514     [001] d..2.   445.120878: sched_switch: prev_comm=sleep prev_pid=514 prev_prio=120 prev_state=R ==> next_comm=systemd-logind next_pid=219 next_prio=120
  systemd-logind-219     [001] d..2.   445.121280: sched_switch: prev_comm=systemd-logind prev_pid=219 prev_prio=120 prev_state=S ==> next_comm=sleep next_pid=514 next_prio=120
           sleep-514     [001] d..2.   445.121399: sched_switch: prev_comm=sleep prev_pid=514 prev_prio=120 prev_state=R ==> next_comm=systemd-logind next_pid=219 next_prio=120
  systemd-logind-219     [001] d..2.   445.121594: sched_switch: prev_comm=systemd-logind prev_pid=219 prev_prio=120 prev_state=S ==> next_comm=sleep next_pid=514 next_prio=120
           sleep-514     [001] d..2.   445.122277: sched_switch: prev_comm=sleep prev_pid=514 prev_prio=120 prev_state=R ==> next_comm=systemd-logind next_pid=219 next_prio=120
  systemd-logind-219     [001] d..2.   445.122509: sched_switch: prev_comm=systemd-logind prev_pid=219 prev_prio=120 prev_state=S ==> next_comm=sleep next_pid=514 next_prio=120
              su-512     [003] d..2.   445.122941: sched_switch: prev_comm=su prev_pid=512 prev_prio=120 prev_state=R ==> next_comm=rcu_preempt next_pid=16 next_prio=120
     rcu_preempt-16      [003] d..2.   445.122990: sched_switch: prev_comm=rcu_preempt prev_pid=16 prev_prio=120 prev_state=I ==> next_comm=su next_pid=512 next_prio=120
           sleep-514     [001] d..2.   445.125526: sched_switch: prev_comm=sleep prev_pid=514 prev_prio=120 prev_state=R ==> next_comm=systemd-logind next_pid=219 next_prio=120
  systemd-logind-219     [001] d..2.   445.125756: sched_switch: prev_comm=systemd-logind prev_pid=219 prev_prio=120 prev_state=S ==> next_comm=sleep next_pid=514 next_prio=120
           sleep-514     [001] d..2.   445.125824: sched_switch: prev_comm=sleep prev_pid=514 prev_prio=120 prev_state=R ==> next_comm=systemd-logind next_pid=219 next_prio=120
              su-512     [003] d..2.   445.125948: sched_switch: prev_comm=su prev_pid=512 prev_prio=120 prev_state=R ==> next_comm=rcu_preempt next_pid=16 next_prio=120
     rcu_preempt-16      [003] d..2.   445.125994: sched_switch: prev_comm=rcu_preempt prev_pid=16 prev_prio=120 prev_state=I ==> next_comm=su next_pid=512 next_prio=120
  systemd-logind-219     [001] d..2.   445.126266: sched_switch: prev_comm=systemd-logind prev_pid=219 prev_prio=120 prev_state=S ==> next_comm=sleep next_pid=514 next_prio=120
           sleep-514     [001] d..2.   445.127033: sched_switch: prev_comm=sleep prev_pid=514 prev_prio=120 prev_state=R ==> next_comm=systemd-logind next_pid=219 next_prio=120
  systemd-logind-219     [001] d..2.   445.127339: sched_switch: prev_comm=systemd-logind prev_pid=219 prev_prio=120 prev_state=S ==> next_comm=sleep next_pid=514 next_prio=120
           sleep-514     [001] d..2.   445.128994: sched_switch: prev_comm=sleep prev_pid=514 prev_prio=120 prev_state=S ==> next_comm=swapper/1 next_pid=0 next_prio=120
          <idle>-0       [001] d..2.   445.130005: sched_switch: prev_comm=swapper/1 prev_pid=0 prev_prio=120 prev_state=R ==> next_comm=rcu_preempt next_pid=16 next_prio=120
     rcu_preempt-16      [001] d..2.   445.130061: sched_switch: prev_comm=rcu_preempt prev_pid=16 prev_prio=120 prev_state=I ==> next_comm=swapper/1 next_pid=0 next_prio=120
          <idle>-0       [001] d..2.   445.134020: sched_switch: prev_comm=swapper/1 prev_pid=0 prev_prio=120 prev_state=R ==> next_comm=rcu_preempt next_pid=16 next_prio=120
     rcu_preempt-16      [001] d..2.   445.134073: sched_switch: prev_comm=rcu_preempt prev_pid=16 prev_prio=120 prev_state=I ==> next_comm=swapper/1 next_pid=0 next_prio=120
          <idle>-0       [001] d..2.   445.137972: sched_switch: prev_comm=swapper/1 prev_pid=0 prev_prio=120 prev_state=R ==> next_comm=rcu_preempt next_pid=16 next_prio=120
     rcu_preempt-16      [001] d..2.   445.137987: sched_switch: prev_comm=rcu_preempt prev_pid=16 prev_prio=120 prev_state=I ==> next_comm=swapper/1 next_pid=0 next_prio=120
              su-512     [003] d..2.   445.141565: sched_switch: prev_comm=su prev_pid=512 prev_prio=120 prev_state=Z ==> next_comm=swapper/3 next_pid=0 next_prio=120
          <idle>-0       [001] d..2.   445.141951: sched_switch: prev_comm=swapper/1 prev_pid=0 prev_prio=120 prev_state=R ==> next_comm=rcu_preempt next_pid=16 next_prio=120
     rcu_preempt-16      [001] d..2.   445.141982: sched_switch: prev_comm=rcu_preempt prev_pid=16 prev_prio=120 prev_state=I ==> next_comm=swapper/1 next_pid=0 next_prio=120
          <idle>-0       [001] d..2.   445.145977: sched_switch: prev_comm=swapper/1 prev_pid=0 prev_prio=120 prev_state=R ==> next_comm=rcu_preempt next_pid=16 next_prio=120
     rcu_preempt-16      [001] d..2.   445.145989: sched_switch: prev_comm=rcu_preempt prev_pid=16 prev_prio=120 prev_state=I ==> next_comm=swapper/1 next_pid=0 next_prio=120
          <idle>-0       [001] d..2.   445.150065: sched_switch: prev_comm=swapper/1 prev_pid=0 prev_prio=120 prev_state=R ==> next_comm=rcu_preempt next_pid=16 next_prio=120
     rcu_preempt-16      [001] d..2.   445.150098: sched_switch: prev_comm=rcu_preempt prev_pid=16 prev_prio=120 prev_state=I ==> next_comm=swapper/1 next_pid=0 next_prio=120
          <idle>-0       [001] d..2.   445.154049: sched_switch: prev_comm=swapper/1 prev_pid=0 prev_prio=120 prev_state=R ==> next_comm=rcu_preempt next_pid=16 next_prio=120
     rcu_preempt-16      [001] d..2.   445.154073: sched_switch: prev_comm=rcu_preempt prev_pid=16 prev_prio=120 prev_state=I ==> next_comm=swapper/1 next_pid=0 next_prio=120
          <idle>-0       [001] d..2.   445.158111: sched_switch: prev_comm=swapper/1 prev_pid=0 prev_prio=120 prev_state=R ==> next_comm=rcu_preempt next_pid=16 next_prio=120
     rcu_preempt-16      [001] d..2.   445.158151: sched_switch: prev_comm=rcu_preempt prev_pid=16 prev_prio=120 prev_state=I ==> next_comm=swapper/1 next_pid=0 next_prio=120
          <idle>-0       [001] d..2.   445.162079: sched_switch: prev_comm=swapper/1 prev_pid=0 prev_prio=120 prev_state=R ==> next_comm=rcu_preempt next_pid=16 next_prio=120
     rcu_preempt-16      [001] d..2.   445.162103: sched_switch: prev_comm=rcu_preempt prev_pid=16 prev_prio=120 prev_state=I ==> next_comm=swapper/1 next_pid=0 next_prio=120
          <idle>-0       [001] d..2.   445.166012: sched_switch: prev_comm=swapper/1 prev_pid=0 prev_prio=120 prev_state=R ==> next_comm=rcu_preempt next_pid=16 next_prio=120
     rcu_preempt-16      [001] d..2.   445.166038: sched_switch: prev_comm=rcu_preempt prev_pid=16 prev_prio=120 prev_state=I ==> next_comm=swapper/1 next_pid=0 next_prio=120
          <idle>-0       [001] d..2.   445.170004: sched_switch: prev_comm=swapper/1 prev_pid=0 prev_prio=120 prev_state=R ==> next_comm=rcu_preempt next_pid=16 next_prio=120
     rcu_preempt-16      [001] d..2.   445.170017: sched_switch: prev_comm=rcu_preempt prev_pid=16 prev_prio=120 prev_state=I ==> next_comm=swapper/1 next_pid=0 next_prio=120
          <idle>-0       [001] d..2.   445.173958: sched_switch: prev_comm=swapper/1 prev_pid=0 prev_prio=120 prev_state=R ==> next_comm=rcu_preempt next_pid=16 next_prio=120
     rcu_preempt-16      [001] d..2.   445.173975: sched_switch: prev_comm=rcu_preempt prev_pid=16 prev_prio=120 prev_state=I ==> next_comm=swapper/1 next_pid=0 next_prio=120
          <idle>-0       [001] d..2.   445.176022: sched_switch: prev_comm=swapper/1 prev_pid=0 prev_prio=120 prev_state=R ==> next_comm=rcu_preempt next_pid=16 next_prio=120
     rcu_preempt-16      [001] d..2.   445.176040: sched_switch: prev_comm=rcu_preempt prev_pid=16 prev_prio=120 prev_state=I ==> next_comm=swapper/1 next_pid=0 next_prio=120
          <idle>-0       [001] d..2.   445.179966: sched_switch: prev_comm=swapper/1 prev_pid=0 prev_prio=120 prev_state=R ==> next_comm=rcu_preempt next_pid=16 next_prio=120
     rcu_preempt-16      [001] d..2.   445.179989: sched_switch: prev_comm=rcu_preempt prev_pid=16 prev_prio=120 prev_state=I ==> next_comm=swapper/1 next_pid=0 next_prio=120
          <idle>-0       [001] d..2.   445.183973: sched_switch: prev_comm=swapper/1 prev_pid=0 prev_prio=120 prev_state=R ==> next_comm=rcu_preempt next_pid=16 next_prio=120
     rcu_preempt-16      [001] d..2.   445.184012: sched_switch: prev_comm=rcu_preempt prev_pid=16 prev_prio=120 prev_state=I ==> next_comm=swapper/1 next_pid=0 next_prio=120
          <idle>-0       [001] d..2.   445.285747: sched_switch: prev_comm=swapper/1 prev_pid=0 prev_prio=120 prev_state=R ==> next_comm=kcompactd0 next_pid=42 next_prio=120
      kcompactd0-42      [001] d..2.   445.285915: sched_switch: prev_comm=kcompactd0 prev_pid=42 prev_prio=120 prev_state=S ==> next_comm=swapper/1 next_pid=0 next_prio=120
          <idle>-0       [001] d..2.   445.789872: sched_switch: prev_comm=swapper/1 prev_pid=0 prev_prio=120 prev_state=R ==> next_comm=kcompactd0 next_pid=42 next_prio=120
      kcompactd0-42      [001] d..2.   445.791644: sched_switch: prev_comm=kcompactd0 prev_pid=42 prev_prio=120 prev_state=S ==> next_comm=swapper/1 next_pid=0 next_prio=120
          <idle>-0       [001] d..2.   445.813645: sched_switch: prev_comm=swapper/1 prev_pid=0 prev_prio=120 prev_state=R ==> next_comm=kworker/1:1 next_pid=45 next_prio=120
     kworker/1:1-45      [001] d..2.   445.814278: sched_switch: prev_comm=kworker/1:1 prev_pid=45 prev_prio=120 prev_state=D ==> next_comm=kworker/1:0 next_pid=495 next_prio=120
     kworker/1:0-495     [001] d..2.   445.814507: sched_switch: prev_comm=kworker/1:0 prev_pid=495 prev_prio=120 prev_state=I ==> next_comm=swapper/1 next_pid=0 next_prio=120
          <idle>-0       [001] d..2.   445.814922: sched_switch: prev_comm=swapper/1 prev_pid=0 prev_prio=120 prev_state=R ==> next_comm=kworker/1:1 next_pid=45 next_prio=120
     kworker/1:1-45      [001] d..2.   445.815162: sched_switch: prev_comm=kworker/1:1 prev_pid=45 prev_prio=120 prev_state=I ==> next_comm=swapper/1 next_pid=0 next_prio=120
          <idle>-0       [001] d..2.   445.941833: sched_switch: prev_comm=swapper/1 prev_pid=0 prev_prio=120 prev_state=R ==> next_comm=kworker/1:1 next_pid=45 next_prio=120
          <idle>-0       [003] d..2.   445.941833: sched_switch: prev_comm=swapper/3 prev_pid=0 prev_prio=120 prev_state=R ==> next_comm=kworker/3:0 next_pid=498 next_prio=120
     kworker/3:0-498     [003] d..2.   445.942241: sched_switch: prev_comm=kworker/3:0 prev_pid=498 prev_prio=120 prev_state=I ==> next_comm=swapper/3 next_pid=0 next_prio=120
     kworker/1:1-45      [001] d..2.   445.942852: sched_switch: prev_comm=kworker/1:1 prev_pid=45 prev_prio=120 prev_state=I ==> next_comm=swapper/1 next_pid=0 next_prio=120
          <idle>-0       [001] d..2.   446.133953: sched_switch: prev_comm=swapper/1 prev_pid=0 prev_prio=120 prev_state=R ==> next_comm=kworker/1:1H next_pid=74 next_prio=100
    kworker/1:1H-74      [001] d..2.   446.134244: sched_switch: prev_comm=kworker/1:1H prev_pid=74 prev_prio=100 prev_state=I ==> next_comm=swapper/1 next_pid=0 next_prio=120
          <idle>-0       [003] d..2.   446.147427: sched_switch: prev_comm=swapper/3 prev_pid=0 prev_prio=120 prev_state=R ==> next_comm=kworker/u16:4 next_pid=491 next_prio=120
   kworker/u16:4-491     [003] d..2.   446.147544: sched_switch: prev_comm=kworker/u16:4 prev_pid=491 prev_prio=120 prev_state=I ==> next_comm=swapper/3 next_pid=0 next_prio=120
          <idle>-0       [001] d..2.   446.293872: sched_switch: prev_comm=swapper/1 prev_pid=0 prev_prio=120 prev_state=R ==> next_comm=kcompactd0 next_pid=42 next_prio=120
      kcompactd0-42      [001] d..2.   446.294349: sched_switch: prev_comm=kcompactd0 prev_pid=42 prev_prio=120 prev_state=S ==> next_comm=swapper/1 next_pid=0 next_prio=120
          <idle>-0       [001] d..2.   446.797832: sched_switch: prev_comm=swapper/1 prev_pid=0 prev_prio=120 prev_state=R ==> next_comm=kcompactd0 next_pid=42 next_prio=120
      kcompactd0-42      [001] d..2.   446.798096: sched_switch: prev_comm=kcompactd0 prev_pid=42 prev_prio=120 prev_state=S ==> next_comm=swapper/1 next_pid=0 next_prio=120
          <idle>-0       [001] d..2.   447.008739: sched_switch: prev_comm=swapper/1 prev_pid=0 prev_prio=120 prev_state=R ==> next_comm=unattended-upgr next_pid=240 next_prio=120
 unattended-upgr-240     [001] d..2.   447.011082: sched_switch: prev_comm=unattended-upgr prev_pid=240 prev_prio=120 prev_state=R ==> next_comm=kworker/1:1 next_pid=45 next_prio=120
     kworker/1:1-45      [001] d..2.   447.011474: sched_switch: prev_comm=kworker/1:1 prev_pid=45 prev_prio=120 prev_state=I ==> next_comm=unattended-upgr next_pid=240 next_prio=120
 unattended-upgr-240     [001] d..2.   447.012900: sched_switch: prev_comm=unattended-upgr prev_pid=240 prev_prio=120 prev_state=S ==> next_comm=swapper/1 next_pid=0 next_prio=120
          <idle>-0       [001] d..2.   447.016476: sched_switch: prev_comm=swapper/1 prev_pid=0 prev_prio=120 prev_state=R ==> next_comm=systemd-logind next_pid=219 next_prio=120
  systemd-logind-219     [001] d..2.   447.018300: sched_switch: prev_comm=systemd-logind prev_pid=219 prev_prio=120 prev_state=S ==> next_comm=swapper/1 next_pid=0 next_prio=120
          <idle>-0       [001] d..2.   447.019694: sched_switch: prev_comm=swapper/1 prev_pid=0 prev_prio=120 prev_state=R ==> next_comm=unattended-upgr next_pid=240 next_prio=120
 unattended-upgr-240     [001] d..2.   447.021631: sched_switch: prev_comm=unattended-upgr prev_pid=240 prev_prio=120 prev_state=S ==> next_comm=swapper/1 next_pid=0 next_prio=120
          <idle>-0       [001] d..2.   447.301969: sched_switch: prev_comm=swapper/1 prev_pid=0 prev_prio=120 prev_state=R ==> next_comm=kcompactd0 next_pid=42 next_prio=120
      kcompactd0-42      [001] d..2.   447.302240: sched_switch: prev_comm=kcompactd0 prev_pid=42 prev_prio=120 prev_state=S ==> next_comm=swapper/1 next_pid=0 next_prio=120
          <idle>-0       [003] d..2.   447.805824: sched_switch: prev_comm=swapper/3 prev_pid=0 prev_prio=120 prev_state=R ==> next_comm=kworker/3:0 next_pid=498 next_prio=120
          <idle>-0       [001] d..2.   447.805838: sched_switch: prev_comm=swapper/1 prev_pid=0 prev_prio=120 prev_state=R ==> next_comm=kcompactd0 next_pid=42 next_prio=120
     kworker/3:0-498     [003] d..2.   447.806253: sched_switch: prev_comm=kworker/3:0 prev_pid=498 prev_prio=120 prev_state=I ==> next_comm=swapper/3 next_pid=0 next_prio=120
      kcompactd0-42      [001] d..2.   447.806342: sched_switch: prev_comm=kcompactd0 prev_pid=42 prev_prio=120 prev_state=S ==> next_comm=swapper/1 next_pid=0 next_prio=120
          <idle>-0       [001] d..2.   448.309911: sched_switch: prev_comm=swapper/1 prev_pid=0 prev_prio=120 prev_state=R ==> next_comm=kcompactd0 next_pid=42 next_prio=120
      kcompactd0-42      [001] d..2.   448.310138: sched_switch: prev_comm=kcompactd0 prev_pid=42 prev_prio=120 prev_state=S ==> next_comm=swapper/1 next_pid=0 next_prio=120
          <idle>-0       [001] d..2.   448.310382: sched_switch: prev_comm=swapper/1 prev_pid=0 prev_prio=120 prev_state=R ==> next_comm=kworker/1:1 next_pid=45 next_prio=120
     kworker/1:1-45      [001] d..2.   448.310489: sched_switch: prev_comm=kworker/1:1 prev_pid=45 prev_prio=120 prev_state=I ==> next_comm=swapper/1 next_pid=0 next_prio=120
          <idle>-0       [001] d..2.   448.813950: sched_switch: prev_comm=swapper/1 prev_pid=0 prev_prio=120 prev_state=R ==> next_comm=kcompactd0 next_pid=42 next_prio=120
      kcompactd0-42      [001] d..2.   448.814259: sched_switch: prev_comm=kcompactd0 prev_pid=42 prev_prio=120 prev_state=S ==> next_comm=swapper/1 next_pid=0 next_prio=120
          <idle>-0       [001] d..2.   449.318032: sched_switch: prev_comm=swapper/1 prev_pid=0 prev_prio=120 prev_state=R ==> next_comm=kcompactd0 next_pid=42 next_prio=120
      kcompactd0-42      [001] d..2.   449.318270: sched_switch: prev_comm=kcompactd0 prev_pid=42 prev_prio=120 prev_state=S ==> next_comm=swapper/1 next_pid=0 next_prio=120
          <idle>-0       [001] d..2.   449.821827: sched_switch: prev_comm=swapper/1 prev_pid=0 prev_prio=120 prev_state=R ==> next_comm=kcompactd0 next_pid=42 next_prio=120
          <idle>-0       [003] d..2.   449.821847: sched_switch: prev_comm=swapper/3 prev_pid=0 prev_prio=120 prev_state=R ==> next_comm=kworker/3:0 next_pid=498 next_prio=120
      kcompactd0-42      [001] d..2.   449.822022: sched_switch: prev_comm=kcompactd0 prev_pid=42 prev_prio=120 prev_state=S ==> next_comm=swapper/1 next_pid=0 next_prio=120
     kworker/3:0-498     [003] d..2.   449.822282: sched_switch: prev_comm=kworker/3:0 prev_pid=498 prev_prio=120 prev_state=I ==> next_comm=swapper/3 next_pid=0 next_prio=120
          <idle>-0       [001] d..2.   450.022304: sched_switch: prev_comm=swapper/1 prev_pid=0 prev_prio=120 prev_state=R ==> next_comm=unattended-upgr next_pid=240 next_prio=120
 unattended-upgr-240     [001] d..2.   450.025266: sched_switch: prev_comm=unattended-upgr prev_pid=240 prev_prio=120 prev_state=S ==> next_comm=swapper/1 next_pid=0 next_prio=120
          <idle>-0       [001] d..2.   450.027416: sched_switch: prev_comm=swapper/1 prev_pid=0 prev_prio=120 prev_state=R ==> next_comm=systemd-logind next_pid=219 next_prio=120
  systemd-logind-219     [001] d..2.   450.029213: sched_switch: prev_comm=systemd-logind prev_pid=219 prev_prio=120 prev_state=S ==> next_comm=swapper/1 next_pid=0 next_prio=120
          <idle>-0       [001] d..2.   450.030623: sched_switch: prev_comm=swapper/1 prev_pid=0 prev_prio=120 prev_state=R ==> next_comm=unattended-upgr next_pid=240 next_prio=120
 unattended-upgr-240     [001] d..2.   450.032684: sched_switch: prev_comm=unattended-upgr prev_pid=240 prev_prio=120 prev_state=S ==> next_comm=swapper/1 next_pid=0 next_prio=120
          <idle>-0       [003] d..2.   450.230223: sched_switch: prev_comm=swapper/3 prev_pid=0 prev_prio=120 prev_state=R ==> next_comm=kworker/3:0 next_pid=498 next_prio=120
     kworker/3:0-498     [003] d..2.   450.230396: sched_switch: prev_comm=kworker/3:0 prev_pid=498 prev_prio=120 prev_state=I ==> next_comm=kworker/u16:4 next_pid=491 next_prio=120
   kworker/u16:4-491     [003] d..2.   450.230583: sched_switch: prev_comm=kworker/u16:4 prev_pid=491 prev_prio=120 prev_state=I ==> next_comm=swapper/3 next_pid=0 next_prio=120
          <idle>-0       [001] d..2.   450.325934: sched_switch: prev_comm=swapper/1 prev_pid=0 prev_prio=120 prev_state=R ==> next_comm=kcompactd0 next_pid=42 next_prio=120
      kcompactd0-42      [001] d..2.   450.326190: sched_switch: prev_comm=kcompactd0 prev_pid=42 prev_prio=120 prev_state=S ==> next_comm=swapper/1 next_pid=0 next_prio=120
          <idle>-0       [001] d..2.   450.829807: sched_switch: prev_comm=swapper/1 prev_pid=0 prev_prio=120 prev_state=R ==> next_comm=kcompactd0 next_pid=42 next_prio=120
      kcompactd0-42      [001] d..2.   450.829988: sched_switch: prev_comm=kcompactd0 prev_pid=42 prev_prio=120 prev_state=S ==> next_comm=swapper/1 next_pid=0 next_prio=120
          <idle>-0       [001] d..2.   450.949931: sched_switch: prev_comm=swapper/1 prev_pid=0 prev_prio=120 prev_state=R ==> next_comm=kworker/u16:3 next_pid=64 next_prio=120
   kworker/u16:3-64      [001] d..2.   450.950423: sched_switch: prev_comm=kworker/u16:3 prev_pid=64 prev_prio=120 prev_state=I ==> next_comm=swapper/1 next_pid=0 next_prio=120
          <idle>-0       [001] d..2.   451.333352: sched_switch: prev_comm=swapper/1 prev_pid=0 prev_prio=120 prev_state=R ==> next_comm=kcompactd0 next_pid=42 next_prio=120
      kcompactd0-42      [001] d..2.   451.333421: sched_switch: prev_comm=kcompactd0 prev_pid=42 prev_prio=120 prev_state=S ==> next_comm=swapper/1 next_pid=0 next_prio=120
          <idle>-0       [003] d..2.   451.837954: sched_switch: prev_comm=swapper/3 prev_pid=0 prev_prio=120 prev_state=R ==> next_comm=kworker/3:0 next_pid=498 next_prio=120
          <idle>-0       [001] d..2.   451.837974: sched_switch: prev_comm=swapper/1 prev_pid=0 prev_prio=120 prev_state=R ==> next_comm=kcompactd0 next_pid=42 next_prio=120
      kcompactd0-42      [001] d..2.   451.838212: sched_switch: prev_comm=kcompactd0 prev_pid=42 prev_prio=120 prev_state=S ==> next_comm=swapper/1 next_pid=0 next_prio=120
     kworker/3:0-498     [003] d..2.   451.838230: sched_switch: prev_comm=kworker/3:0 prev_pid=498 prev_prio=120 prev_state=I ==> next_comm=swapper/3 next_pid=0 next_prio=120
          <idle>-0       [001] d..2.   452.085901: sched_switch: prev_comm=swapper/1 prev_pid=0 prev_prio=120 prev_state=R ==> next_comm=kworker/1:1 next_pid=45 next_prio=120
     kworker/1:1-45      [001] d..2.   452.086624: sched_switch: prev_comm=kworker/1:1 prev_pid=45 prev_prio=120 prev_state=I ==> next_comm=swapper/1 next_pid=0 next_prio=120
          <idle>-0       [001] d..2.   452.342223: sched_switch: prev_comm=swapper/1 prev_pid=0 prev_prio=120 prev_state=R ==> next_comm=kcompactd0 next_pid=42 next_prio=120
      kcompactd0-42      [001] d..2.   452.342412: sched_switch: prev_comm=kcompactd0 prev_pid=42 prev_prio=120 prev_state=S ==> next_comm=swapper/1 next_pid=0 next_prio=120
          <idle>-0       [001] d..2.   452.845861: sched_switch: prev_comm=swapper/1 prev_pid=0 prev_prio=120 prev_state=R ==> next_comm=kcompactd0 next_pid=42 next_prio=120
      kcompactd0-42      [001] d..2.   452.846063: sched_switch: prev_comm=kcompactd0 prev_pid=42 prev_prio=120 prev_state=S ==> next_comm=swapper/1 next_pid=0 next_prio=120
          <idle>-0       [001] d..2.   453.033497: sched_switch: prev_comm=swapper/1 prev_pid=0 prev_prio=120 prev_state=R ==> next_comm=unattended-upgr next_pid=240 next_prio=120
 unattended-upgr-240     [001] d..2.   453.036475: sched_switch: prev_comm=unattended-upgr prev_pid=240 prev_prio=120 prev_state=S ==> next_comm=swapper/1 next_pid=0 next_prio=120
          <idle>-0       [001] d..2.   453.038798: sched_switch: prev_comm=swapper/1 prev_pid=0 prev_prio=120 prev_state=R ==> next_comm=systemd-logind next_pid=219 next_prio=120
  systemd-logind-219     [001] d..2.   453.040644: sched_switch: prev_comm=systemd-logind prev_pid=219 prev_prio=120 prev_state=S ==> next_comm=swapper/1 next_pid=0 next_prio=120
          <idle>-0       [001] d..2.   453.042144: sched_switch: prev_comm=swapper/1 prev_pid=0 prev_prio=120 prev_state=R ==> next_comm=unattended-upgr next_pid=240 next_prio=120
 unattended-upgr-240     [001] d..2.   453.044033: sched_switch: prev_comm=unattended-upgr prev_pid=240 prev_prio=120 prev_state=S ==> next_comm=swapper/1 next_pid=0 next_prio=120
          <idle>-0       [001] d..2.   453.349980: sched_switch: prev_comm=swapper/1 prev_pid=0 prev_prio=120 prev_state=R ==> next_comm=kcompactd0 next_pid=42 next_prio=120
      kcompactd0-42      [001] d..2.   453.350217: sched_switch: prev_comm=kcompactd0 prev_pid=42 prev_prio=120 prev_state=S ==> next_comm=swapper/1 next_pid=0 next_prio=120
          <idle>-0       [003] d..2.   453.853954: sched_switch: prev_comm=swapper/3 prev_pid=0 prev_prio=120 prev_state=R ==> next_comm=kworker/3:0 next_pid=498 next_prio=120
          <idle>-0       [001] d..2.   453.853959: sched_switch: prev_comm=swapper/1 prev_pid=0 prev_prio=120 prev_state=R ==> next_comm=kcompactd0 next_pid=42 next_prio=120
      kcompactd0-42      [001] d..2.   453.854258: sched_switch: prev_comm=kcompactd0 prev_pid=42 prev_prio=120 prev_state=S ==> next_comm=swapper/1 next_pid=0 next_prio=120
     kworker/3:0-498     [003] d..2.   453.854429: sched_switch: prev_comm=kworker/3:0 prev_pid=498 prev_prio=120 prev_state=I ==> next_comm=swapper/3 next_pid=0 next_prio=120
          <idle>-0       [001] d..2.   454.357945: sched_switch: prev_comm=swapper/1 prev_pid=0 prev_prio=120 prev_state=R ==> next_comm=kcompactd0 next_pid=42 next_prio=120
      kcompactd0-42      [001] d..2.   454.358315: sched_switch: prev_comm=kcompactd0 prev_pid=42 prev_prio=120 prev_state=S ==> next_comm=swapper/1 next_pid=0 next_prio=120
          <idle>-0       [001] d..2.   454.861809: sched_switch: prev_comm=swapper/1 prev_pid=0 prev_prio=120 prev_state=R ==> next_comm=kcompactd0 next_pid=42 next_prio=120
      kcompactd0-42      [001] d..2.   454.861997: sched_switch: prev_comm=kcompactd0 prev_pid=42 prev_prio=120 prev_state=S ==> next_comm=swapper/1 next_pid=0 next_prio=120
          <idle>-0       [001] d..2.   455.129865: sched_switch: prev_comm=swapper/1 prev_pid=0 prev_prio=120 prev_state=R ==> next_comm=sleep next_pid=514 next_prio=120
           sleep-514     [001] d..2.   455.136500: sched_switch: prev_comm=sleep prev_pid=514 prev_prio=120 prev_state=Z ==> next_comm=swapper/1 next_pid=0 next_prio=120
          <idle>-0       [001] d..2.   455.137001: sched_switch: prev_comm=swapper/1 prev_pid=0 prev_prio=120 prev_state=R ==> next_comm=rcu_preempt next_pid=16 next_prio=120
     rcu_preempt-16      [001] d..2.   455.137063: sched_switch: prev_comm=rcu_preempt prev_pid=16 prev_prio=120 prev_state=I ==> next_comm=swapper/1 next_pid=0 next_prio=120
          <idle>-0       [001] d..2.   553.084147: sched_switch: prev_comm=swapper/1 prev_pid=0 prev_prio=120 prev_state=R ==> next_comm=test.001.sh next_pid=540 next_prio=120
     test.001.sh-537     [003] d..2.   553.087207: sched_switch: prev_comm=test.001.sh prev_pid=537 prev_prio=120 prev_state=S ==> next_comm=swapper/3 next_pid=0 next_prio=120
          <idle>-0       [003] d..2.   553.087601: sched_switch: prev_comm=swapper/3 prev_pid=0 prev_prio=120 prev_state=R ==> next_comm=test.001.sh next_pid=542 next_prio=120
           sleep-542     [003] d..2.   553.121590: sched_switch: prev_comm=sleep prev_pid=542 prev_prio=120 prev_state=S ==> next_comm=swapper/3 next_pid=0 next_prio=120
              su-540     [001] d..2.   553.137947: sched_switch: prev_comm=su prev_pid=540 prev_prio=120 prev_state=D ==> next_comm=swapper/1 next_pid=0 next_prio=120
          <idle>-0       [001] d..2.   553.138321: sched_switch: prev_comm=swapper/1 prev_pid=0 prev_prio=120 prev_state=R ==> next_comm=su next_pid=540 next_prio=120
              su-540     [001] d..2.   553.140426: sched_switch: prev_comm=su prev_pid=540 prev_prio=120 prev_state=D ==> next_comm=swapper/1 next_pid=0 next_prio=120
          <idle>-0       [001] d..2.   553.140918: sched_switch: prev_comm=swapper/1 prev_pid=0 prev_prio=120 prev_state=R ==> next_comm=su next_pid=540 next_prio=120
          <idle>-0       [003] d..2.   553.141183: sched_switch: prev_comm=swapper/3 prev_pid=0 prev_prio=120 prev_state=R ==> next_comm=kcompactd0 next_pid=42 next_prio=120
      kcompactd0-42      [003] d..2.   553.141217: sched_switch: prev_comm=kcompactd0 prev_pid=42 prev_prio=120 prev_state=S ==> next_comm=swapper/3 next_pid=0 next_prio=120
              su-540     [001] d..2.   553.165321: sched_switch: prev_comm=su prev_pid=540 prev_prio=120 prev_state=S ==> next_comm=swapper/1 next_pid=0 next_prio=120
          <idle>-0       [003] d..2.   553.167663: sched_switch: prev_comm=swapper/3 prev_pid=0 prev_prio=120 prev_state=R ==> next_comm=su next_pid=544 next_prio=120
     unix_chkpwd-544     [003] d..2.   553.168234: sched_switch: prev_comm=su prev_pid=544 prev_prio=120 prev_state=R+ ==> next_comm=kworker/3:1 next_pid=46 next_prio=120
     kworker/3:1-46      [003] d..2.   553.168278: sched_switch: prev_comm=kworker/3:1 prev_pid=46 prev_prio=120 prev_state=I ==> next_comm=su next_pid=544 next_prio=120
          <idle>-0       [001] d..2.   553.205692: sched_switch: prev_comm=swapper/1 prev_pid=0 prev_prio=120 prev_state=R ==> next_comm=su next_pid=540 next_prio=120
     unix_chkpwd-544     [003] d..2.   553.206194: sched_switch: prev_comm=unix_chkpwd prev_pid=544 prev_prio=120 prev_state=Z ==> next_comm=swapper/3 next_pid=0 next_prio=120
          <idle>-0       [003] d..2.   553.211829: sched_switch: prev_comm=swapper/3 prev_pid=0 prev_prio=120 prev_state=R ==> next_comm=systemd next_pid=1 next_prio=120
         systemd-1       [003] d..2.   553.212732: sched_switch: prev_comm=systemd prev_pid=1 prev_prio=120 prev_state=S ==> next_comm=swapper/3 next_pid=0 next_prio=120
          <idle>-0       [003] d..2.   553.218183: sched_switch: prev_comm=swapper/3 prev_pid=0 prev_prio=120 prev_state=R ==> next_comm=rcu_preempt next_pid=16 next_prio=120
     rcu_preempt-16      [003] d..2.   553.218231: sched_switch: prev_comm=rcu_preempt prev_pid=16 prev_prio=120 prev_state=I ==> next_comm=swapper/3 next_pid=0 next_prio=120
          <idle>-0       [003] d..2.   553.223144: sched_switch: prev_comm=swapper/3 prev_pid=0 prev_prio=120 prev_state=R ==> next_comm=rcu_preempt next_pid=16 next_prio=120
     rcu_preempt-16      [003] d..2.   553.223184: sched_switch: prev_comm=rcu_preempt prev_pid=16 prev_prio=120 prev_state=I ==> next_comm=swapper/3 next_pid=0 next_prio=120
          <idle>-0       [003] d..2.   553.228150: sched_switch: prev_comm=swapper/3 prev_pid=0 prev_prio=120 prev_state=R ==> next_comm=rcu_preempt next_pid=16 next_prio=120
     rcu_preempt-16      [003] d..2.   553.228164: sched_switch: prev_comm=rcu_preempt prev_pid=16 prev_prio=120 prev_state=I ==> next_comm=swapper/3 next_pid=0 next_prio=120
          <idle>-0       [003] d..2.   553.229118: sched_switch: prev_comm=swapper/3 prev_pid=0 prev_prio=120 prev_state=R ==> next_comm=systemd next_pid=1 next_prio=120
         systemd-1       [003] d..2.   553.232747: sched_switch: prev_comm=systemd prev_pid=1 prev_prio=120 prev_state=S ==> next_comm=swapper/3 next_pid=0 next_prio=120
          <idle>-0       [003] d..2.   553.238489: sched_switch: prev_comm=swapper/3 prev_pid=0 prev_prio=120 prev_state=R ==> next_comm=systemd next_pid=1 next_prio=120
              su-540     [001] d..2.   553.239482: sched_switch: prev_comm=su prev_pid=540 prev_prio=120 prev_state=S ==> next_comm=swapper/1 next_pid=0 next_prio=120
         systemd-1       [003] d..2.   553.245969: sched_switch: prev_comm=systemd prev_pid=1 prev_prio=120 prev_state=S ==> next_comm=swapper/3 next_pid=0 next_prio=120
          <idle>-0       [001] d..2.   553.246071: sched_switch: prev_comm=swapper/1 prev_pid=0 prev_prio=120 prev_state=R ==> next_comm=su next_pid=540 next_prio=120
          <idle>-0       [003] d..2.   553.248655: sched_switch: prev_comm=swapper/3 prev_pid=0 prev_prio=120 prev_state=R ==> next_comm=systemd next_pid=1 next_prio=120
         systemd-1       [003] d..2.   553.250173: sched_switch: prev_comm=systemd prev_pid=1 prev_prio=120 prev_state=S ==> next_comm=swapper/3 next_pid=0 next_prio=120
          <idle>-0       [003] d..2.   553.262156: sched_switch: prev_comm=swapper/3 prev_pid=0 prev_prio=120 prev_state=R ==> next_comm=rcu_preempt next_pid=16 next_prio=120
     rcu_preempt-16      [003] d..2.   553.262185: sched_switch: prev_comm=rcu_preempt prev_pid=16 prev_prio=120 prev_state=I ==> next_comm=swapper/3 next_pid=0 next_prio=120
          <idle>-0       [003] d..2.   553.263118: sched_switch: prev_comm=swapper/3 prev_pid=0 prev_prio=120 prev_state=R ==> next_comm=rcu_preempt next_pid=16 next_prio=120
     rcu_preempt-16      [003] d..2.   553.263146: sched_switch: prev_comm=rcu_preempt prev_pid=16 prev_prio=120 prev_state=I ==> next_comm=swapper/3 next_pid=0 next_prio=120
          <idle>-0       [003] d..2.   553.267143: sched_switch: prev_comm=swapper/3 prev_pid=0 prev_prio=120 prev_state=R ==> next_comm=rcu_preempt next_pid=16 next_prio=120
     rcu_preempt-16      [003] d..2.   553.267166: sched_switch: prev_comm=rcu_preempt prev_pid=16 prev_prio=120 prev_state=I ==> next_comm=swapper/3 next_pid=0 next_prio=120
              su-540     [001] d..2.   553.269444: sched_switch: prev_comm=su prev_pid=540 prev_prio=120 prev_state=S ==> next_comm=swapper/1 next_pid=0 next_prio=120
          <idle>-0       [001] d..2.   553.270749: sched_switch: prev_comm=swapper/1 prev_pid=0 prev_prio=120 prev_state=R ==> next_comm=su next_pid=540 next_prio=120
          <idle>-0       [003] d..2.   553.271257: sched_switch: prev_comm=swapper/3 prev_pid=0 prev_prio=120 prev_state=R ==> next_comm=rcu_preempt next_pid=16 next_prio=120
     rcu_preempt-16      [003] d..2.   553.271278: sched_switch: prev_comm=rcu_preempt prev_pid=16 prev_prio=120 prev_state=I ==> next_comm=swapper/3 next_pid=0 next_prio=120
              su-540     [001] d..2.   553.274955: sched_switch: prev_comm=su prev_pid=540 prev_prio=120 prev_state=S ==> next_comm=swapper/1 next_pid=0 next_prio=120
          <idle>-0       [003] d..2.   553.275119: sched_switch: prev_comm=swapper/3 prev_pid=0 prev_prio=120 prev_state=R ==> next_comm=rcu_preempt next_pid=16 next_prio=120
     rcu_preempt-16      [003] d..2.   553.275142: sched_switch: prev_comm=rcu_preempt prev_pid=16 prev_prio=120 prev_state=I ==> next_comm=swapper/3 next_pid=0 next_prio=120
          <idle>-0       [001] d..2.   553.275219: sched_switch: prev_comm=swapper/1 prev_pid=0 prev_prio=120 prev_state=R ==> next_comm=systemd-logind next_pid=219 next_prio=120
  systemd-logind-219     [001] d..2.   553.275811: sched_switch: prev_comm=systemd-logind prev_pid=219 prev_prio=120 prev_state=S ==> next_comm=swapper/1 next_pid=0 next_prio=120
          <idle>-0       [001] d..2.   553.276454: sched_switch: prev_comm=swapper/1 prev_pid=0 prev_prio=120 prev_state=R ==> next_comm=systemd-logind next_pid=219 next_prio=120
  systemd-logind-219     [001] d..2.   553.281869: sched_switch: prev_comm=systemd-logind prev_pid=219 prev_prio=120 prev_state=S ==> next_comm=swapper/1 next_pid=0 next_prio=120
          <idle>-0       [001] d..2.   553.282012: sched_switch: prev_comm=swapper/1 prev_pid=0 prev_prio=120 prev_state=R ==> next_comm=su next_pid=540 next_prio=120
          <idle>-0       [003] d..2.   553.282972: sched_switch: prev_comm=swapper/3 prev_pid=0 prev_prio=120 prev_state=R ==> next_comm=systemd-logind next_pid=219 next_prio=120
  systemd-logind-219     [003] d..2.   553.283942: sched_switch: prev_comm=systemd-logind prev_pid=219 prev_prio=120 prev_state=S ==> next_comm=swapper/3 next_pid=0 next_prio=120
          <idle>-0       [003] d..2.   553.284159: sched_switch: prev_comm=swapper/3 prev_pid=0 prev_prio=120 prev_state=R ==> next_comm=rcu_preempt next_pid=16 next_prio=120
     rcu_preempt-16      [003] d..2.   553.284190: sched_switch: prev_comm=rcu_preempt prev_pid=16 prev_prio=120 prev_state=I ==> next_comm=swapper/3 next_pid=0 next_prio=120
              su-540     [001] d..2.   553.287238: sched_switch: prev_comm=su prev_pid=540 prev_prio=120 prev_state=S ==> next_comm=swapper/1 next_pid=0 next_prio=120
          <idle>-0       [003] d..2.   553.287296: sched_switch: prev_comm=swapper/3 prev_pid=0 prev_prio=120 prev_state=R ==> next_comm=dbus-daemon next_pid=215 next_prio=120
          <idle>-0       [001] d..2.   553.288165: sched_switch: prev_comm=swapper/1 prev_pid=0 prev_prio=120 prev_state=R ==> next_comm=rcu_preempt next_pid=16 next_prio=120
     rcu_preempt-16      [001] d..2.   553.288223: sched_switch: prev_comm=rcu_preempt prev_pid=16 prev_prio=120 prev_state=I ==> next_comm=swapper/1 next_pid=0 next_prio=120
     dbus-daemon-215     [003] d..2.   553.288354: sched_switch: prev_comm=dbus-daemon prev_pid=215 prev_prio=120 prev_state=S ==> next_comm=swapper/3 next_pid=0 next_prio=120
          <idle>-0       [003] d..2.   553.289212: sched_switch: prev_comm=swapper/3 prev_pid=0 prev_prio=120 prev_state=R ==> next_comm=su next_pid=546 next_prio=120
          <idle>-0       [001] d..2.   553.291133: sched_switch: prev_comm=swapper/1 prev_pid=0 prev_prio=120 prev_state=R ==> next_comm=rcu_preempt next_pid=16 next_prio=120
     rcu_preempt-16      [001] d..2.   553.291174: sched_switch: prev_comm=rcu_preempt prev_pid=16 prev_prio=120 prev_state=I ==> next_comm=swapper/1 next_pid=0 next_prio=120
          <idle>-0       [001] d..2.   553.296136: sched_switch: prev_comm=swapper/1 prev_pid=0 prev_prio=120 prev_state=R ==> next_comm=rcu_preempt next_pid=16 next_prio=120
     rcu_preempt-16      [001] d..2.   553.296184: sched_switch: prev_comm=rcu_preempt prev_pid=16 prev_prio=120 prev_state=I ==> next_comm=swapper/1 next_pid=0 next_prio=120
          <idle>-0       [001] d..2.   553.300138: sched_switch: prev_comm=swapper/1 prev_pid=0 prev_prio=120 prev_state=R ==> next_comm=rcu_preempt next_pid=16 next_prio=120
     rcu_preempt-16      [001] d..2.   553.300171: sched_switch: prev_comm=rcu_preempt prev_pid=16 prev_prio=120 prev_state=I ==> next_comm=swapper/1 next_pid=0 next_prio=120
          <idle>-0       [001] d..2.   553.304132: sched_switch: prev_comm=swapper/1 prev_pid=0 prev_prio=120 prev_state=R ==> next_comm=rcu_preempt next_pid=16 next_prio=120
     rcu_preempt-16      [001] d..2.   553.304177: sched_switch: prev_comm=rcu_preempt prev_pid=16 prev_prio=120 prev_state=I ==> next_comm=swapper/1 next_pid=0 next_prio=120
          <idle>-0       [001] d..2.   553.308121: sched_switch: prev_comm=swapper/1 prev_pid=0 prev_prio=120 prev_state=R ==> next_comm=rcu_preempt next_pid=16 next_prio=120
     rcu_preempt-16      [001] d..2.   553.308164: sched_switch: prev_comm=rcu_preempt prev_pid=16 prev_prio=120 prev_state=I ==> next_comm=swapper/1 next_pid=0 next_prio=120
          <idle>-0       [001] d..2.   553.312139: sched_switch: prev_comm=swapper/1 prev_pid=0 prev_prio=120 prev_state=R ==> next_comm=rcu_preempt next_pid=16 next_prio=120
     rcu_preempt-16      [001] d..2.   553.312179: sched_switch: prev_comm=rcu_preempt prev_pid=16 prev_prio=120 prev_state=I ==> next_comm=swapper/1 next_pid=0 next_prio=120
         taskset-546     [003] d..2.   553.313157: sched_switch: prev_comm=bash prev_pid=546 prev_prio=120 prev_state=R ==> next_comm=ksoftirqd/3 next_pid=33 next_prio=120
     ksoftirqd/3-33      [003] d..2.   553.313229: sched_switch: prev_comm=ksoftirqd/3 prev_pid=33 prev_prio=120 prev_state=S ==> next_comm=bash next_pid=546 next_prio=120
          <idle>-0       [001] d..2.   553.316138: sched_switch: prev_comm=swapper/1 prev_pid=0 prev_prio=120 prev_state=R ==> next_comm=rcu_preempt next_pid=16 next_prio=120
     rcu_preempt-16      [001] d..2.   553.316167: sched_switch: prev_comm=rcu_preempt prev_pid=16 prev_prio=120 prev_state=I ==> next_comm=swapper/1 next_pid=0 next_prio=120
          <idle>-0       [001] d..2.   553.320136: sched_switch: prev_comm=swapper/1 prev_pid=0 prev_prio=120 prev_state=R ==> next_comm=rcu_preempt next_pid=16 next_prio=120
     rcu_preempt-16      [001] d..2.   553.320175: sched_switch: prev_comm=rcu_preempt prev_pid=16 prev_prio=120 prev_state=I ==> next_comm=swapper/1 next_pid=0 next_prio=120
          <idle>-0       [001] d..2.   553.324129: sched_switch: prev_comm=swapper/1 prev_pid=0 prev_prio=120 prev_state=R ==> next_comm=rcu_preempt next_pid=16 next_prio=120
     rcu_preempt-16      [001] d..2.   553.324155: sched_switch: prev_comm=rcu_preempt prev_pid=16 prev_prio=120 prev_state=I ==> next_comm=swapper/1 next_pid=0 next_prio=120
          <idle>-0       [001] d..2.   553.328182: sched_switch: prev_comm=swapper/1 prev_pid=0 prev_prio=120 prev_state=R ==> next_comm=rcu_preempt next_pid=16 next_prio=120
     rcu_preempt-16      [001] d..2.   553.328222: sched_switch: prev_comm=rcu_preempt prev_pid=16 prev_prio=120 prev_state=I ==> next_comm=swapper/1 next_pid=0 next_prio=120
          <idle>-0       [001] d..2.   553.332150: sched_switch: prev_comm=swapper/1 prev_pid=0 prev_prio=120 prev_state=R ==> next_comm=rcu_preempt next_pid=16 next_prio=120
     rcu_preempt-16      [001] d..2.   553.332179: sched_switch: prev_comm=rcu_preempt prev_pid=16 prev_prio=120 prev_state=I ==> next_comm=swapper/1 next_pid=0 next_prio=120
          <idle>-0       [001] d..2.   553.336128: sched_switch: prev_comm=swapper/1 prev_pid=0 prev_prio=120 prev_state=R ==> next_comm=rcu_preempt next_pid=16 next_prio=120
     rcu_preempt-16      [001] d..2.   553.336167: sched_switch: prev_comm=rcu_preempt prev_pid=16 prev_prio=120 prev_state=I ==> next_comm=swapper/1 next_pid=0 next_prio=120
          <idle>-0       [001] d..2.   553.340133: sched_switch: prev_comm=swapper/1 prev_pid=0 prev_prio=120 prev_state=R ==> next_comm=rcu_preempt next_pid=16 next_prio=120
     rcu_preempt-16      [001] d..2.   553.340160: sched_switch: prev_comm=rcu_preempt prev_pid=16 prev_prio=120 prev_state=I ==> next_comm=swapper/1 next_pid=0 next_prio=120
          <idle>-0       [001] d..2.   553.344125: sched_switch: prev_comm=swapper/1 prev_pid=0 prev_prio=120 prev_state=R ==> next_comm=rcu_preempt next_pid=16 next_prio=120
     rcu_preempt-16      [001] d..2.   553.344157: sched_switch: prev_comm=rcu_preempt prev_pid=16 prev_prio=120 prev_state=I ==> next_comm=swapper/1 next_pid=0 next_prio=120
         taskset-546     [003] d..2.   553.350253: sched_switch: prev_comm=bash prev_pid=546 prev_prio=120 prev_state=D ==> next_comm=swapper/3 next_pid=0 next_prio=120
          <idle>-0       [003] d..2.   553.351174: sched_switch: prev_comm=swapper/3 prev_pid=0 prev_prio=120 prev_state=R ==> next_comm=bash next_pid=546 next_prio=120
          <idle>-0       [001] d..2.   553.352207: sched_switch: prev_comm=swapper/1 prev_pid=0 prev_prio=120 prev_state=R ==> next_comm=rcu_preempt next_pid=16 next_prio=120
     rcu_preempt-16      [001] d..2.   553.352242: sched_switch: prev_comm=rcu_preempt prev_pid=16 prev_prio=120 prev_state=I ==> next_comm=swapper/1 next_pid=0 next_prio=120
         taskset-546     [003] d..2.   553.352551: sched_switch: prev_comm=taskset prev_pid=546 prev_prio=120 prev_state=D ==> next_comm=swapper/3 next_pid=0 next_prio=120
