          <idle>-0       [003] d..2.   276.302204: sched_switch: prev_comm=swapper/3 prev_pid=0 prev_prio=120 prev_state=R ==> next_comm=rcu_preempt next_pid=16 next_prio=120
     rcu_preempt-16      [003] d..2.   276.302235: sched_switch: prev_comm=rcu_preempt prev_pid=16 prev_prio=120 prev_state=I ==> next_comm=swapper/3 next_pid=0 next_prio=120
          <idle>-0       [003] d..2.   276.306234: sched_switch: prev_comm=swapper/3 prev_pid=0 prev_prio=120 prev_state=R ==> next_comm=rcu_preempt next_pid=16 next_prio=120
     rcu_preempt-16      [003] d..2.   276.306357: sched_switch: prev_comm=rcu_preempt prev_pid=16 prev_prio=120 prev_state=I ==> next_comm=swapper/3 next_pid=0 next_prio=120
          <idle>-0       [003] d..2.   276.310198: sched_switch: prev_comm=swapper/3 prev_pid=0 prev_prio=120 prev_state=R ==> next_comm=rcu_preempt next_pid=16 next_prio=120
     rcu_preempt-16      [003] d..2.   276.310222: sched_switch: prev_comm=rcu_preempt prev_pid=16 prev_prio=120 prev_state=I ==> next_comm=swapper/3 next_pid=0 next_prio=120
          <idle>-0       [003] d..2.   276.314216: sched_switch: prev_comm=swapper/3 prev_pid=0 prev_prio=120 prev_state=R ==> next_comm=rcu_preempt next_pid=16 next_prio=120
     rcu_preempt-16      [003] d..2.   276.314231: sched_switch: prev_comm=rcu_preempt prev_pid=16 prev_prio=120 prev_state=I ==> next_comm=swapper/3 next_pid=0 next_prio=120
          <idle>-0       [003] d..2.   276.318181: sched_switch: prev_comm=swapper/3 prev_pid=0 prev_prio=120 prev_state=R ==> next_comm=rcu_preempt next_pid=16 next_prio=120
     rcu_preempt-16      [003] d..2.   276.318203: sched_switch: prev_comm=rcu_preempt prev_pid=16 prev_prio=120 prev_state=I ==> next_comm=swapper/3 next_pid=0 next_prio=120
          <idle>-0       [003] d..2.   276.319341: sched_switch: prev_comm=swapper/3 prev_pid=0 prev_prio=120 prev_state=R ==> next_comm=su next_pid=329 next_prio=120
     unix_chkpwd-333     [002] d..2.   276.321952: sched_switch: prev_comm=unix_chkpwd prev_pid=333 prev_prio=120 prev_state=Z ==> next_comm=su next_pid=328 next_prio=120
              su-329     [003] d..2.   276.326207: sched_switch: prev_comm=su prev_pid=329 prev_prio=120 prev_state=R+ ==> next_comm=systemd-journal next_pid=115 next_prio=120
 systemd-journal-115     [003] d..2.   276.329232: sched_switch: prev_comm=systemd-journal prev_pid=115 prev_prio=120 prev_state=R ==> next_comm=su next_pid=329 next_prio=120
              su-329     [003] d..2.   276.349245: sched_switch: prev_comm=su prev_pid=329 prev_prio=120 prev_state=R ==> next_comm=rcu_preempt next_pid=16 next_prio=120
     rcu_preempt-16      [003] d..2.   276.349310: sched_switch: prev_comm=rcu_preempt prev_pid=16 prev_prio=120 prev_state=I ==> next_comm=su next_pid=329 next_prio=120
              su-329     [003] d..2.   276.351502: sched_switch: prev_comm=su prev_pid=329 prev_prio=120 prev_state=R ==> next_comm=rcu_preempt next_pid=16 next_prio=120
     rcu_preempt-16      [003] d..2.   276.351547: sched_switch: prev_comm=rcu_preempt prev_pid=16 prev_prio=120 prev_state=I ==> next_comm=su next_pid=329 next_prio=120
              su-328     [002] d..2.   276.354170: sched_switch: prev_comm=su prev_pid=328 prev_prio=120 prev_state=R ==> next_comm=rcu_preempt next_pid=16 next_prio=120
     rcu_preempt-16      [002] d..2.   276.354207: sched_switch: prev_comm=rcu_preempt prev_pid=16 prev_prio=120 prev_state=I ==> next_comm=su next_pid=328 next_prio=120
              su-329     [003] d..2.   276.362651: sched_switch: prev_comm=su prev_pid=329 prev_prio=120 prev_state=S ==> next_comm=swapper/3 next_pid=0 next_prio=120
              su-328     [002] d..2.   276.362688: sched_switch: prev_comm=su prev_pid=328 prev_prio=120 prev_state=S ==> next_comm=swapper/2 next_pid=0 next_prio=120
          <idle>-0       [002] d..2.   276.363382: sched_switch: prev_comm=swapper/2 prev_pid=0 prev_prio=120 prev_state=R ==> next_comm=systemd-journal next_pid=115 next_prio=120
          <idle>-0       [003] d..2.   276.372299: sched_switch: prev_comm=swapper/3 prev_pid=0 prev_prio=120 prev_state=R ==> next_comm=rcu_preempt next_pid=16 next_prio=120
     rcu_preempt-16      [003] d..2.   276.372330: sched_switch: prev_comm=rcu_preempt prev_pid=16 prev_prio=120 prev_state=I ==> next_comm=swapper/3 next_pid=0 next_prio=120
          <idle>-0       [003] d..2.   276.376292: sched_switch: prev_comm=swapper/3 prev_pid=0 prev_prio=120 prev_state=R ==> next_comm=rcu_preempt next_pid=16 next_prio=120
     rcu_preempt-16      [003] d..2.   276.376326: sched_switch: prev_comm=rcu_preempt prev_pid=16 prev_prio=120 prev_state=I ==> next_comm=swapper/3 next_pid=0 next_prio=120
          <idle>-0       [003] d..2.   276.377569: sched_switch: prev_comm=swapper/3 prev_pid=0 prev_prio=120 prev_state=R ==> next_comm=su next_pid=329 next_prio=120
              su-329     [003] d..2.   276.401436: sched_switch: prev_comm=su prev_pid=329 prev_prio=120 prev_state=S ==> next_comm=swapper/3 next_pid=0 next_prio=120
 systemd-journal-115     [002] d..2.   276.401442: sched_switch: prev_comm=systemd-journal prev_pid=115 prev_prio=120 prev_state=R ==> next_comm=dbus-daemon next_pid=215 next_prio=120
     dbus-daemon-215     [002] d..2.   276.414278: sched_switch: prev_comm=dbus-daemon prev_pid=215 prev_prio=120 prev_state=R ==> next_comm=su next_pid=328 next_prio=120
              su-328     [002] d..2.   276.416959: sched_switch: prev_comm=su prev_pid=328 prev_prio=120 prev_state=S ==> next_comm=dbus-daemon next_pid=215 next_prio=120
     dbus-daemon-215     [002] d..2.   276.432727: sched_switch: prev_comm=dbus-daemon prev_pid=215 prev_prio=120 prev_state=S ==> next_comm=su next_pid=328 next_prio=120
              su-328     [002] d..2.   276.436574: sched_switch: prev_comm=su prev_pid=328 prev_prio=120 prev_state=S ==> next_comm=swapper/2 next_pid=0 next_prio=120
          <idle>-0       [003] d..2.   276.453541: sched_switch: prev_comm=swapper/3 prev_pid=0 prev_prio=120 prev_state=R ==> next_comm=su next_pid=327 next_prio=120
          <idle>-0       [002] d..2.   276.457754: sched_switch: prev_comm=swapper/2 prev_pid=0 prev_prio=120 prev_state=R ==> next_comm=su next_pid=335 next_prio=120
              su-327     [003] d..2.   276.458468: sched_switch: prev_comm=su prev_pid=327 prev_prio=120 prev_state=S ==> next_comm=swapper/3 next_pid=0 next_prio=120
            work-335     [002] d..2.   276.462370: sched_switch: prev_comm=su prev_pid=335 prev_prio=120 prev_state=R ==> next_comm=kcompactd0 next_pid=42 next_prio=120
      kcompactd0-42      [002] d..2.   276.462425: sched_switch: prev_comm=kcompactd0 prev_pid=42 prev_prio=120 prev_state=S ==> next_comm=su next_pid=335 next_prio=120
            work-335     [002] d..2.   276.465237: sched_switch: prev_comm=su prev_pid=335 prev_prio=120 prev_state=R ==> next_comm=su next_pid=336 next_prio=120
            work-336     [002] d..2.   276.467197: sched_switch: prev_comm=su prev_pid=336 prev_prio=120 prev_state=R ==> next_comm=su next_pid=335 next_prio=120
            work-335     [002] d..2.   276.470183: sched_switch: prev_comm=bash prev_pid=335 prev_prio=120 prev_state=R ==> next_comm=su next_pid=337 next_prio=120
            work-337     [002] d..2.   276.472184: sched_switch: prev_comm=su prev_pid=337 prev_prio=120 prev_state=R ==> next_comm=bash next_pid=335 next_prio=120
            work-335     [002] d..2.   276.475191: sched_switch: prev_comm=bash prev_pid=335 prev_prio=120 prev_state=R ==> next_comm=ksoftirqd/2 next_pid=28 next_prio=120
     ksoftirqd/2-28      [002] d..2.   276.475285: sched_switch: prev_comm=ksoftirqd/2 prev_pid=28 prev_prio=120 prev_state=S ==> next_comm=su next_pid=337 next_prio=120
            work-337     [002] d..2.   276.478192: sched_switch: prev_comm=su prev_pid=337 prev_prio=120 prev_state=R+ ==> next_comm=bash next_pid=335 next_prio=120
            work-335     [002] d..2.   276.481155: sched_switch: prev_comm=bash prev_pid=335 prev_prio=120 prev_state=R ==> next_comm=su next_pid=337 next_prio=120
            work-337     [002] d..2.   276.483588: sched_switch: prev_comm=su prev_pid=337 prev_prio=120 prev_state=R+ ==> next_comm=migration/2 next_pid=27 next_prio=0
     migration/2-27      [002] d..2.   276.483673: sched_switch: prev_comm=migration/2 prev_pid=27 prev_prio=0 prev_state=S ==> next_comm=bash next_pid=335 next_prio=120
          <idle>-0       [003] d..2.   276.552982: sched_switch: prev_comm=swapper/3 prev_pid=0 prev_prio=120 prev_state=R ==> next_comm=taskset next_pid=336 next_prio=120
            work-335     [002] d..2.   276.633321: sched_switch: prev_comm=work prev_pid=335 prev_prio=120 prev_state=R+ ==> next_comm=swapper/2 next_pid=0 next_prio=120
            work-336     [003] d..2.   276.906530: sched_switch: prev_comm=work prev_pid=336 prev_prio=120 prev_state=R ==> next_comm=kworker/3:1 next_pid=45 next_prio=120
     kworker/3:1-45      [003] d..2.   276.906699: sched_switch: prev_comm=kworker/3:1 prev_pid=45 prev_prio=120 prev_state=I ==> next_comm=work next_pid=336 next_prio=120
            work-336     [003] d..2.   276.909171: sched_switch: prev_comm=work prev_pid=336 prev_prio=120 prev_state=R ==> next_comm=kworker/3:1 next_pid=45 next_prio=120
     kworker/3:1-45      [003] d..2.   276.909226: sched_switch: prev_comm=kworker/3:1 prev_pid=45 prev_prio=120 prev_state=I ==> next_comm=work next_pid=336 next_prio=120
            work-336     [003] d..2.   277.549191: sched_switch: prev_comm=work prev_pid=336 prev_prio=120 prev_state=R ==> next_comm=kworker/3:1 next_pid=45 next_prio=120
     kworker/3:1-45      [003] d..2.   277.549433: sched_switch: prev_comm=kworker/3:1 prev_pid=45 prev_prio=120 prev_state=D ==> next_comm=kworker/3:2 next_pid=122 next_prio=120
     kworker/3:2-122     [003] d..2.   277.549593: sched_switch: prev_comm=kworker/3:2 prev_pid=122 prev_prio=120 prev_state=I ==> next_comm=kworker/3:1 next_pid=45 next_prio=120
     kworker/3:1-45      [003] d..2.   277.549635: sched_switch: prev_comm=kworker/3:1 prev_pid=45 prev_prio=120 prev_state=I ==> next_comm=work next_pid=336 next_prio=120
          <idle>-0       [002] d..2.   277.931877: sched_switch: prev_comm=swapper/2 prev_pid=0 prev_prio=120 prev_state=R ==> next_comm=kworker/2:1 next_pid=47 next_prio=120
            work-336     [003] d..2.   277.933175: sched_switch: prev_comm=work prev_pid=336 prev_prio=120 prev_state=R ==> next_comm=kworker/3:1 next_pid=45 next_prio=120
     kworker/3:1-45      [003] d..2.   277.934642: sched_switch: prev_comm=kworker/3:1 prev_pid=45 prev_prio=120 prev_state=I ==> next_comm=swapper/3 next_pid=0 next_prio=120
     kworker/2:1-47      [002] d..2.   277.934643: sched_switch: prev_comm=kworker/2:1 prev_pid=47 prev_prio=120 prev_state=I ==> next_comm=swapper/2 next_pid=0 next_prio=120
          <idle>-0       [002] d..2.   277.934708: sched_switch: prev_comm=swapper/2 prev_pid=0 prev_prio=120 prev_state=R ==> next_comm=taskset next_pid=337 next_prio=120
            work-337     [002] d..2.   277.935206: sched_switch: prev_comm=taskset prev_pid=337 prev_prio=120 prev_state=R+ ==> next_comm=work next_pid=335 next_prio=120
            work-335     [002] d..2.   277.937164: sched_switch: prev_comm=work prev_pid=335 prev_prio=120 prev_state=R+ ==> next_comm=kworker/2:1 next_pid=47 next_prio=120
     kworker/2:1-47      [002] d..2.   277.937201: sched_switch: prev_comm=kworker/2:1 prev_pid=47 prev_prio=120 prev_state=I ==> next_comm=taskset next_pid=337 next_prio=120
            work-337     [002] d..2.   277.940175: sched_switch: prev_comm=work prev_pid=337 prev_prio=120 prev_state=R ==> next_comm=work next_pid=335 next_prio=120
            work-335     [002] d..2.   277.943163: sched_switch: prev_comm=work prev_pid=335 prev_prio=120 prev_state=R+ ==> next_comm=work next_pid=337 next_prio=120
            work-337     [002] d..2.   277.946185: sched_switch: prev_comm=work prev_pid=337 prev_prio=120 prev_state=R ==> next_comm=work next_pid=335 next_prio=120
            work-335     [002] d..2.   277.949155: sched_switch: prev_comm=work prev_pid=335 prev_prio=120 prev_state=R+ ==> next_comm=work next_pid=337 next_prio=120
            work-337     [002] d..2.   277.952161: sched_switch: prev_comm=work prev_pid=337 prev_prio=120 prev_state=R ==> next_comm=work next_pid=335 next_prio=120
            work-335     [002] d..2.   277.955195: sched_switch: prev_comm=work prev_pid=335 prev_prio=120 prev_state=R ==> next_comm=ksoftirqd/2 next_pid=28 next_prio=120
     ksoftirqd/2-28      [002] d..2.   277.955249: sched_switch: prev_comm=ksoftirqd/2 prev_pid=28 prev_prio=120 prev_state=S ==> next_comm=work next_pid=337 next_prio=120
            work-337     [002] d..2.   277.958150: sched_switch: prev_comm=work prev_pid=337 prev_prio=120 prev_state=R ==> next_comm=work next_pid=335 next_prio=120
            work-335     [002] d..2.   277.961156: sched_switch: prev_comm=work prev_pid=335 prev_prio=120 prev_state=R+ ==> next_comm=work next_pid=337 next_prio=120
            work-337     [002] d..2.   277.964160: sched_switch: prev_comm=work prev_pid=337 prev_prio=120 prev_state=R ==> next_comm=work next_pid=335 next_prio=120
            work-335     [002] d..2.   277.967179: sched_switch: prev_comm=work prev_pid=335 prev_prio=120 prev_state=R+ ==> next_comm=work next_pid=337 next_prio=120
            work-337     [002] d..2.   277.970158: sched_switch: prev_comm=work prev_pid=337 prev_prio=120 prev_state=R ==> next_comm=work next_pid=335 next_prio=120
            work-335     [002] d..2.   277.973177: sched_switch: prev_comm=work prev_pid=335 prev_prio=120 prev_state=R ==> next_comm=work next_pid=337 next_prio=120
            work-337     [002] d..2.   277.976160: sched_switch: prev_comm=work prev_pid=337 prev_prio=120 prev_state=R ==> next_comm=work next_pid=335 next_prio=120
            work-335     [002] d..2.   277.979187: sched_switch: prev_comm=work prev_pid=335 prev_prio=120 prev_state=R ==> next_comm=work next_pid=337 next_prio=120
            work-337     [002] d..2.   277.982145: sched_switch: prev_comm=work prev_pid=337 prev_prio=120 prev_state=R ==> next_comm=work next_pid=335 next_prio=120
            work-335     [002] d..2.   277.985358: sched_switch: prev_comm=work prev_pid=335 prev_prio=120 prev_state=R ==> next_comm=work next_pid=337 next_prio=120
            work-337     [002] d..2.   277.988157: sched_switch: prev_comm=work prev_pid=337 prev_prio=120 prev_state=R ==> next_comm=work next_pid=335 next_prio=120
            work-335     [002] d..2.   277.991181: sched_switch: prev_comm=work prev_pid=335 prev_prio=120 prev_state=R ==> next_comm=work next_pid=337 next_prio=120
            work-337     [002] d..2.   277.994141: sched_switch: prev_comm=work prev_pid=337 prev_prio=120 prev_state=R ==> next_comm=work next_pid=335 next_prio=120
            work-335     [002] d..2.   277.997142: sched_switch: prev_comm=work prev_pid=335 prev_prio=120 prev_state=R ==> next_comm=work next_pid=337 next_prio=120
            work-337     [002] d..2.   278.000138: sched_switch: prev_comm=work prev_pid=337 prev_prio=120 prev_state=R ==> next_comm=work next_pid=335 next_prio=120
            work-335     [002] d..2.   278.003149: sched_switch: prev_comm=work prev_pid=335 prev_prio=120 prev_state=R ==> next_comm=work next_pid=337 next_prio=120
            work-337     [002] d..2.   278.005286: sched_switch: prev_comm=work prev_pid=337 prev_prio=120 prev_state=R ==> next_comm=work next_pid=335 next_prio=120
            work-335     [002] d..2.   278.008142: sched_switch: prev_comm=work prev_pid=335 prev_prio=120 prev_state=R ==> next_comm=work next_pid=337 next_prio=120
            work-337     [002] d..2.   278.011139: sched_switch: prev_comm=work prev_pid=337 prev_prio=120 prev_state=R ==> next_comm=work next_pid=335 next_prio=120
            work-335     [002] d..2.   278.014141: sched_switch: prev_comm=work prev_pid=335 prev_prio=120 prev_state=R ==> next_comm=work next_pid=337 next_prio=120
            work-337     [002] d..2.   278.017150: sched_switch: prev_comm=work prev_pid=337 prev_prio=120 prev_state=R+ ==> next_comm=work next_pid=335 next_prio=120
            work-335     [002] d..2.   278.020152: sched_switch: prev_comm=work prev_pid=335 prev_prio=120 prev_state=R+ ==> next_comm=work next_pid=337 next_prio=120
            work-337     [002] d..2.   278.023138: sched_switch: prev_comm=work prev_pid=337 prev_prio=120 prev_state=R ==> next_comm=work next_pid=335 next_prio=120
            work-335     [002] d..2.   278.026137: sched_switch: prev_comm=work prev_pid=335 prev_prio=120 prev_state=R ==> next_comm=work next_pid=337 next_prio=120
            work-337     [002] d..2.   278.029302: sched_switch: prev_comm=work prev_pid=337 prev_prio=120 prev_state=R ==> next_comm=work next_pid=335 next_prio=120
            work-335     [002] d..2.   278.032137: sched_switch: prev_comm=work prev_pid=335 prev_prio=120 prev_state=R ==> next_comm=work next_pid=337 next_prio=120
            work-337     [002] d..2.   278.035150: sched_switch: prev_comm=work prev_pid=337 prev_prio=120 prev_state=R ==> next_comm=work next_pid=335 next_prio=120
            work-335     [002] d..2.   278.038143: sched_switch: prev_comm=work prev_pid=335 prev_prio=120 prev_state=R ==> next_comm=work next_pid=337 next_prio=120
            work-337     [002] d..2.   278.041153: sched_switch: prev_comm=work prev_pid=337 prev_prio=120 prev_state=R ==> next_comm=work next_pid=335 next_prio=120
            work-335     [002] d..2.   278.044144: sched_switch: prev_comm=work prev_pid=335 prev_prio=120 prev_state=R ==> next_comm=work next_pid=337 next_prio=120
            work-337     [002] d..2.   278.047143: sched_switch: prev_comm=work prev_pid=337 prev_prio=120 prev_state=R ==> next_comm=work next_pid=335 next_prio=120
            work-335     [002] d..2.   278.050152: sched_switch: prev_comm=work prev_pid=335 prev_prio=120 prev_state=R ==> next_comm=work next_pid=337 next_prio=120
            work-337     [002] d..2.   278.053332: sched_switch: prev_comm=work prev_pid=337 prev_prio=120 prev_state=R ==> next_comm=work next_pid=335 next_prio=120
            work-335     [002] d..2.   278.056142: sched_switch: prev_comm=work prev_pid=335 prev_prio=120 prev_state=R ==> next_comm=work next_pid=337 next_prio=120
            work-337     [002] d..2.   278.059154: sched_switch: prev_comm=work prev_pid=337 prev_prio=120 prev_state=R ==> next_comm=work next_pid=335 next_prio=120
            work-335     [002] d..2.   278.062144: sched_switch: prev_comm=work prev_pid=335 prev_prio=120 prev_state=R ==> next_comm=work next_pid=337 next_prio=120
            work-337     [002] d..2.   278.065139: sched_switch: prev_comm=work prev_pid=337 prev_prio=120 prev_state=R ==> next_comm=work next_pid=335 next_prio=120
            work-335     [002] d..2.   278.068162: sched_switch: prev_comm=work prev_pid=335 prev_prio=120 prev_state=R+ ==> next_comm=work next_pid=337 next_prio=120
            work-337     [002] d..2.   278.071145: sched_switch: prev_comm=work prev_pid=337 prev_prio=120 prev_state=R ==> next_comm=work next_pid=335 next_prio=120
            work-335     [002] d..2.   278.074150: sched_switch: prev_comm=work prev_pid=335 prev_prio=120 prev_state=R ==> next_comm=work next_pid=337 next_prio=120
            work-337     [002] d..2.   278.077148: sched_switch: prev_comm=work prev_pid=337 prev_prio=120 prev_state=R ==> next_comm=work next_pid=335 next_prio=120
            work-335     [002] d..2.   278.080144: sched_switch: prev_comm=work prev_pid=335 prev_prio=120 prev_state=R ==> next_comm=work next_pid=337 next_prio=120
            work-337     [002] d..2.   278.083142: sched_switch: prev_comm=work prev_pid=337 prev_prio=120 prev_state=R ==> next_comm=work next_pid=335 next_prio=120
            work-335     [002] d..2.   278.086152: sched_switch: prev_comm=work prev_pid=335 prev_prio=120 prev_state=R+ ==> next_comm=work next_pid=337 next_prio=120
            work-337     [002] d..2.   278.089148: sched_switch: prev_comm=work prev_pid=337 prev_prio=120 prev_state=R+ ==> next_comm=work next_pid=335 next_prio=120
            work-335     [002] d..2.   278.092156: sched_switch: prev_comm=work prev_pid=335 prev_prio=120 prev_state=R ==> next_comm=work next_pid=337 next_prio=120
            work-337     [002] d..2.   278.095144: sched_switch: prev_comm=work prev_pid=337 prev_prio=120 prev_state=R ==> next_comm=work next_pid=335 next_prio=120
            work-335     [002] d..2.   278.098142: sched_switch: prev_comm=work prev_pid=335 prev_prio=120 prev_state=R ==> next_comm=work next_pid=337 next_prio=120
            work-337     [002] d..2.   278.101149: sched_switch: prev_comm=work prev_pid=337 prev_prio=120 prev_state=R ==> next_comm=work next_pid=335 next_prio=120
            work-335     [002] d..2.   278.104142: sched_switch: prev_comm=work prev_pid=335 prev_prio=120 prev_state=R ==> next_comm=work next_pid=337 next_prio=120
            work-337     [002] d..2.   278.106311: sched_switch: prev_comm=work prev_pid=337 prev_prio=120 prev_state=R ==> next_comm=work next_pid=335 next_prio=120
            work-335     [002] d..2.   278.109141: sched_switch: prev_comm=work prev_pid=335 prev_prio=120 prev_state=R ==> next_comm=work next_pid=337 next_prio=120
            work-337     [002] d..2.   278.112139: sched_switch: prev_comm=work prev_pid=337 prev_prio=120 prev_state=R ==> next_comm=work next_pid=335 next_prio=120
            work-335     [002] d..2.   278.115140: sched_switch: prev_comm=work prev_pid=335 prev_prio=120 prev_state=R ==> next_comm=work next_pid=337 next_prio=120
            work-337     [002] d..2.   278.118140: sched_switch: prev_comm=work prev_pid=337 prev_prio=120 prev_state=R ==> next_comm=work next_pid=335 next_prio=120
            work-335     [002] d..2.   278.121142: sched_switch: prev_comm=work prev_pid=335 prev_prio=120 prev_state=R ==> next_comm=work next_pid=337 next_prio=120
            work-337     [002] d..2.   278.124150: sched_switch: prev_comm=work prev_pid=337 prev_prio=120 prev_state=R ==> next_comm=work next_pid=335 next_prio=120
            work-335     [002] d..2.   278.127140: sched_switch: prev_comm=work prev_pid=335 prev_prio=120 prev_state=R ==> next_comm=work next_pid=337 next_prio=120
            work-337     [002] d..2.   278.130221: sched_switch: prev_comm=work prev_pid=337 prev_prio=120 prev_state=R ==> next_comm=work next_pid=335 next_prio=120
            work-335     [002] d..2.   278.133158: sched_switch: prev_comm=work prev_pid=335 prev_prio=120 prev_state=R ==> next_comm=work next_pid=337 next_prio=120
            work-337     [002] d..2.   278.136161: sched_switch: prev_comm=work prev_pid=337 prev_prio=120 prev_state=R ==> next_comm=work next_pid=335 next_prio=120
            work-335     [002] d..2.   278.139140: sched_switch: prev_comm=work prev_pid=335 prev_prio=120 prev_state=R ==> next_comm=work next_pid=337 next_prio=120
            work-337     [002] d..2.   278.142146: sched_switch: prev_comm=work prev_pid=337 prev_prio=120 prev_state=R ==> next_comm=work next_pid=335 next_prio=120
            work-335     [002] d..2.   278.145155: sched_switch: prev_comm=work prev_pid=335 prev_prio=120 prev_state=R+ ==> next_comm=work next_pid=337 next_prio=120
            work-337     [002] d..2.   278.148143: sched_switch: prev_comm=work prev_pid=337 prev_prio=120 prev_state=R ==> next_comm=work next_pid=335 next_prio=120
            work-335     [002] d..2.   278.151153: sched_switch: prev_comm=work prev_pid=335 prev_prio=120 prev_state=R+ ==> next_comm=work next_pid=337 next_prio=120
            work-337     [002] d..2.   278.154278: sched_switch: prev_comm=work prev_pid=337 prev_prio=120 prev_state=R ==> next_comm=work next_pid=335 next_prio=120
            work-335     [002] d..2.   278.157153: sched_switch: prev_comm=work prev_pid=335 prev_prio=120 prev_state=R ==> next_comm=work next_pid=337 next_prio=120
            work-337     [002] d..2.   278.160153: sched_switch: prev_comm=work prev_pid=337 prev_prio=120 prev_state=R+ ==> next_comm=work next_pid=335 next_prio=120
            work-335     [002] d..2.   278.163198: sched_switch: prev_comm=work prev_pid=335 prev_prio=120 prev_state=R ==> next_comm=work next_pid=337 next_prio=120
            work-337     [002] d..2.   278.166138: sched_switch: prev_comm=work prev_pid=337 prev_prio=120 prev_state=R ==> next_comm=work next_pid=335 next_prio=120
            work-335     [002] d..2.   278.169143: sched_switch: prev_comm=work prev_pid=335 prev_prio=120 prev_state=R ==> next_comm=work next_pid=337 next_prio=120
            work-337     [002] d..2.   278.172142: sched_switch: prev_comm=work prev_pid=337 prev_prio=120 prev_state=R ==> next_comm=work next_pid=335 next_prio=120
            work-335     [002] d..2.   278.175138: sched_switch: prev_comm=work prev_pid=335 prev_prio=120 prev_state=R ==> next_comm=work next_pid=337 next_prio=120
            work-337     [002] d..2.   278.178321: sched_switch: prev_comm=work prev_pid=337 prev_prio=120 prev_state=R ==> next_comm=work next_pid=335 next_prio=120
            work-335     [002] d..2.   278.181143: sched_switch: prev_comm=work prev_pid=335 prev_prio=120 prev_state=R ==> next_comm=work next_pid=337 next_prio=120
            work-337     [002] d..2.   278.184154: sched_switch: prev_comm=work prev_pid=337 prev_prio=120 prev_state=R ==> next_comm=work next_pid=335 next_prio=120
            work-335     [002] d..2.   278.187150: sched_switch: prev_comm=work prev_pid=335 prev_prio=120 prev_state=R+ ==> next_comm=work next_pid=337 next_prio=120
            work-337     [002] d..2.   278.190152: sched_switch: prev_comm=work prev_pid=337 prev_prio=120 prev_state=R ==> next_comm=work next_pid=335 next_prio=120
            work-335     [002] d..2.   278.193152: sched_switch: prev_comm=work prev_pid=335 prev_prio=120 prev_state=R+ ==> next_comm=work next_pid=337 next_prio=120
            work-337     [002] d..2.   278.196152: sched_switch: prev_comm=work prev_pid=337 prev_prio=120 prev_state=R+ ==> next_comm=work next_pid=335 next_prio=120
            work-335     [002] d..2.   278.199151: sched_switch: prev_comm=work prev_pid=335 prev_prio=120 prev_state=R ==> next_comm=work next_pid=337 next_prio=120
            work-337     [002] d..2.   278.202143: sched_switch: prev_comm=work prev_pid=337 prev_prio=120 prev_state=R ==> next_comm=work next_pid=335 next_prio=120
            work-335     [002] d..2.   278.205143: sched_switch: prev_comm=work prev_pid=335 prev_prio=120 prev_state=R ==> next_comm=work next_pid=337 next_prio=120
            work-337     [002] d..2.   278.208141: sched_switch: prev_comm=work prev_pid=337 prev_prio=120 prev_state=R ==> next_comm=work next_pid=335 next_prio=120
            work-335     [002] d..2.   278.211138: sched_switch: prev_comm=work prev_pid=335 prev_prio=120 prev_state=R ==> next_comm=work next_pid=337 next_prio=120
            work-337     [002] d..2.   278.214139: sched_switch: prev_comm=work prev_pid=337 prev_prio=120 prev_state=R ==> next_comm=work next_pid=335 next_prio=120
            work-335     [002] d..2.   278.217148: sched_switch: prev_comm=work prev_pid=335 prev_prio=120 prev_state=R ==> next_comm=work next_pid=337 next_prio=120
            work-337     [002] d..2.   278.220142: sched_switch: prev_comm=work prev_pid=337 prev_prio=120 prev_state=R ==> next_comm=work next_pid=335 next_prio=120
            work-335     [002] d..2.   278.223148: sched_switch: prev_comm=work prev_pid=335 prev_prio=120 prev_state=R ==> next_comm=work next_pid=337 next_prio=120
            work-337     [002] d..2.   278.226146: sched_switch: prev_comm=work prev_pid=337 prev_prio=120 prev_state=R ==> next_comm=work next_pid=335 next_prio=120
            work-335     [002] d..2.   278.229158: sched_switch: prev_comm=work prev_pid=335 prev_prio=120 prev_state=R ==> next_comm=work next_pid=337 next_prio=120
            work-337     [002] d..2.   278.232143: sched_switch: prev_comm=work prev_pid=337 prev_prio=120 prev_state=R ==> next_comm=work next_pid=335 next_prio=120
            work-335     [002] d..2.   278.235151: sched_switch: prev_comm=work prev_pid=335 prev_prio=120 prev_state=R ==> next_comm=work next_pid=337 next_prio=120
            work-337     [002] d..2.   278.238143: sched_switch: prev_comm=work prev_pid=337 prev_prio=120 prev_state=R ==> next_comm=work next_pid=335 next_prio=120
            work-335     [002] d..2.   278.241142: sched_switch: prev_comm=work prev_pid=335 prev_prio=120 prev_state=R ==> next_comm=work next_pid=337 next_prio=120
            work-337     [002] d..2.   278.244157: sched_switch: prev_comm=work prev_pid=337 prev_prio=120 prev_state=R+ ==> next_comm=work next_pid=335 next_prio=120
            work-335     [002] d..2.   278.247140: sched_switch: prev_comm=work prev_pid=335 prev_prio=120 prev_state=R ==> next_comm=work next_pid=337 next_prio=120
            work-337     [002] d..2.   278.250140: sched_switch: prev_comm=work prev_pid=337 prev_prio=120 prev_state=R ==> next_comm=work next_pid=335 next_prio=120
            work-335     [002] d..2.   278.253142: sched_switch: prev_comm=work prev_pid=335 prev_prio=120 prev_state=R ==> next_comm=work next_pid=337 next_prio=120
            work-337     [002] d..2.   278.256144: sched_switch: prev_comm=work prev_pid=337 prev_prio=120 prev_state=R ==> next_comm=work next_pid=335 next_prio=120
            work-335     [002] d..2.   278.259153: sched_switch: prev_comm=work prev_pid=335 prev_prio=120 prev_state=R ==> next_comm=work next_pid=337 next_prio=120
            work-337     [002] d..2.   278.262140: sched_switch: prev_comm=work prev_pid=337 prev_prio=120 prev_state=R ==> next_comm=work next_pid=335 next_prio=120
            work-335     [002] d..2.   278.265141: sched_switch: prev_comm=work prev_pid=335 prev_prio=120 prev_state=R ==> next_comm=work next_pid=337 next_prio=120
            work-337     [002] d..2.   278.268141: sched_switch: prev_comm=work prev_pid=337 prev_prio=120 prev_state=R ==> next_comm=work next_pid=335 next_prio=120
            work-335     [002] d..2.   278.271142: sched_switch: prev_comm=work prev_pid=335 prev_prio=120 prev_state=R ==> next_comm=work next_pid=337 next_prio=120
            work-337     [002] d..2.   278.274140: sched_switch: prev_comm=work prev_pid=337 prev_prio=120 prev_state=R ==> next_comm=work next_pid=335 next_prio=120
            work-335     [002] d..2.   278.277155: sched_switch: prev_comm=work prev_pid=335 prev_prio=120 prev_state=R ==> next_comm=work next_pid=337 next_prio=120
            work-337     [002] d..2.   278.279364: sched_switch: prev_comm=work prev_pid=337 prev_prio=120 prev_state=R ==> next_comm=work next_pid=335 next_prio=120
            work-335     [002] d..2.   278.282139: sched_switch: prev_comm=work prev_pid=335 prev_prio=120 prev_state=R ==> next_comm=work next_pid=337 next_prio=120
            work-337     [002] d..2.   278.285149: sched_switch: prev_comm=work prev_pid=337 prev_prio=120 prev_state=R ==> next_comm=work next_pid=335 next_prio=120
            work-335     [002] d..2.   278.288142: sched_switch: prev_comm=work prev_pid=335 prev_prio=120 prev_state=R ==> next_comm=work next_pid=337 next_prio=120
            work-337     [002] d..2.   278.291154: sched_switch: prev_comm=work prev_pid=337 prev_prio=120 prev_state=R+ ==> next_comm=work next_pid=335 next_prio=120
            work-335     [002] d..2.   278.294143: sched_switch: prev_comm=work prev_pid=335 prev_prio=120 prev_state=R ==> next_comm=work next_pid=337 next_prio=120
            work-337     [002] d..2.   278.297144: sched_switch: prev_comm=work prev_pid=337 prev_prio=120 prev_state=R ==> next_comm=work next_pid=335 next_prio=120
            work-335     [002] d..2.   278.300153: sched_switch: prev_comm=work prev_pid=335 prev_prio=120 prev_state=R+ ==> next_comm=work next_pid=337 next_prio=120
            work-337     [002] d..2.   278.303142: sched_switch: prev_comm=work prev_pid=337 prev_prio=120 prev_state=R ==> next_comm=work next_pid=335 next_prio=120
            work-335     [002] d..2.   278.306139: sched_switch: prev_comm=work prev_pid=335 prev_prio=120 prev_state=R ==> next_comm=work next_pid=337 next_prio=120
            work-337     [002] d..2.   278.309142: sched_switch: prev_comm=work prev_pid=337 prev_prio=120 prev_state=R ==> next_comm=work next_pid=335 next_prio=120
            work-335     [002] d..2.   278.312176: sched_switch: prev_comm=work prev_pid=335 prev_prio=120 prev_state=R ==> next_comm=work next_pid=337 next_prio=120
            work-337     [002] d..2.   278.315164: sched_switch: prev_comm=work prev_pid=337 prev_prio=120 prev_state=R+ ==> next_comm=work next_pid=335 next_prio=120
            work-335     [002] d..2.   278.318145: sched_switch: prev_comm=work prev_pid=335 prev_prio=120 prev_state=R ==> next_comm=work next_pid=337 next_prio=120
            work-337     [002] d..2.   278.321142: sched_switch: prev_comm=work prev_pid=337 prev_prio=120 prev_state=R ==> next_comm=work next_pid=335 next_prio=120
            work-335     [002] d..2.   278.324140: sched_switch: prev_comm=work prev_pid=335 prev_prio=120 prev_state=R ==> next_comm=work next_pid=337 next_prio=120
            work-337     [002] d..2.   278.327140: sched_switch: prev_comm=work prev_pid=337 prev_prio=120 prev_state=R ==> next_comm=work next_pid=335 next_prio=120
            work-335     [002] d..2.   278.330144: sched_switch: prev_comm=work prev_pid=335 prev_prio=120 prev_state=R ==> next_comm=work next_pid=337 next_prio=120
            work-337     [002] d..2.   278.333144: sched_switch: prev_comm=work prev_pid=337 prev_prio=120 prev_state=R ==> next_comm=work next_pid=335 next_prio=120
            work-335     [002] d..2.   278.336148: sched_switch: prev_comm=work prev_pid=335 prev_prio=120 prev_state=R ==> next_comm=work next_pid=337 next_prio=120
            work-337     [002] d..2.   278.339139: sched_switch: prev_comm=work prev_pid=337 prev_prio=120 prev_state=R ==> next_comm=work next_pid=335 next_prio=120
            work-335     [002] d..2.   278.342145: sched_switch: prev_comm=work prev_pid=335 prev_prio=120 prev_state=R ==> next_comm=work next_pid=337 next_prio=120
            work-337     [002] d..2.   278.345143: sched_switch: prev_comm=work prev_pid=337 prev_prio=120 prev_state=R ==> next_comm=work next_pid=335 next_prio=120
            work-335     [002] d..2.   278.348178: sched_switch: prev_comm=work prev_pid=335 prev_prio=120 prev_state=R ==> next_comm=work next_pid=337 next_prio=120
            work-337     [002] d..2.   278.351157: sched_switch: prev_comm=work prev_pid=337 prev_prio=120 prev_state=R ==> next_comm=work next_pid=335 next_prio=120
            work-335     [002] d..2.   278.354152: sched_switch: prev_comm=work prev_pid=335 prev_prio=120 prev_state=R+ ==> next_comm=work next_pid=337 next_prio=120
            work-337     [002] d..2.   278.357144: sched_switch: prev_comm=work prev_pid=337 prev_prio=120 prev_state=R ==> next_comm=work next_pid=335 next_prio=120
            work-335     [002] d..2.   278.360143: sched_switch: prev_comm=work prev_pid=335 prev_prio=120 prev_state=R ==> next_comm=work next_pid=337 next_prio=120
            work-337     [002] d..2.   278.363141: sched_switch: prev_comm=work prev_pid=337 prev_prio=120 prev_state=R ==> next_comm=work next_pid=335 next_prio=120
            work-335     [002] d..2.   278.366141: sched_switch: prev_comm=work prev_pid=335 prev_prio=120 prev_state=R ==> next_comm=work next_pid=337 next_prio=120
            work-337     [002] d..2.   278.369155: sched_switch: prev_comm=work prev_pid=337 prev_prio=120 prev_state=R+ ==> next_comm=work next_pid=335 next_prio=120
            work-335     [002] d..2.   278.372149: sched_switch: prev_comm=work prev_pid=335 prev_prio=120 prev_state=R+ ==> next_comm=work next_pid=337 next_prio=120
            work-337     [002] d..2.   278.375139: sched_switch: prev_comm=work prev_pid=337 prev_prio=120 prev_state=R ==> next_comm=work next_pid=335 next_prio=120
            work-335     [002] d..2.   278.378157: sched_switch: prev_comm=work prev_pid=335 prev_prio=120 prev_state=R ==> next_comm=work next_pid=337 next_prio=120
            work-337     [002] d..2.   278.381156: sched_switch: prev_comm=work prev_pid=337 prev_prio=120 prev_state=R+ ==> next_comm=work next_pid=335 next_prio=120
            work-335     [002] d..2.   278.384145: sched_switch: prev_comm=work prev_pid=335 prev_prio=120 prev_state=R ==> next_comm=work next_pid=337 next_prio=120
            work-337     [002] d..2.   278.387151: sched_switch: prev_comm=work prev_pid=337 prev_prio=120 prev_state=R+ ==> next_comm=work next_pid=335 next_prio=120
            work-335     [002] d..2.   278.390142: sched_switch: prev_comm=work prev_pid=335 prev_prio=120 prev_state=R ==> next_comm=work next_pid=337 next_prio=120
            work-337     [002] d..2.   278.393140: sched_switch: prev_comm=work prev_pid=337 prev_prio=120 prev_state=R ==> next_comm=work next_pid=335 next_prio=120
            work-335     [002] d..2.   278.396141: sched_switch: prev_comm=work prev_pid=335 prev_prio=120 prev_state=R ==> next_comm=work next_pid=337 next_prio=120
            work-337     [002] d..2.   278.399150: sched_switch: prev_comm=work prev_pid=337 prev_prio=120 prev_state=R+ ==> next_comm=work next_pid=335 next_prio=120
            work-335     [002] d..2.   278.402139: sched_switch: prev_comm=work prev_pid=335 prev_prio=120 prev_state=R ==> next_comm=work next_pid=337 next_prio=120
            work-337     [002] d..2.   278.405145: sched_switch: prev_comm=work prev_pid=337 prev_prio=120 prev_state=R ==> next_comm=work next_pid=335 next_prio=120
            work-335     [002] d..2.   278.408142: sched_switch: prev_comm=work prev_pid=335 prev_prio=120 prev_state=R ==> next_comm=work next_pid=337 next_prio=120
            work-337     [002] d..2.   278.411141: sched_switch: prev_comm=work prev_pid=337 prev_prio=120 prev_state=R ==> next_comm=work next_pid=335 next_prio=120
            work-335     [002] d..2.   278.414138: sched_switch: prev_comm=work prev_pid=335 prev_prio=120 prev_state=R ==> next_comm=work next_pid=337 next_prio=120
            work-337     [002] d..2.   278.417151: sched_switch: prev_comm=work prev_pid=337 prev_prio=120 prev_state=R ==> next_comm=work next_pid=335 next_prio=120
            work-335     [002] d..2.   278.420141: sched_switch: prev_comm=work prev_pid=335 prev_prio=120 prev_state=R ==> next_comm=work next_pid=337 next_prio=120
            work-337     [002] d..2.   278.423151: sched_switch: prev_comm=work prev_pid=337 prev_prio=120 prev_state=R ==> next_comm=work next_pid=335 next_prio=120
            work-335     [002] d..2.   278.426152: sched_switch: prev_comm=work prev_pid=335 prev_prio=120 prev_state=R+ ==> next_comm=work next_pid=337 next_prio=120
            work-337     [002] d..2.   278.429147: sched_switch: prev_comm=work prev_pid=337 prev_prio=120 prev_state=R ==> next_comm=work next_pid=335 next_prio=120
            work-335     [002] d..2.   278.432141: sched_switch: prev_comm=work prev_pid=335 prev_prio=120 prev_state=R ==> next_comm=work next_pid=337 next_prio=120
            work-337     [002] d..2.   278.435144: sched_switch: prev_comm=work prev_pid=337 prev_prio=120 prev_state=R ==> next_comm=work next_pid=335 next_prio=120
            work-335     [002] d..2.   278.438149: sched_switch: prev_comm=work prev_pid=335 prev_prio=120 prev_state=R ==> next_comm=work next_pid=337 next_prio=120
            work-337     [002] d..2.   278.441152: sched_switch: prev_comm=work prev_pid=337 prev_prio=120 prev_state=R+ ==> next_comm=work next_pid=335 next_prio=120
            work-335     [002] d..2.   278.443357: sched_switch: prev_comm=work prev_pid=335 prev_prio=120 prev_state=R ==> next_comm=work next_pid=337 next_prio=120
            work-337     [002] d..2.   278.445153: sched_switch: prev_comm=work prev_pid=337 prev_prio=120 prev_state=R+ ==> next_comm=work next_pid=335 next_prio=120
            work-335     [002] d..2.   278.448327: sched_switch: prev_comm=work prev_pid=335 prev_prio=120 prev_state=R ==> next_comm=work next_pid=337 next_prio=120
            work-337     [002] d..2.   278.452140: sched_switch: prev_comm=work prev_pid=337 prev_prio=120 prev_state=R ==> next_comm=work next_pid=335 next_prio=120
            work-335     [002] d..2.   278.455144: sched_switch: prev_comm=work prev_pid=335 prev_prio=120 prev_state=R ==> next_comm=work next_pid=337 next_prio=120
            work-337     [002] d..2.   278.458155: sched_switch: prev_comm=work prev_pid=337 prev_prio=120 prev_state=R ==> next_comm=work next_pid=335 next_prio=120
            work-335     [002] d..2.   278.461151: sched_switch: prev_comm=work prev_pid=335 prev_prio=120 prev_state=R+ ==> next_comm=work next_pid=337 next_prio=120
            work-337     [002] d..2.   278.464153: sched_switch: prev_comm=work prev_pid=337 prev_prio=120 prev_state=R+ ==> next_comm=work next_pid=335 next_prio=120
            work-335     [002] d..2.   278.467141: sched_switch: prev_comm=work prev_pid=335 prev_prio=120 prev_state=R ==> next_comm=work next_pid=337 next_prio=120
            work-337     [002] d..2.   278.470152: sched_switch: prev_comm=work prev_pid=337 prev_prio=120 prev_state=R ==> next_comm=work next_pid=335 next_prio=120
            work-335     [002] d..2.   278.473154: sched_switch: prev_comm=work prev_pid=335 prev_prio=120 prev_state=R ==> next_comm=work next_pid=337 next_prio=120
            work-337     [002] d..2.   278.476145: sched_switch: prev_comm=work prev_pid=337 prev_prio=120 prev_state=R ==> next_comm=work next_pid=335 next_prio=120
            work-335     [002] d..2.   278.479146: sched_switch: prev_comm=work prev_pid=335 prev_prio=120 prev_state=R ==> next_comm=work next_pid=337 next_prio=120
            work-337     [002] d..2.   278.482150: sched_switch: prev_comm=work prev_pid=337 prev_prio=120 prev_state=R ==> next_comm=work next_pid=335 next_prio=120
            work-335     [002] d..2.   278.485150: sched_switch: prev_comm=work prev_pid=335 prev_prio=120 prev_state=R+ ==> next_comm=work next_pid=337 next_prio=120
            work-337     [002] d..2.   278.488140: sched_switch: prev_comm=work prev_pid=337 prev_prio=120 prev_state=R ==> next_comm=work next_pid=335 next_prio=120
            work-335     [002] d..2.   278.491149: sched_switch: prev_comm=work prev_pid=335 prev_prio=120 prev_state=R+ ==> next_comm=work next_pid=337 next_prio=120
            work-337     [002] d..2.   278.494139: sched_switch: prev_comm=work prev_pid=337 prev_prio=120 prev_state=R ==> next_comm=work next_pid=335 next_prio=120
            work-335     [002] d..2.   278.497152: sched_switch: prev_comm=work prev_pid=335 prev_prio=120 prev_state=R+ ==> next_comm=work next_pid=337 next_prio=120
            work-337     [002] d..2.   278.500139: sched_switch: prev_comm=work prev_pid=337 prev_prio=120 prev_state=R ==> next_comm=work next_pid=335 next_prio=120
            work-335     [002] d..2.   278.503150: sched_switch: prev_comm=work prev_pid=335 prev_prio=120 prev_state=R ==> next_comm=work next_pid=337 next_prio=120
            work-337     [002] d..2.   278.506324: sched_switch: prev_comm=work prev_pid=337 prev_prio=120 prev_state=R ==> next_comm=work next_pid=335 next_prio=120
            work-335     [002] d..2.   278.509152: sched_switch: prev_comm=work prev_pid=335 prev_prio=120 prev_state=R+ ==> next_comm=work next_pid=337 next_prio=120
            work-337     [002] d..2.   278.511205: sched_switch: prev_comm=work prev_pid=337 prev_prio=120 prev_state=R ==> next_comm=work next_pid=335 next_prio=120
            work-335     [002] d..2.   278.514146: sched_switch: prev_comm=work prev_pid=335 prev_prio=120 prev_state=R ==> next_comm=work next_pid=337 next_prio=120
            work-337     [002] d..2.   278.517138: sched_switch: prev_comm=work prev_pid=337 prev_prio=120 prev_state=R ==> next_comm=work next_pid=335 next_prio=120
            work-335     [002] d..2.   278.520143: sched_switch: prev_comm=work prev_pid=335 prev_prio=120 prev_state=R ==> next_comm=work next_pid=337 next_prio=120
            work-337     [002] d..2.   278.523147: sched_switch: prev_comm=work prev_pid=337 prev_prio=120 prev_state=R ==> next_comm=work next_pid=335 next_prio=120
            work-335     [002] d..2.   278.526153: sched_switch: prev_comm=work prev_pid=335 prev_prio=120 prev_state=R+ ==> next_comm=work next_pid=337 next_prio=120
            work-337     [002] d..2.   278.529148: sched_switch: prev_comm=work prev_pid=337 prev_prio=120 prev_state=R ==> next_comm=work next_pid=335 next_prio=120
            work-335     [002] d..2.   278.532151: sched_switch: prev_comm=work prev_pid=335 prev_prio=120 prev_state=R+ ==> next_comm=work next_pid=337 next_prio=120
            work-337     [002] d..2.   278.535263: sched_switch: prev_comm=work prev_pid=337 prev_prio=120 prev_state=R ==> next_comm=work next_pid=335 next_prio=120
            work-335     [002] d..2.   278.538151: sched_switch: prev_comm=work prev_pid=335 prev_prio=120 prev_state=R+ ==> next_comm=work next_pid=337 next_prio=120
            work-337     [002] d..2.   278.541141: sched_switch: prev_comm=work prev_pid=337 prev_prio=120 prev_state=R ==> next_comm=work next_pid=335 next_prio=120
            work-335     [002] d..2.   278.544142: sched_switch: prev_comm=work prev_pid=335 prev_prio=120 prev_state=R ==> next_comm=work next_pid=337 next_prio=120
            work-337     [002] d..2.   278.547140: sched_switch: prev_comm=work prev_pid=337 prev_prio=120 prev_state=R ==> next_comm=work next_pid=335 next_prio=120
            work-335     [002] d..2.   278.550143: sched_switch: prev_comm=work prev_pid=335 prev_prio=120 prev_state=R ==> next_comm=work next_pid=337 next_prio=120
            work-337     [002] d..2.   278.553158: sched_switch: prev_comm=work prev_pid=337 prev_prio=120 prev_state=R+ ==> next_comm=work next_pid=335 next_prio=120
            work-335     [002] d..2.   278.556170: sched_switch: prev_comm=work prev_pid=335 prev_prio=120 prev_state=R+ ==> next_comm=work next_pid=337 next_prio=120
            work-337     [002] d..2.   278.559143: sched_switch: prev_comm=work prev_pid=337 prev_prio=120 prev_state=R ==> next_comm=work next_pid=335 next_prio=120
            work-335     [002] d..2.   278.562151: sched_switch: prev_comm=work prev_pid=335 prev_prio=120 prev_state=R+ ==> next_comm=work next_pid=337 next_prio=120
            work-337     [002] d..2.   278.565151: sched_switch: prev_comm=work prev_pid=337 prev_prio=120 prev_state=R ==> next_comm=work next_pid=335 next_prio=120
            work-335     [002] d..2.   278.568146: sched_switch: prev_comm=work prev_pid=335 prev_prio=120 prev_state=R ==> next_comm=work next_pid=337 next_prio=120
            work-337     [002] d..2.   278.571148: sched_switch: prev_comm=work prev_pid=337 prev_prio=120 prev_state=R ==> next_comm=work next_pid=335 next_prio=120
            work-335     [002] d..2.   278.574222: sched_switch: prev_comm=work prev_pid=335 prev_prio=120 prev_state=R ==> next_comm=work next_pid=337 next_prio=120
            work-337     [002] d..2.   278.577144: sched_switch: prev_comm=work prev_pid=337 prev_prio=120 prev_state=R ==> next_comm=work next_pid=335 next_prio=120
            work-335     [002] d..2.   278.580145: sched_switch: prev_comm=work prev_pid=335 prev_prio=120 prev_state=R ==> next_comm=work next_pid=337 next_prio=120
            work-337     [002] d..2.   278.583141: sched_switch: prev_comm=work prev_pid=337 prev_prio=120 prev_state=R ==> next_comm=work next_pid=335 next_prio=120
            work-335     [002] d..2.   278.586152: sched_switch: prev_comm=work prev_pid=335 prev_prio=120 prev_state=R+ ==> next_comm=work next_pid=337 next_prio=120
            work-337     [002] d..2.   278.589143: sched_switch: prev_comm=work prev_pid=337 prev_prio=120 prev_state=R ==> next_comm=work next_pid=335 next_prio=120
            work-335     [002] d..2.   278.592145: sched_switch: prev_comm=work prev_pid=335 prev_prio=120 prev_state=R ==> next_comm=work next_pid=337 next_prio=120
            work-337     [002] d..2.   278.595151: sched_switch: prev_comm=work prev_pid=337 prev_prio=120 prev_state=R+ ==> next_comm=work next_pid=335 next_prio=120
            work-335     [002] d..2.   278.598363: sched_switch: prev_comm=work prev_pid=335 prev_prio=120 prev_state=R ==> next_comm=work next_pid=337 next_prio=120
            work-337     [002] d..2.   278.602138: sched_switch: prev_comm=work prev_pid=337 prev_prio=120 prev_state=R ==> next_comm=work next_pid=335 next_prio=120
            work-335     [002] d..2.   278.605150: sched_switch: prev_comm=work prev_pid=335 prev_prio=120 prev_state=R+ ==> next_comm=work next_pid=337 next_prio=120
            work-337     [002] d..2.   278.608144: sched_switch: prev_comm=work prev_pid=337 prev_prio=120 prev_state=R ==> next_comm=work next_pid=335 next_prio=120
            work-335     [002] d..2.   278.611142: sched_switch: prev_comm=work prev_pid=335 prev_prio=120 prev_state=R ==> next_comm=work next_pid=337 next_prio=120
            work-337     [002] d..2.   278.614150: sched_switch: prev_comm=work prev_pid=337 prev_prio=120 prev_state=R+ ==> next_comm=work next_pid=335 next_prio=120
            work-335     [002] d..2.   278.617150: sched_switch: prev_comm=work prev_pid=335 prev_prio=120 prev_state=R+ ==> next_comm=work next_pid=337 next_prio=120
            work-337     [002] d..2.   278.620142: sched_switch: prev_comm=work prev_pid=337 prev_prio=120 prev_state=R ==> next_comm=work next_pid=335 next_prio=120
            work-335     [002] d..2.   278.622366: sched_switch: prev_comm=work prev_pid=335 prev_prio=120 prev_state=R ==> next_comm=work next_pid=337 next_prio=120
