     rcu_preempt-16      [002] d..2.   182.344402: sched_switch: prev_comm=rcu_preempt prev_pid=16 prev_prio=120 prev_state=I ==> next_comm=su next_pid=329 next_prio=120
              su-329     [002] d..2.   182.347278: sched_switch: prev_comm=su prev_pid=329 prev_prio=120 prev_state=R ==> next_comm=rcu_preempt next_pid=16 next_prio=120
     rcu_preempt-16      [002] d..2.   182.347308: sched_switch: prev_comm=rcu_preempt prev_pid=16 prev_prio=120 prev_state=I ==> next_comm=su next_pid=329 next_prio=120
              su-329     [002] d..2.   182.350167: sched_switch: prev_comm=su prev_pid=329 prev_prio=120 prev_state=S ==> next_comm=swapper/2 next_pid=0 next_prio=120
              su-332     [003] d..2.   182.350258: sched_switch: prev_comm=su prev_pid=332 prev_prio=120 prev_state=S ==> next_comm=su next_pid=330 next_prio=120
          <idle>-0       [002] d..2.   182.351383: sched_switch: prev_comm=swapper/2 prev_pid=0 prev_prio=120 prev_state=R ==> next_comm=rcu_preempt next_pid=16 next_prio=120
     rcu_preempt-16      [002] d..2.   182.351410: sched_switch: prev_comm=rcu_preempt prev_pid=16 prev_prio=120 prev_state=I ==> next_comm=swapper/2 next_pid=0 next_prio=120
          <idle>-0       [002] d..2.   182.355381: sched_switch: prev_comm=swapper/2 prev_pid=0 prev_prio=120 prev_state=R ==> next_comm=rcu_preempt next_pid=16 next_prio=120
     rcu_preempt-16      [002] d..2.   182.355407: sched_switch: prev_comm=rcu_preempt prev_pid=16 prev_prio=120 prev_state=I ==> next_comm=swapper/2 next_pid=0 next_prio=120
              su-330     [003] d..2.   182.356910: sched_switch: prev_comm=su prev_pid=330 prev_prio=120 prev_state=S ==> next_comm=swapper/3 next_pid=0 next_prio=120
          <idle>-0       [002] d..2.   182.359924: sched_switch: prev_comm=swapper/2 prev_pid=0 prev_prio=120 prev_state=R ==> next_comm=su next_pid=329 next_prio=120
          <idle>-0       [003] d..2.   182.360292: sched_switch: prev_comm=swapper/3 prev_pid=0 prev_prio=120 prev_state=R ==> next_comm=rcu_preempt next_pid=16 next_prio=120
     rcu_preempt-16      [003] d..2.   182.360333: sched_switch: prev_comm=rcu_preempt prev_pid=16 prev_prio=120 prev_state=I ==> next_comm=swapper/3 next_pid=0 next_prio=120
          <idle>-0       [003] d..2.   182.360957: sched_switch: prev_comm=swapper/3 prev_pid=0 prev_prio=120 prev_state=R ==> next_comm=su next_pid=332 next_prio=120
              su-329     [002] d..2.   182.361881: sched_switch: prev_comm=su prev_pid=329 prev_prio=120 prev_state=S ==> next_comm=swapper/2 next_pid=0 next_prio=120
              su-332     [003] d..2.   182.362917: sched_switch: prev_comm=su prev_pid=332 prev_prio=120 prev_state=S ==> next_comm=swapper/3 next_pid=0 next_prio=120
          <idle>-0       [003] d..2.   182.364268: sched_switch: prev_comm=swapper/3 prev_pid=0 prev_prio=120 prev_state=R ==> next_comm=rcu_preempt next_pid=16 next_prio=120
     rcu_preempt-16      [003] d..2.   182.364304: sched_switch: prev_comm=rcu_preempt prev_pid=16 prev_prio=120 prev_state=I ==> next_comm=swapper/3 next_pid=0 next_prio=120
          <idle>-0       [002] d..2.   182.383042: sched_switch: prev_comm=swapper/2 prev_pid=0 prev_prio=120 prev_state=R ==> next_comm=su next_pid=329 next_prio=120
          <idle>-0       [003] d..2.   182.386683: sched_switch: prev_comm=swapper/3 prev_pid=0 prev_prio=120 prev_state=R ==> next_comm=su next_pid=332 next_prio=120
              su-329     [002] d..2.   182.387067: sched_switch: prev_comm=su prev_pid=329 prev_prio=120 prev_state=S ==> next_comm=swapper/2 next_pid=0 next_prio=120
              su-332     [003] d..2.   182.390409: sched_switch: prev_comm=su prev_pid=332 prev_prio=120 prev_state=S ==> next_comm=swapper/3 next_pid=0 next_prio=120
          <idle>-0       [003] d..2.   182.391461: sched_switch: prev_comm=swapper/3 prev_pid=0 prev_prio=120 prev_state=R ==> next_comm=su next_pid=330 next_prio=120
              su-330     [003] d..2.   182.393338: sched_switch: prev_comm=su prev_pid=330 prev_prio=120 prev_state=S ==> next_comm=swapper/3 next_pid=0 next_prio=120
          <idle>-0       [003] d..2.   182.397325: sched_switch: prev_comm=swapper/3 prev_pid=0 prev_prio=120 prev_state=R ==> next_comm=unattended-upgr next_pid=231 next_prio=120
          <idle>-0       [002] d..2.   182.416303: sched_switch: prev_comm=swapper/2 prev_pid=0 prev_prio=120 prev_state=R ==> next_comm=su next_pid=329 next_prio=120
              su-329     [002] d..2.   182.421200: sched_switch: prev_comm=su prev_pid=329 prev_prio=120 prev_state=S ==> next_comm=swapper/2 next_pid=0 next_prio=120
 unattended-upgr-231     [003] d..2.   182.422250: sched_switch: prev_comm=unattended-upgr prev_pid=231 prev_prio=120 prev_state=S ==> next_comm=swapper/3 next_pid=0 next_prio=120
          <idle>-0       [002] d..2.   182.422878: sched_switch: prev_comm=swapper/2 prev_pid=0 prev_prio=120 prev_state=R ==> next_comm=systemd-logind next_pid=218 next_prio=120
  systemd-logind-218     [002] d..2.   182.424540: sched_switch: prev_comm=systemd-logind prev_pid=218 prev_prio=120 prev_state=S ==> next_comm=swapper/2 next_pid=0 next_prio=120
          <idle>-0       [002] d..2.   182.425153: sched_switch: prev_comm=swapper/2 prev_pid=0 prev_prio=120 prev_state=R ==> next_comm=systemd-logind next_pid=218 next_prio=120
          <idle>-0       [003] d..2.   182.425413: sched_switch: prev_comm=swapper/3 prev_pid=0 prev_prio=120 prev_state=R ==> next_comm=rcu_preempt next_pid=16 next_prio=120
     rcu_preempt-16      [003] d..2.   182.425461: sched_switch: prev_comm=rcu_preempt prev_pid=16 prev_prio=120 prev_state=I ==> next_comm=swapper/3 next_pid=0 next_prio=120
  systemd-logind-218     [002] d..2.   182.425941: sched_switch: prev_comm=systemd-logind prev_pid=218 prev_prio=120 prev_state=S ==> next_comm=dbus-daemon next_pid=214 next_prio=120
     dbus-daemon-214     [002] d..2.   182.426055: sched_switch: prev_comm=dbus-daemon prev_pid=214 prev_prio=120 prev_state=R ==> next_comm=systemd-logind next_pid=218 next_prio=120
  systemd-logind-218     [002] d..2.   182.426331: sched_switch: prev_comm=systemd-logind prev_pid=218 prev_prio=120 prev_state=S ==> next_comm=dbus-daemon next_pid=214 next_prio=120
     dbus-daemon-214     [002] d..2.   182.427410: sched_switch: prev_comm=dbus-daemon prev_pid=214 prev_prio=120 prev_state=R ==> next_comm=systemd-logind next_pid=218 next_prio=120
          <idle>-0       [003] d..2.   182.429420: sched_switch: prev_comm=swapper/3 prev_pid=0 prev_prio=120 prev_state=R ==> next_comm=rcu_preempt next_pid=16 next_prio=120
     rcu_preempt-16      [003] d..2.   182.429473: sched_switch: prev_comm=rcu_preempt prev_pid=16 prev_prio=120 prev_state=I ==> next_comm=su next_pid=332 next_prio=120
  systemd-logind-218     [002] d..2.   182.429743: sched_switch: prev_comm=systemd-logind prev_pid=218 prev_prio=120 prev_state=S ==> next_comm=swapper/2 next_pid=0 next_prio=120
              su-332     [003] d..2.   182.433150: sched_switch: prev_comm=su prev_pid=332 prev_prio=120 prev_state=R ==> next_comm=su next_pid=340 next_prio=120
            work-340     [003] d..2.   182.433278: sched_switch: prev_comm=su prev_pid=340 prev_prio=120 prev_state=R+ ==> next_comm=rcu_preempt next_pid=16 next_prio=120
     rcu_preempt-16      [003] d..2.   182.433348: sched_switch: prev_comm=rcu_preempt prev_pid=16 prev_prio=120 prev_state=I ==> next_comm=su next_pid=332 next_prio=120
              su-332     [003] d..2.   182.433912: sched_switch: prev_comm=su prev_pid=332 prev_prio=120 prev_state=S ==> next_comm=su next_pid=340 next_prio=120
            work-340     [003] d..2.   182.438253: sched_switch: prev_comm=su prev_pid=340 prev_prio=120 prev_state=R ==> next_comm=rcu_preempt next_pid=16 next_prio=120
     rcu_preempt-16      [003] d..2.   182.438324: sched_switch: prev_comm=rcu_preempt prev_pid=16 prev_prio=120 prev_state=I ==> next_comm=su next_pid=340 next_prio=120
            work-340     [003] d..2.   182.442290: sched_switch: prev_comm=bash prev_pid=340 prev_prio=120 prev_state=R+ ==> next_comm=rcu_preempt next_pid=16 next_prio=120
     rcu_preempt-16      [003] d..2.   182.442334: sched_switch: prev_comm=rcu_preempt prev_pid=16 prev_prio=120 prev_state=I ==> next_comm=bash next_pid=340 next_prio=120
            work-340     [003] d..2.   182.446279: sched_switch: prev_comm=bash prev_pid=340 prev_prio=120 prev_state=R ==> next_comm=rcu_preempt next_pid=16 next_prio=120
     rcu_preempt-16      [003] d..2.   182.446338: sched_switch: prev_comm=rcu_preempt prev_pid=16 prev_prio=120 prev_state=I ==> next_comm=bash next_pid=340 next_prio=120
            work-340     [003] d..2.   182.447309: sched_switch: prev_comm=bash prev_pid=340 prev_prio=120 prev_state=R ==> next_comm=ksoftirqd/3 next_pid=33 next_prio=120
     ksoftirqd/3-33      [003] d..2.   182.447358: sched_switch: prev_comm=ksoftirqd/3 prev_pid=33 prev_prio=120 prev_state=S ==> next_comm=bash next_pid=340 next_prio=120
            work-340     [003] d..2.   182.450258: sched_switch: prev_comm=bash prev_pid=340 prev_prio=120 prev_state=R ==> next_comm=rcu_preempt next_pid=16 next_prio=120
     rcu_preempt-16      [003] d..2.   182.450309: sched_switch: prev_comm=rcu_preempt prev_pid=16 prev_prio=120 prev_state=I ==> next_comm=bash next_pid=340 next_prio=120
            work-340     [003] d..2.   182.454262: sched_switch: prev_comm=bash prev_pid=340 prev_prio=120 prev_state=R ==> next_comm=rcu_preempt next_pid=16 next_prio=120
     rcu_preempt-16      [003] d..2.   182.454314: sched_switch: prev_comm=rcu_preempt prev_pid=16 prev_prio=120 prev_state=I ==> next_comm=bash next_pid=340 next_prio=120
            work-340     [003] d..2.   182.458254: sched_switch: prev_comm=bash prev_pid=340 prev_prio=120 prev_state=R ==> next_comm=rcu_preempt next_pid=16 next_prio=120
     rcu_preempt-16      [003] d..2.   182.458308: sched_switch: prev_comm=rcu_preempt prev_pid=16 prev_prio=120 prev_state=I ==> next_comm=bash next_pid=340 next_prio=120
            work-340     [003] d..2.   182.462268: sched_switch: prev_comm=bash prev_pid=340 prev_prio=120 prev_state=R ==> next_comm=rcu_preempt next_pid=16 next_prio=120
     rcu_preempt-16      [003] d..2.   182.462321: sched_switch: prev_comm=rcu_preempt prev_pid=16 prev_prio=120 prev_state=I ==> next_comm=bash next_pid=340 next_prio=120
            work-340     [003] d..2.   182.466276: sched_switch: prev_comm=bash prev_pid=340 prev_prio=120 prev_state=R ==> next_comm=rcu_preempt next_pid=16 next_prio=120
     rcu_preempt-16      [003] d..2.   182.466318: sched_switch: prev_comm=rcu_preempt prev_pid=16 prev_prio=120 prev_state=I ==> next_comm=bash next_pid=340 next_prio=120
            work-340     [003] d..2.   182.470248: sched_switch: prev_comm=bash prev_pid=340 prev_prio=120 prev_state=R ==> next_comm=rcu_preempt next_pid=16 next_prio=120
     rcu_preempt-16      [003] d..2.   182.470292: sched_switch: prev_comm=rcu_preempt prev_pid=16 prev_prio=120 prev_state=I ==> next_comm=bash next_pid=340 next_prio=120
            work-340     [003] d..2.   182.474259: sched_switch: prev_comm=bash prev_pid=340 prev_prio=120 prev_state=R ==> next_comm=rcu_preempt next_pid=16 next_prio=120
     rcu_preempt-16      [003] d..2.   182.474309: sched_switch: prev_comm=rcu_preempt prev_pid=16 prev_prio=120 prev_state=I ==> next_comm=bash next_pid=340 next_prio=120
            work-340     [003] d..2.   182.478259: sched_switch: prev_comm=bash prev_pid=340 prev_prio=120 prev_state=R ==> next_comm=rcu_preempt next_pid=16 next_prio=120
     rcu_preempt-16      [003] d..2.   182.478301: sched_switch: prev_comm=rcu_preempt prev_pid=16 prev_prio=120 prev_state=I ==> next_comm=bash next_pid=340 next_prio=120
            work-340     [003] d..2.   182.514257: sched_switch: prev_comm=taskset prev_pid=340 prev_prio=120 prev_state=R ==> next_comm=su next_pid=330 next_prio=120
              su-330     [003] d..2.   182.517265: sched_switch: prev_comm=su prev_pid=330 prev_prio=120 prev_state=R+ ==> next_comm=taskset next_pid=339 next_prio=120
            work-339     [003] d..2.   182.520247: sched_switch: prev_comm=work prev_pid=339 prev_prio=120 prev_state=R ==> next_comm=su next_pid=330 next_prio=120
              su-330     [003] d..2.   182.521619: sched_switch: prev_comm=su prev_pid=330 prev_prio=120 prev_state=S ==> next_comm=work next_pid=339 next_prio=120
            work-339     [003] d..2.   182.523333: sched_switch: prev_comm=work prev_pid=339 prev_prio=120 prev_state=R ==> next_comm=taskset next_pid=340 next_prio=120
            work-340     [003] d..2.   182.525262: sched_switch: prev_comm=work prev_pid=340 prev_prio=120 prev_state=R ==> next_comm=work next_pid=339 next_prio=120
            work-339     [003] d..2.   182.528261: sched_switch: prev_comm=work prev_pid=339 prev_prio=120 prev_state=R ==> next_comm=work next_pid=340 next_prio=120
            work-340     [003] d..2.   182.531239: sched_switch: prev_comm=work prev_pid=340 prev_prio=120 prev_state=R ==> next_comm=work next_pid=339 next_prio=120
            work-339     [003] d..2.   182.534240: sched_switch: prev_comm=work prev_pid=339 prev_prio=120 prev_state=R ==> next_comm=work next_pid=340 next_prio=120
            work-340     [003] d..2.   182.537233: sched_switch: prev_comm=work prev_pid=340 prev_prio=120 prev_state=R ==> next_comm=work next_pid=339 next_prio=120
            work-339     [003] d..2.   182.540282: sched_switch: prev_comm=work prev_pid=339 prev_prio=120 prev_state=R ==> next_comm=ksoftirqd/3 next_pid=33 next_prio=120
     ksoftirqd/3-33      [003] d..2.   182.540344: sched_switch: prev_comm=ksoftirqd/3 prev_pid=33 prev_prio=120 prev_state=S ==> next_comm=work next_pid=340 next_prio=120
            work-340     [003] d..2.   182.543232: sched_switch: prev_comm=work prev_pid=340 prev_prio=120 prev_state=R ==> next_comm=work next_pid=339 next_prio=120
            work-339     [003] d..2.   182.546428: sched_switch: prev_comm=work prev_pid=339 prev_prio=120 prev_state=R ==> next_comm=work next_pid=340 next_prio=120
            work-340     [003] d..2.   182.549463: sched_switch: prev_comm=work prev_pid=340 prev_prio=120 prev_state=R ==> next_comm=work next_pid=339 next_prio=120
            work-339     [003] d..2.   182.552239: sched_switch: prev_comm=work prev_pid=339 prev_prio=120 prev_state=R ==> next_comm=work next_pid=340 next_prio=120
            work-340     [003] d..2.   182.554247: sched_switch: prev_comm=work prev_pid=340 prev_prio=120 prev_state=R ==> next_comm=work next_pid=339 next_prio=120
            work-339     [003] d..2.   182.557225: sched_switch: prev_comm=work prev_pid=339 prev_prio=120 prev_state=R ==> next_comm=work next_pid=340 next_prio=120
            work-340     [003] d..2.   182.560241: sched_switch: prev_comm=work prev_pid=340 prev_prio=120 prev_state=R ==> next_comm=work next_pid=339 next_prio=120
            work-339     [003] d..2.   182.563268: sched_switch: prev_comm=work prev_pid=339 prev_prio=120 prev_state=R ==> next_comm=ksoftirqd/3 next_pid=33 next_prio=120
     ksoftirqd/3-33      [003] d..2.   182.563321: sched_switch: prev_comm=ksoftirqd/3 prev_pid=33 prev_prio=120 prev_state=S ==> next_comm=work next_pid=340 next_prio=120
            work-340     [003] d..2.   182.566245: sched_switch: prev_comm=work prev_pid=340 prev_prio=120 prev_state=R ==> next_comm=work next_pid=339 next_prio=120
            work-339     [003] d..2.   182.569244: sched_switch: prev_comm=work prev_pid=339 prev_prio=120 prev_state=R ==> next_comm=work next_pid=340 next_prio=120
            work-340     [003] d..2.   182.572233: sched_switch: prev_comm=work prev_pid=340 prev_prio=120 prev_state=R ==> next_comm=work next_pid=339 next_prio=120
            work-339     [003] d..2.   182.575223: sched_switch: prev_comm=work prev_pid=339 prev_prio=120 prev_state=R ==> next_comm=work next_pid=340 next_prio=120
            work-340     [003] d..2.   182.578227: sched_switch: prev_comm=work prev_pid=340 prev_prio=120 prev_state=R ==> next_comm=work next_pid=339 next_prio=120
            work-339     [003] d..2.   182.581221: sched_switch: prev_comm=work prev_pid=339 prev_prio=120 prev_state=R ==> next_comm=work next_pid=340 next_prio=120
            work-340     [003] d..2.   182.584237: sched_switch: prev_comm=work prev_pid=340 prev_prio=120 prev_state=R+ ==> next_comm=work next_pid=339 next_prio=120
            work-339     [003] d..2.   182.587267: sched_switch: prev_comm=work prev_pid=339 prev_prio=120 prev_state=R ==> next_comm=work next_pid=340 next_prio=120
            work-340     [003] d..2.   182.590241: sched_switch: prev_comm=work prev_pid=340 prev_prio=120 prev_state=R+ ==> next_comm=work next_pid=339 next_prio=120
            work-339     [003] d..2.   182.593228: sched_switch: prev_comm=work prev_pid=339 prev_prio=120 prev_state=R ==> next_comm=work next_pid=340 next_prio=120
            work-340     [003] d..2.   182.596224: sched_switch: prev_comm=work prev_pid=340 prev_prio=120 prev_state=R ==> next_comm=work next_pid=339 next_prio=120
            work-339     [003] d..2.   182.599223: sched_switch: prev_comm=work prev_pid=339 prev_prio=120 prev_state=R ==> next_comm=work next_pid=340 next_prio=120
            work-340     [003] d..2.   182.602220: sched_switch: prev_comm=work prev_pid=340 prev_prio=120 prev_state=R ==> next_comm=work next_pid=339 next_prio=120
            work-339     [003] d..2.   182.605233: sched_switch: prev_comm=work prev_pid=339 prev_prio=120 prev_state=R ==> next_comm=work next_pid=340 next_prio=120
            work-340     [003] d..2.   182.608237: sched_switch: prev_comm=work prev_pid=340 prev_prio=120 prev_state=R ==> next_comm=work next_pid=339 next_prio=120
            work-339     [003] d..2.   182.611220: sched_switch: prev_comm=work prev_pid=339 prev_prio=120 prev_state=R ==> next_comm=work next_pid=340 next_prio=120
            work-340     [003] d..2.   182.614237: sched_switch: prev_comm=work prev_pid=340 prev_prio=120 prev_state=R+ ==> next_comm=work next_pid=339 next_prio=120
            work-339     [003] d..2.   182.617234: sched_switch: prev_comm=work prev_pid=339 prev_prio=120 prev_state=R+ ==> next_comm=work next_pid=340 next_prio=120
            work-340     [003] d..2.   182.620231: sched_switch: prev_comm=work prev_pid=340 prev_prio=120 prev_state=R ==> next_comm=work next_pid=339 next_prio=120
            work-339     [003] d..2.   182.623230: sched_switch: prev_comm=work prev_pid=339 prev_prio=120 prev_state=R ==> next_comm=work next_pid=340 next_prio=120
            work-340     [003] d..2.   182.626229: sched_switch: prev_comm=work prev_pid=340 prev_prio=120 prev_state=R+ ==> next_comm=work next_pid=339 next_prio=120
            work-339     [003] d..2.   182.629228: sched_switch: prev_comm=work prev_pid=339 prev_prio=120 prev_state=R+ ==> next_comm=work next_pid=340 next_prio=120
            work-340     [003] d..2.   182.632223: sched_switch: prev_comm=work prev_pid=340 prev_prio=120 prev_state=R ==> next_comm=work next_pid=339 next_prio=120
            work-339     [003] d..2.   182.635234: sched_switch: prev_comm=work prev_pid=339 prev_prio=120 prev_state=R+ ==> next_comm=work next_pid=340 next_prio=120
            work-340     [003] d..2.   182.638238: sched_switch: prev_comm=work prev_pid=340 prev_prio=120 prev_state=R ==> next_comm=work next_pid=339 next_prio=120
            work-339     [003] d..2.   182.641218: sched_switch: prev_comm=work prev_pid=339 prev_prio=120 prev_state=R ==> next_comm=work next_pid=340 next_prio=120
            work-340     [003] d..2.   182.644233: sched_switch: prev_comm=work prev_pid=340 prev_prio=120 prev_state=R+ ==> next_comm=work next_pid=339 next_prio=120
            work-339     [003] d..2.   182.647264: sched_switch: prev_comm=work prev_pid=339 prev_prio=120 prev_state=R ==> next_comm=work next_pid=340 next_prio=120
            work-340     [003] d..2.   182.650221: sched_switch: prev_comm=work prev_pid=340 prev_prio=120 prev_state=R ==> next_comm=work next_pid=339 next_prio=120
            work-339     [003] d..2.   182.653221: sched_switch: prev_comm=work prev_pid=339 prev_prio=120 prev_state=R ==> next_comm=work next_pid=340 next_prio=120
            work-340     [003] d..2.   182.656227: sched_switch: prev_comm=work prev_pid=340 prev_prio=120 prev_state=R ==> next_comm=work next_pid=339 next_prio=120
            work-339     [003] d..2.   182.659221: sched_switch: prev_comm=work prev_pid=339 prev_prio=120 prev_state=R ==> next_comm=work next_pid=340 next_prio=120
            work-340     [003] d..2.   182.662232: sched_switch: prev_comm=work prev_pid=340 prev_prio=120 prev_state=R+ ==> next_comm=work next_pid=339 next_prio=120
            work-339     [003] d..2.   182.665219: sched_switch: prev_comm=work prev_pid=339 prev_prio=120 prev_state=R ==> next_comm=work next_pid=340 next_prio=120
            work-340     [003] d..2.   182.668221: sched_switch: prev_comm=work prev_pid=340 prev_prio=120 prev_state=R ==> next_comm=work next_pid=339 next_prio=120
            work-339     [003] d..2.   182.671219: sched_switch: prev_comm=work prev_pid=339 prev_prio=120 prev_state=R ==> next_comm=work next_pid=340 next_prio=120
            work-340     [003] d..2.   182.674220: sched_switch: prev_comm=work prev_pid=340 prev_prio=120 prev_state=R ==> next_comm=work next_pid=339 next_prio=120
            work-339     [003] d..2.   182.677225: sched_switch: prev_comm=work prev_pid=339 prev_prio=120 prev_state=R ==> next_comm=work next_pid=340 next_prio=120
            work-340     [003] d..2.   182.680230: sched_switch: prev_comm=work prev_pid=340 prev_prio=120 prev_state=R+ ==> next_comm=work next_pid=339 next_prio=120
            work-339     [003] d..2.   182.683224: sched_switch: prev_comm=work prev_pid=339 prev_prio=120 prev_state=R ==> next_comm=work next_pid=340 next_prio=120
            work-340     [003] d..2.   182.686220: sched_switch: prev_comm=work prev_pid=340 prev_prio=120 prev_state=R ==> next_comm=work next_pid=339 next_prio=120
            work-339     [003] d..2.   182.689237: sched_switch: prev_comm=work prev_pid=339 prev_prio=120 prev_state=R ==> next_comm=work next_pid=340 next_prio=120
            work-340     [003] d..2.   182.692226: sched_switch: prev_comm=work prev_pid=340 prev_prio=120 prev_state=R ==> next_comm=work next_pid=339 next_prio=120
            work-339     [003] d..2.   182.695220: sched_switch: prev_comm=work prev_pid=339 prev_prio=120 prev_state=R ==> next_comm=work next_pid=340 next_prio=120
            work-340     [003] d..2.   182.698221: sched_switch: prev_comm=work prev_pid=340 prev_prio=120 prev_state=R ==> next_comm=work next_pid=339 next_prio=120
            work-339     [003] d..2.   182.701229: sched_switch: prev_comm=work prev_pid=339 prev_prio=120 prev_state=R ==> next_comm=work next_pid=340 next_prio=120
            work-340     [003] d..2.   182.704219: sched_switch: prev_comm=work prev_pid=340 prev_prio=120 prev_state=R ==> next_comm=work next_pid=339 next_prio=120
            work-339     [003] d..2.   182.707217: sched_switch: prev_comm=work prev_pid=339 prev_prio=120 prev_state=R ==> next_comm=work next_pid=340 next_prio=120
            work-340     [003] d..2.   182.710219: sched_switch: prev_comm=work prev_pid=340 prev_prio=120 prev_state=R ==> next_comm=work next_pid=339 next_prio=120
            work-339     [003] d..2.   182.713228: sched_switch: prev_comm=work prev_pid=339 prev_prio=120 prev_state=R+ ==> next_comm=work next_pid=340 next_prio=120
            work-340     [003] d..2.   182.716228: sched_switch: prev_comm=work prev_pid=340 prev_prio=120 prev_state=R ==> next_comm=work next_pid=339 next_prio=120
            work-339     [003] d..2.   182.719231: sched_switch: prev_comm=work prev_pid=339 prev_prio=120 prev_state=R+ ==> next_comm=work next_pid=340 next_prio=120
            work-340     [003] d..2.   182.722225: sched_switch: prev_comm=work prev_pid=340 prev_prio=120 prev_state=R ==> next_comm=work next_pid=339 next_prio=120
            work-339     [003] d..2.   182.725244: sched_switch: prev_comm=work prev_pid=339 prev_prio=120 prev_state=R+ ==> next_comm=work next_pid=340 next_prio=120
            work-340     [003] d..2.   182.728226: sched_switch: prev_comm=work prev_pid=340 prev_prio=120 prev_state=R ==> next_comm=work next_pid=339 next_prio=120
            work-339     [003] d..2.   182.731232: sched_switch: prev_comm=work prev_pid=339 prev_prio=120 prev_state=R+ ==> next_comm=work next_pid=340 next_prio=120
            work-340     [003] d..2.   182.734220: sched_switch: prev_comm=work prev_pid=340 prev_prio=120 prev_state=R ==> next_comm=work next_pid=339 next_prio=120
            work-339     [003] d..2.   182.737217: sched_switch: prev_comm=work prev_pid=339 prev_prio=120 prev_state=R ==> next_comm=work next_pid=340 next_prio=120
            work-340     [003] d..2.   182.740218: sched_switch: prev_comm=work prev_pid=340 prev_prio=120 prev_state=R ==> next_comm=work next_pid=339 next_prio=120
            work-339     [003] d..2.   182.743229: sched_switch: prev_comm=work prev_pid=339 prev_prio=120 prev_state=R ==> next_comm=work next_pid=340 next_prio=120
            work-340     [003] d..2.   182.746222: sched_switch: prev_comm=work prev_pid=340 prev_prio=120 prev_state=R ==> next_comm=work next_pid=339 next_prio=120
            work-339     [003] d..2.   182.749225: sched_switch: prev_comm=work prev_pid=339 prev_prio=120 prev_state=R ==> next_comm=work next_pid=340 next_prio=120
            work-340     [003] d..2.   182.752219: sched_switch: prev_comm=work prev_pid=340 prev_prio=120 prev_state=R ==> next_comm=work next_pid=339 next_prio=120
            work-339     [003] d..2.   182.755233: sched_switch: prev_comm=work prev_pid=339 prev_prio=120 prev_state=R+ ==> next_comm=work next_pid=340 next_prio=120
            work-340     [003] d..2.   182.758227: sched_switch: prev_comm=work prev_pid=340 prev_prio=120 prev_state=R+ ==> next_comm=work next_pid=339 next_prio=120
            work-339     [003] d..2.   182.761253: sched_switch: prev_comm=work prev_pid=339 prev_prio=120 prev_state=R ==> next_comm=work next_pid=340 next_prio=120
            work-340     [003] d..2.   182.764218: sched_switch: prev_comm=work prev_pid=340 prev_prio=120 prev_state=R ==> next_comm=work next_pid=339 next_prio=120
            work-339     [003] d..2.   182.767218: sched_switch: prev_comm=work prev_pid=339 prev_prio=120 prev_state=R ==> next_comm=work next_pid=340 next_prio=120
            work-340     [003] d..2.   182.770218: sched_switch: prev_comm=work prev_pid=340 prev_prio=120 prev_state=R ==> next_comm=work next_pid=339 next_prio=120
            work-339     [003] d..2.   182.773220: sched_switch: prev_comm=work prev_pid=339 prev_prio=120 prev_state=R ==> next_comm=work next_pid=340 next_prio=120
            work-340     [003] d..2.   182.776223: sched_switch: prev_comm=work prev_pid=340 prev_prio=120 prev_state=R ==> next_comm=work next_pid=339 next_prio=120
            work-339     [003] d..2.   182.779227: sched_switch: prev_comm=work prev_pid=339 prev_prio=120 prev_state=R+ ==> next_comm=work next_pid=340 next_prio=120
            work-340     [003] d..2.   182.782220: sched_switch: prev_comm=work prev_pid=340 prev_prio=120 prev_state=R ==> next_comm=work next_pid=339 next_prio=120
            work-339     [003] d..2.   182.785218: sched_switch: prev_comm=work prev_pid=339 prev_prio=120 prev_state=R ==> next_comm=work next_pid=340 next_prio=120
            work-340     [003] d..2.   182.788216: sched_switch: prev_comm=work prev_pid=340 prev_prio=120 prev_state=R ==> next_comm=work next_pid=339 next_prio=120
            work-339     [003] d..2.   182.791217: sched_switch: prev_comm=work prev_pid=339 prev_prio=120 prev_state=R ==> next_comm=work next_pid=340 next_prio=120
            work-340     [003] d..2.   182.794218: sched_switch: prev_comm=work prev_pid=340 prev_prio=120 prev_state=R ==> next_comm=work next_pid=339 next_prio=120
            work-339     [003] d..2.   182.797227: sched_switch: prev_comm=work prev_pid=339 prev_prio=120 prev_state=R ==> next_comm=work next_pid=340 next_prio=120
            work-340     [003] d..2.   182.800225: sched_switch: prev_comm=work prev_pid=340 prev_prio=120 prev_state=R+ ==> next_comm=work next_pid=339 next_prio=120
            work-339     [003] d..2.   182.803248: sched_switch: prev_comm=work prev_pid=339 prev_prio=120 prev_state=R ==> next_comm=work next_pid=340 next_prio=120
            work-340     [003] d..2.   182.806218: sched_switch: prev_comm=work prev_pid=340 prev_prio=120 prev_state=R ==> next_comm=work next_pid=339 next_prio=120
            work-339     [003] d..2.   182.809217: sched_switch: prev_comm=work prev_pid=339 prev_prio=120 prev_state=R ==> next_comm=work next_pid=340 next_prio=120
            work-340     [003] d..2.   182.812217: sched_switch: prev_comm=work prev_pid=340 prev_prio=120 prev_state=R ==> next_comm=work next_pid=339 next_prio=120
            work-339     [003] d..2.   182.815217: sched_switch: prev_comm=work prev_pid=339 prev_prio=120 prev_state=R ==> next_comm=work next_pid=340 next_prio=120
            work-340     [003] d..2.   182.818218: sched_switch: prev_comm=work prev_pid=340 prev_prio=120 prev_state=R ==> next_comm=work next_pid=339 next_prio=120
            work-339     [003] d..2.   182.821230: sched_switch: prev_comm=work prev_pid=339 prev_prio=120 prev_state=R+ ==> next_comm=work next_pid=340 next_prio=120
            work-340     [003] d..2.   182.824229: sched_switch: prev_comm=work prev_pid=340 prev_prio=120 prev_state=R ==> next_comm=work next_pid=339 next_prio=120
            work-339     [003] d..2.   182.827219: sched_switch: prev_comm=work prev_pid=339 prev_prio=120 prev_state=R ==> next_comm=work next_pid=340 next_prio=120
            work-340     [003] d..2.   182.830219: sched_switch: prev_comm=work prev_pid=340 prev_prio=120 prev_state=R ==> next_comm=work next_pid=339 next_prio=120
            work-339     [003] d..2.   182.833218: sched_switch: prev_comm=work prev_pid=339 prev_prio=120 prev_state=R ==> next_comm=work next_pid=340 next_prio=120
            work-340     [003] d..2.   182.836218: sched_switch: prev_comm=work prev_pid=340 prev_prio=120 prev_state=R ==> next_comm=work next_pid=339 next_prio=120
            work-339     [003] d..2.   182.839218: sched_switch: prev_comm=work prev_pid=339 prev_prio=120 prev_state=R ==> next_comm=work next_pid=340 next_prio=120
            work-340     [003] d..2.   182.842223: sched_switch: prev_comm=work prev_pid=340 prev_prio=120 prev_state=R ==> next_comm=work next_pid=339 next_prio=120
            work-339     [003] d..2.   182.845220: sched_switch: prev_comm=work prev_pid=339 prev_prio=120 prev_state=R ==> next_comm=work next_pid=340 next_prio=120
            work-340     [003] d..2.   182.848239: sched_switch: prev_comm=work prev_pid=340 prev_prio=120 prev_state=R ==> next_comm=work next_pid=339 next_prio=120
            work-339     [003] d..2.   182.851227: sched_switch: prev_comm=work prev_pid=339 prev_prio=120 prev_state=R+ ==> next_comm=work next_pid=340 next_prio=120
            work-340     [003] d..2.   182.854220: sched_switch: prev_comm=work prev_pid=340 prev_prio=120 prev_state=R ==> next_comm=work next_pid=339 next_prio=120
            work-339     [003] d..2.   182.857233: sched_switch: prev_comm=work prev_pid=339 prev_prio=120 prev_state=R ==> next_comm=work next_pid=340 next_prio=120
            work-340     [003] d..2.   182.860228: sched_switch: prev_comm=work prev_pid=340 prev_prio=120 prev_state=R ==> next_comm=work next_pid=339 next_prio=120
            work-339     [003] d..2.   182.863238: sched_switch: prev_comm=work prev_pid=339 prev_prio=120 prev_state=R ==> next_comm=work next_pid=340 next_prio=120
            work-340     [003] d..2.   182.866220: sched_switch: prev_comm=work prev_pid=340 prev_prio=120 prev_state=R ==> next_comm=work next_pid=339 next_prio=120
            work-339     [003] d..2.   182.869220: sched_switch: prev_comm=work prev_pid=339 prev_prio=120 prev_state=R ==> next_comm=work next_pid=340 next_prio=120
            work-340     [003] d..2.   182.872219: sched_switch: prev_comm=work prev_pid=340 prev_prio=120 prev_state=R ==> next_comm=work next_pid=339 next_prio=120
            work-339     [003] d..2.   182.875217: sched_switch: prev_comm=work prev_pid=339 prev_prio=120 prev_state=R ==> next_comm=work next_pid=340 next_prio=120
            work-340     [003] d..2.   182.878229: sched_switch: prev_comm=work prev_pid=340 prev_prio=120 prev_state=R+ ==> next_comm=work next_pid=339 next_prio=120
            work-339     [003] d..2.   182.881225: sched_switch: prev_comm=work prev_pid=339 prev_prio=120 prev_state=R ==> next_comm=work next_pid=340 next_prio=120
            work-340     [003] d..2.   182.884218: sched_switch: prev_comm=work prev_pid=340 prev_prio=120 prev_state=R ==> next_comm=work next_pid=339 next_prio=120
            work-339     [003] d..2.   182.887235: sched_switch: prev_comm=work prev_pid=339 prev_prio=120 prev_state=R ==> next_comm=work next_pid=340 next_prio=120
            work-340     [003] d..2.   182.890229: sched_switch: prev_comm=work prev_pid=340 prev_prio=120 prev_state=R ==> next_comm=work next_pid=339 next_prio=120
            work-339     [003] d..2.   182.893219: sched_switch: prev_comm=work prev_pid=339 prev_prio=120 prev_state=R ==> next_comm=work next_pid=340 next_prio=120
            work-340     [003] d..2.   182.896227: sched_switch: prev_comm=work prev_pid=340 prev_prio=120 prev_state=R+ ==> next_comm=work next_pid=339 next_prio=120
            work-339     [003] d..2.   182.899219: sched_switch: prev_comm=work prev_pid=339 prev_prio=120 prev_state=R ==> next_comm=work next_pid=340 next_prio=120
            work-340     [003] d..2.   182.902231: sched_switch: prev_comm=work prev_pid=340 prev_prio=120 prev_state=R ==> next_comm=work next_pid=339 next_prio=120
            work-339     [003] d..2.   182.905225: sched_switch: prev_comm=work prev_pid=339 prev_prio=120 prev_state=R ==> next_comm=work next_pid=340 next_prio=120
            work-340     [003] d..2.   182.908226: sched_switch: prev_comm=work prev_pid=340 prev_prio=120 prev_state=R ==> next_comm=work next_pid=339 next_prio=120
            work-339     [003] d..2.   182.911294: sched_switch: prev_comm=work prev_pid=339 prev_prio=120 prev_state=R+ ==> next_comm=work next_pid=340 next_prio=120
            work-340     [003] d..2.   182.914225: sched_switch: prev_comm=work prev_pid=340 prev_prio=120 prev_state=R ==> next_comm=work next_pid=339 next_prio=120
            work-339     [003] d..2.   182.917222: sched_switch: prev_comm=work prev_pid=339 prev_prio=120 prev_state=R ==> next_comm=work next_pid=340 next_prio=120
            work-340     [003] d..2.   182.920232: sched_switch: prev_comm=work prev_pid=340 prev_prio=120 prev_state=R ==> next_comm=work next_pid=339 next_prio=120
            work-339     [003] d..2.   182.923226: sched_switch: prev_comm=work prev_pid=339 prev_prio=120 prev_state=R ==> next_comm=work next_pid=340 next_prio=120
            work-340     [003] d..2.   182.926228: sched_switch: prev_comm=work prev_pid=340 prev_prio=120 prev_state=R ==> next_comm=work next_pid=339 next_prio=120
            work-339     [003] d..2.   182.929229: sched_switch: prev_comm=work prev_pid=339 prev_prio=120 prev_state=R+ ==> next_comm=work next_pid=340 next_prio=120
            work-340     [003] d..2.   182.932230: sched_switch: prev_comm=work prev_pid=340 prev_prio=120 prev_state=R ==> next_comm=work next_pid=339 next_prio=120
            work-339     [003] d..2.   182.935223: sched_switch: prev_comm=work prev_pid=339 prev_prio=120 prev_state=R ==> next_comm=work next_pid=340 next_prio=120
            work-340     [003] d..2.   182.938225: sched_switch: prev_comm=work prev_pid=340 prev_prio=120 prev_state=R ==> next_comm=work next_pid=339 next_prio=120
            work-339     [003] d..2.   182.941220: sched_switch: prev_comm=work prev_pid=339 prev_prio=120 prev_state=R ==> next_comm=work next_pid=340 next_prio=120
            work-340     [003] d..2.   182.944221: sched_switch: prev_comm=work prev_pid=340 prev_prio=120 prev_state=R ==> next_comm=work next_pid=339 next_prio=120
            work-339     [003] d..2.   182.947225: sched_switch: prev_comm=work prev_pid=339 prev_prio=120 prev_state=R ==> next_comm=work next_pid=340 next_prio=120
            work-340     [003] d..2.   182.950244: sched_switch: prev_comm=work prev_pid=340 prev_prio=120 prev_state=R+ ==> next_comm=work next_pid=339 next_prio=120
            work-339     [003] d..2.   182.953220: sched_switch: prev_comm=work prev_pid=339 prev_prio=120 prev_state=R ==> next_comm=work next_pid=340 next_prio=120
            work-340     [003] d..2.   182.956228: sched_switch: prev_comm=work prev_pid=340 prev_prio=120 prev_state=R+ ==> next_comm=work next_pid=339 next_prio=120
            work-339     [003] d..2.   182.959265: sched_switch: prev_comm=work prev_pid=339 prev_prio=120 prev_state=R ==> next_comm=kworker/3:0 next_pid=34 next_prio=120
     kworker/3:0-34      [003] d..2.   182.959331: sched_switch: prev_comm=kworker/3:0 prev_pid=34 prev_prio=120 prev_state=I ==> next_comm=work next_pid=340 next_prio=120
            work-340     [003] d..2.   182.962221: sched_switch: prev_comm=work prev_pid=340 prev_prio=120 prev_state=R ==> next_comm=work next_pid=339 next_prio=120
            work-339     [003] d..2.   182.965217: sched_switch: prev_comm=work prev_pid=339 prev_prio=120 prev_state=R ==> next_comm=work next_pid=340 next_prio=120
            work-340     [003] d..2.   182.968230: sched_switch: prev_comm=work prev_pid=340 prev_prio=120 prev_state=R+ ==> next_comm=work next_pid=339 next_prio=120
            work-339     [003] d..2.   182.971231: sched_switch: prev_comm=work prev_pid=339 prev_prio=120 prev_state=R+ ==> next_comm=work next_pid=340 next_prio=120
            work-340     [003] d..2.   182.974222: sched_switch: prev_comm=work prev_pid=340 prev_prio=120 prev_state=R ==> next_comm=work next_pid=339 next_prio=120
            work-339     [003] d..2.   182.977220: sched_switch: prev_comm=work prev_pid=339 prev_prio=120 prev_state=R ==> next_comm=work next_pid=340 next_prio=120
            work-340     [003] d..2.   182.980221: sched_switch: prev_comm=work prev_pid=340 prev_prio=120 prev_state=R ==> next_comm=work next_pid=339 next_prio=120
            work-339     [003] d..2.   182.983219: sched_switch: prev_comm=work prev_pid=339 prev_prio=120 prev_state=R ==> next_comm=work next_pid=340 next_prio=120
            work-340     [003] d..2.   182.986226: sched_switch: prev_comm=work prev_pid=340 prev_prio=120 prev_state=R ==> next_comm=work next_pid=339 next_prio=120
            work-339     [003] d..2.   182.989224: sched_switch: prev_comm=work prev_pid=339 prev_prio=120 prev_state=R+ ==> next_comm=work next_pid=340 next_prio=120
            work-340     [003] d..2.   182.992217: sched_switch: prev_comm=work prev_pid=340 prev_prio=120 prev_state=R ==> next_comm=work next_pid=339 next_prio=120
            work-339     [003] d..2.   182.995218: sched_switch: prev_comm=work prev_pid=339 prev_prio=120 prev_state=R ==> next_comm=work next_pid=340 next_prio=120
            work-340     [003] d..2.   182.998219: sched_switch: prev_comm=work prev_pid=340 prev_prio=120 prev_state=R ==> next_comm=work next_pid=339 next_prio=120
            work-339     [003] d..2.   183.001218: sched_switch: prev_comm=work prev_pid=339 prev_prio=120 prev_state=R ==> next_comm=work next_pid=340 next_prio=120
            work-340     [003] d..2.   183.004227: sched_switch: prev_comm=work prev_pid=340 prev_prio=120 prev_state=R+ ==> next_comm=work next_pid=339 next_prio=120
            work-339     [003] d..2.   183.007228: sched_switch: prev_comm=work prev_pid=339 prev_prio=120 prev_state=R+ ==> next_comm=work next_pid=340 next_prio=120
            work-340     [003] d..2.   183.010235: sched_switch: prev_comm=work prev_pid=340 prev_prio=120 prev_state=R ==> next_comm=work next_pid=339 next_prio=120
            work-339     [003] d..2.   183.013237: sched_switch: prev_comm=work prev_pid=339 prev_prio=120 prev_state=R ==> next_comm=work next_pid=340 next_prio=120
            work-340     [003] d..2.   183.016223: sched_switch: prev_comm=work prev_pid=340 prev_prio=120 prev_state=R ==> next_comm=work next_pid=339 next_prio=120
            work-339     [003] d..2.   183.019230: sched_switch: prev_comm=work prev_pid=339 prev_prio=120 prev_state=R+ ==> next_comm=work next_pid=340 next_prio=120
            work-340     [003] d..2.   183.022224: sched_switch: prev_comm=work prev_pid=340 prev_prio=120 prev_state=R+ ==> next_comm=work next_pid=339 next_prio=120
            work-339     [003] d..2.   183.025220: sched_switch: prev_comm=work prev_pid=339 prev_prio=120 prev_state=R ==> next_comm=work next_pid=340 next_prio=120
            work-340     [003] d..2.   183.028231: sched_switch: prev_comm=work prev_pid=340 prev_prio=120 prev_state=R ==> next_comm=work next_pid=339 next_prio=120
            work-339     [003] d..2.   183.031238: sched_switch: prev_comm=work prev_pid=339 prev_prio=120 prev_state=R ==> next_comm=work next_pid=340 next_prio=120
            work-340     [003] d..2.   183.034223: sched_switch: prev_comm=work prev_pid=340 prev_prio=120 prev_state=R ==> next_comm=work next_pid=339 next_prio=120
            work-339     [003] d..2.   183.037220: sched_switch: prev_comm=work prev_pid=339 prev_prio=120 prev_state=R ==> next_comm=work next_pid=340 next_prio=120
            work-340     [003] d..2.   183.040221: sched_switch: prev_comm=work prev_pid=340 prev_prio=120 prev_state=R ==> next_comm=work next_pid=339 next_prio=120
            work-339     [003] d..2.   183.043222: sched_switch: prev_comm=work prev_pid=339 prev_prio=120 prev_state=R ==> next_comm=work next_pid=340 next_prio=120
            work-340     [003] d..2.   183.046236: sched_switch: prev_comm=work prev_pid=340 prev_prio=120 prev_state=R ==> next_comm=work next_pid=339 next_prio=120
            work-339     [003] d..2.   183.049221: sched_switch: prev_comm=work prev_pid=339 prev_prio=120 prev_state=R ==> next_comm=work next_pid=340 next_prio=120
            work-340     [003] d..2.   183.052229: sched_switch: prev_comm=work prev_pid=340 prev_prio=120 prev_state=R+ ==> next_comm=work next_pid=339 next_prio=120
            work-339     [003] d..2.   183.055221: sched_switch: prev_comm=work prev_pid=339 prev_prio=120 prev_state=R ==> next_comm=work next_pid=340 next_prio=120
            work-340     [003] d..2.   183.058230: sched_switch: prev_comm=work prev_pid=340 prev_prio=120 prev_state=R ==> next_comm=work next_pid=339 next_prio=120
            work-339     [003] d..2.   183.061220: sched_switch: prev_comm=work prev_pid=339 prev_prio=120 prev_state=R ==> next_comm=work next_pid=340 next_prio=120
            work-340     [003] d..2.   183.064226: sched_switch: prev_comm=work prev_pid=340 prev_prio=120 prev_state=R ==> next_comm=work next_pid=339 next_prio=120
            work-339     [003] d..2.   183.067217: sched_switch: prev_comm=work prev_pid=339 prev_prio=120 prev_state=R ==> next_comm=work next_pid=340 next_prio=120
            work-340     [003] d..2.   183.070222: sched_switch: prev_comm=work prev_pid=340 prev_prio=120 prev_state=R ==> next_comm=work next_pid=339 next_prio=120
            work-339     [003] d..2.   183.073229: sched_switch: prev_comm=work prev_pid=339 prev_prio=120 prev_state=R ==> next_comm=work next_pid=340 next_prio=120
            work-340     [003] d..2.   183.076229: sched_switch: prev_comm=work prev_pid=340 prev_prio=120 prev_state=R+ ==> next_comm=work next_pid=339 next_prio=120
            work-339     [003] d..2.   183.079224: sched_switch: prev_comm=work prev_pid=339 prev_prio=120 prev_state=R ==> next_comm=work next_pid=340 next_prio=120
            work-340     [003] d..2.   183.082220: sched_switch: prev_comm=work prev_pid=340 prev_prio=120 prev_state=R ==> next_comm=work next_pid=339 next_prio=120
            work-339     [003] d..2.   183.085224: sched_switch: prev_comm=work prev_pid=339 prev_prio=120 prev_state=R ==> next_comm=work next_pid=340 next_prio=120
            work-340     [003] d..2.   183.088234: sched_switch: prev_comm=work prev_pid=340 prev_prio=120 prev_state=R ==> next_comm=work next_pid=339 next_prio=120
            work-339     [003] d..2.   183.091222: sched_switch: prev_comm=work prev_pid=339 prev_prio=120 prev_state=R ==> next_comm=work next_pid=340 next_prio=120
            work-340     [003] d..2.   183.094227: sched_switch: prev_comm=work prev_pid=340 prev_prio=120 prev_state=R ==> next_comm=work next_pid=339 next_prio=120
            work-339     [003] d..2.   183.097222: sched_switch: prev_comm=work prev_pid=339 prev_prio=120 prev_state=R ==> next_comm=work next_pid=340 next_prio=120
            work-340     [003] d..2.   183.100228: sched_switch: prev_comm=work prev_pid=340 prev_prio=120 prev_state=R ==> next_comm=work next_pid=339 next_prio=120
            work-339     [003] d..2.   183.103221: sched_switch: prev_comm=work prev_pid=339 prev_prio=120 prev_state=R ==> next_comm=work next_pid=340 next_prio=120
            work-340     [003] d..2.   183.106228: sched_switch: prev_comm=work prev_pid=340 prev_prio=120 prev_state=R+ ==> next_comm=work next_pid=339 next_prio=120
            work-339     [003] d..2.   183.109222: sched_switch: prev_comm=work prev_pid=339 prev_prio=120 prev_state=R ==> next_comm=work next_pid=340 next_prio=120
            work-340     [003] d..2.   183.112220: sched_switch: prev_comm=work prev_pid=340 prev_prio=120 prev_state=R ==> next_comm=work next_pid=339 next_prio=120
            work-339     [003] d..2.   183.115225: sched_switch: prev_comm=work prev_pid=339 prev_prio=120 prev_state=R ==> next_comm=work next_pid=340 next_prio=120
            work-340     [003] d..2.   183.118228: sched_switch: prev_comm=work prev_pid=340 prev_prio=120 prev_state=R+ ==> next_comm=work next_pid=339 next_prio=120
            work-339     [003] d..2.   183.121228: sched_switch: prev_comm=work prev_pid=339 prev_prio=120 prev_state=R ==> next_comm=work next_pid=340 next_prio=120
            work-340     [003] d..2.   183.124222: sched_switch: prev_comm=work prev_pid=340 prev_prio=120 prev_state=R ==> next_comm=work next_pid=339 next_prio=120
            work-339     [003] d..2.   183.127221: sched_switch: prev_comm=work prev_pid=339 prev_prio=120 prev_state=R ==> next_comm=work next_pid=340 next_prio=120
            work-340     [003] d..2.   183.130224: sched_switch: prev_comm=work prev_pid=340 prev_prio=120 prev_state=R ==> next_comm=work next_pid=339 next_prio=120
            work-339     [003] d..2.   183.133220: sched_switch: prev_comm=work prev_pid=339 prev_prio=120 prev_state=R ==> next_comm=work next_pid=340 next_prio=120
            work-340     [003] d..2.   183.136220: sched_switch: prev_comm=work prev_pid=340 prev_prio=120 prev_state=R ==> next_comm=work next_pid=339 next_prio=120
            work-339     [003] d..2.   183.139221: sched_switch: prev_comm=work prev_pid=339 prev_prio=120 prev_state=R ==> next_comm=work next_pid=340 next_prio=120
            work-340     [003] d..2.   183.142227: sched_switch: prev_comm=work prev_pid=340 prev_prio=120 prev_state=R ==> next_comm=work next_pid=339 next_prio=120
            work-339     [003] d..2.   183.145221: sched_switch: prev_comm=work prev_pid=339 prev_prio=120 prev_state=R ==> next_comm=work next_pid=340 next_prio=120
            work-340     [003] d..2.   183.148219: sched_switch: prev_comm=work prev_pid=340 prev_prio=120 prev_state=R ==> next_comm=work next_pid=339 next_prio=120
            work-339     [003] d..2.   183.151216: sched_switch: prev_comm=work prev_pid=339 prev_prio=120 prev_state=R ==> next_comm=work next_pid=340 next_prio=120
            work-340     [003] d..2.   183.154217: sched_switch: prev_comm=work prev_pid=340 prev_prio=120 prev_state=R ==> next_comm=work next_pid=339 next_prio=120
            work-339     [003] d..2.   183.157228: sched_switch: prev_comm=work prev_pid=339 prev_prio=120 prev_state=R+ ==> next_comm=work next_pid=340 next_prio=120
            work-340     [003] d..2.   183.160223: sched_switch: prev_comm=work prev_pid=340 prev_prio=120 prev_state=R ==> next_comm=work next_pid=339 next_prio=120
            work-339     [003] d..2.   183.163216: sched_switch: prev_comm=work prev_pid=339 prev_prio=120 prev_state=R ==> next_comm=work next_pid=340 next_prio=120
            work-340     [003] d..2.   183.166218: sched_switch: prev_comm=work prev_pid=340 prev_prio=120 prev_state=R ==> next_comm=work next_pid=339 next_prio=120
            work-339     [003] d..2.   183.169227: sched_switch: prev_comm=work prev_pid=339 prev_prio=120 prev_state=R+ ==> next_comm=work next_pid=340 next_prio=120
            work-340     [003] d..2.   183.172382: sched_switch: prev_comm=work prev_pid=340 prev_prio=120 prev_state=R ==> next_comm=work next_pid=339 next_prio=120
            work-339     [003] d..2.   183.175226: sched_switch: prev_comm=work prev_pid=339 prev_prio=120 prev_state=R ==> next_comm=work next_pid=340 next_prio=120
            work-340     [003] d..2.   183.178229: sched_switch: prev_comm=work prev_pid=340 prev_prio=120 prev_state=R+ ==> next_comm=work next_pid=339 next_prio=120
            work-339     [003] d..2.   183.181233: sched_switch: prev_comm=work prev_pid=339 prev_prio=120 prev_state=R ==> next_comm=work next_pid=340 next_prio=120
            work-340     [003] d..2.   183.184253: sched_switch: prev_comm=work prev_pid=340 prev_prio=120 prev_state=R ==> next_comm=work next_pid=339 next_prio=120
            work-339     [003] d..2.   183.187217: sched_switch: prev_comm=work prev_pid=339 prev_prio=120 prev_state=R ==> next_comm=work next_pid=340 next_prio=120
