            work-337     [002] d..2.   278.625152: sched_switch: prev_comm=work prev_pid=337 prev_prio=120 prev_state=R+ ==> next_comm=work next_pid=335 next_prio=120
            work-335     [002] d..2.   278.628151: sched_switch: prev_comm=work prev_pid=335 prev_prio=120 prev_state=R+ ==> next_comm=work next_pid=337 next_prio=120
            work-337     [002] d..2.   278.631143: sched_switch: prev_comm=work prev_pid=337 prev_prio=120 prev_state=R ==> next_comm=work next_pid=335 next_prio=120
            work-335     [002] d..2.   278.634150: sched_switch: prev_comm=work prev_pid=335 prev_prio=120 prev_state=R+ ==> next_comm=work next_pid=337 next_prio=120
            work-337     [002] d..2.   278.637153: sched_switch: prev_comm=work prev_pid=337 prev_prio=120 prev_state=R ==> next_comm=work next_pid=335 next_prio=120
            work-335     [002] d..2.   278.640143: sched_switch: prev_comm=work prev_pid=335 prev_prio=120 prev_state=R ==> next_comm=work next_pid=337 next_prio=120
            work-337     [002] d..2.   278.643152: sched_switch: prev_comm=work prev_pid=337 prev_prio=120 prev_state=R ==> next_comm=work next_pid=335 next_prio=120
            work-335     [002] d..2.   278.646142: sched_switch: prev_comm=work prev_pid=335 prev_prio=120 prev_state=R ==> next_comm=work next_pid=337 next_prio=120
            work-337     [002] d..2.   278.649144: sched_switch: prev_comm=work prev_pid=337 prev_prio=120 prev_state=R ==> next_comm=work next_pid=335 next_prio=120
            work-335     [002] d..2.   278.652142: sched_switch: prev_comm=work prev_pid=335 prev_prio=120 prev_state=R ==> next_comm=work next_pid=337 next_prio=120
            work-337     [002] d..2.   278.655142: sched_switch: prev_comm=work prev_pid=337 prev_prio=120 prev_state=R ==> next_comm=work next_pid=335 next_prio=120
            work-335     [002] d..2.   278.658140: sched_switch: prev_comm=work prev_pid=335 prev_prio=120 prev_state=R ==> next_comm=work next_pid=337 next_prio=120
            work-337     [002] d..2.   278.661143: sched_switch: prev_comm=work prev_pid=337 prev_prio=120 prev_state=R ==> next_comm=work next_pid=335 next_prio=120
            work-335     [002] d..2.   278.664140: sched_switch: prev_comm=work prev_pid=335 prev_prio=120 prev_state=R ==> next_comm=work next_pid=337 next_prio=120
            work-337     [002] d..2.   278.667161: sched_switch: prev_comm=work prev_pid=337 prev_prio=120 prev_state=R+ ==> next_comm=work next_pid=335 next_prio=120
            work-335     [002] d..2.   278.670363: sched_switch: prev_comm=work prev_pid=335 prev_prio=120 prev_state=R ==> next_comm=work next_pid=337 next_prio=120
            work-337     [002] d..2.   278.673153: sched_switch: prev_comm=work prev_pid=337 prev_prio=120 prev_state=R+ ==> next_comm=work next_pid=335 next_prio=120
            work-335     [002] d..2.   278.675271: sched_switch: prev_comm=work prev_pid=335 prev_prio=120 prev_state=R ==> next_comm=work next_pid=337 next_prio=120
            work-337     [002] d..2.   278.678142: sched_switch: prev_comm=work prev_pid=337 prev_prio=120 prev_state=R ==> next_comm=work next_pid=335 next_prio=120
            work-335     [002] d..2.   278.681141: sched_switch: prev_comm=work prev_pid=335 prev_prio=120 prev_state=R ==> next_comm=work next_pid=337 next_prio=120
            work-337     [002] d..2.   278.684150: sched_switch: prev_comm=work prev_pid=337 prev_prio=120 prev_state=R+ ==> next_comm=work next_pid=335 next_prio=120
            work-335     [002] d..2.   278.687143: sched_switch: prev_comm=work prev_pid=335 prev_prio=120 prev_state=R ==> next_comm=work next_pid=337 next_prio=120
            work-337     [002] d..2.   278.690151: sched_switch: prev_comm=work prev_pid=337 prev_prio=120 prev_state=R ==> next_comm=work next_pid=335 next_prio=120
            work-335     [002] d..2.   278.693187: sched_switch: prev_comm=work prev_pid=335 prev_prio=120 prev_state=R+ ==> next_comm=work next_pid=337 next_prio=120
            work-337     [002] d..2.   278.696143: sched_switch: prev_comm=work prev_pid=337 prev_prio=120 prev_state=R ==> next_comm=work next_pid=335 next_prio=120
            work-335     [002] d..2.   278.699334: sched_switch: prev_comm=work prev_pid=335 prev_prio=120 prev_state=R ==> next_comm=work next_pid=337 next_prio=120
            work-337     [002] d..2.   278.702145: sched_switch: prev_comm=work prev_pid=337 prev_prio=120 prev_state=R ==> next_comm=work next_pid=335 next_prio=120
            work-335     [002] d..2.   278.705149: sched_switch: prev_comm=work prev_pid=335 prev_prio=120 prev_state=R ==> next_comm=work next_pid=337 next_prio=120
            work-337     [002] d..2.   278.708145: sched_switch: prev_comm=work prev_pid=337 prev_prio=120 prev_state=R ==> next_comm=work next_pid=335 next_prio=120
            work-335     [002] d..2.   278.711152: sched_switch: prev_comm=work prev_pid=335 prev_prio=120 prev_state=R+ ==> next_comm=work next_pid=337 next_prio=120
            work-337     [002] d..2.   278.714149: sched_switch: prev_comm=work prev_pid=337 prev_prio=120 prev_state=R ==> next_comm=work next_pid=335 next_prio=120
            work-335     [002] d..2.   278.717144: sched_switch: prev_comm=work prev_pid=335 prev_prio=120 prev_state=R ==> next_comm=work next_pid=337 next_prio=120
            work-337     [002] d..2.   278.720154: sched_switch: prev_comm=work prev_pid=337 prev_prio=120 prev_state=R+ ==> next_comm=work next_pid=335 next_prio=120
            work-335     [002] d..2.   278.723380: sched_switch: prev_comm=work prev_pid=335 prev_prio=120 prev_state=R ==> next_comm=work next_pid=337 next_prio=120
            work-337     [002] d..2.   278.726143: sched_switch: prev_comm=work prev_pid=337 prev_prio=120 prev_state=R ==> next_comm=work next_pid=335 next_prio=120
            work-335     [002] d..2.   278.729155: sched_switch: prev_comm=work prev_pid=335 prev_prio=120 prev_state=R ==> next_comm=work next_pid=337 next_prio=120
            work-337     [002] d..2.   278.732149: sched_switch: prev_comm=work prev_pid=337 prev_prio=120 prev_state=R+ ==> next_comm=work next_pid=335 next_prio=120
            work-335     [002] d..2.   278.735140: sched_switch: prev_comm=work prev_pid=335 prev_prio=120 prev_state=R ==> next_comm=work next_pid=337 next_prio=120
            work-337     [002] d..2.   278.738165: sched_switch: prev_comm=work prev_pid=337 prev_prio=120 prev_state=R ==> next_comm=work next_pid=335 next_prio=120
            work-335     [002] d..2.   278.741143: sched_switch: prev_comm=work prev_pid=335 prev_prio=120 prev_state=R ==> next_comm=work next_pid=337 next_prio=120
            work-337     [002] d..2.   278.744140: sched_switch: prev_comm=work prev_pid=337 prev_prio=120 prev_state=R ==> next_comm=work next_pid=335 next_prio=120
            work-335     [002] d..2.   278.747337: sched_switch: prev_comm=work prev_pid=335 prev_prio=120 prev_state=R ==> next_comm=work next_pid=337 next_prio=120
            work-337     [002] d..2.   278.750149: sched_switch: prev_comm=work prev_pid=337 prev_prio=120 prev_state=R ==> next_comm=work next_pid=335 next_prio=120
            work-335     [002] d..2.   278.753148: sched_switch: prev_comm=work prev_pid=335 prev_prio=120 prev_state=R ==> next_comm=work next_pid=337 next_prio=120
            work-337     [002] d..2.   278.756156: sched_switch: prev_comm=work prev_pid=337 prev_prio=120 prev_state=R+ ==> next_comm=work next_pid=335 next_prio=120
            work-335     [002] d..2.   278.759149: sched_switch: prev_comm=work prev_pid=335 prev_prio=120 prev_state=R+ ==> next_comm=work next_pid=337 next_prio=120
            work-337     [002] d..2.   278.762144: sched_switch: prev_comm=work prev_pid=337 prev_prio=120 prev_state=R ==> next_comm=work next_pid=335 next_prio=120
            work-335     [002] d..2.   278.765141: sched_switch: prev_comm=work prev_pid=335 prev_prio=120 prev_state=R ==> next_comm=work next_pid=337 next_prio=120
            work-337     [002] d..2.   278.768146: sched_switch: prev_comm=work prev_pid=337 prev_prio=120 prev_state=R ==> next_comm=work next_pid=335 next_prio=120
            work-335     [002] d..2.   278.771146: sched_switch: prev_comm=work prev_pid=335 prev_prio=120 prev_state=R ==> next_comm=work next_pid=337 next_prio=120
            work-337     [002] d..2.   278.774155: sched_switch: prev_comm=work prev_pid=337 prev_prio=120 prev_state=R+ ==> next_comm=work next_pid=335 next_prio=120
            work-335     [002] d..2.   278.777146: sched_switch: prev_comm=work prev_pid=335 prev_prio=120 prev_state=R ==> next_comm=work next_pid=337 next_prio=120
            work-337     [002] d..2.   278.780143: sched_switch: prev_comm=work prev_pid=337 prev_prio=120 prev_state=R ==> next_comm=work next_pid=335 next_prio=120
            work-335     [002] d..2.   278.783139: sched_switch: prev_comm=work prev_pid=335 prev_prio=120 prev_state=R ==> next_comm=work next_pid=337 next_prio=120
            work-337     [002] d..2.   278.786139: sched_switch: prev_comm=work prev_pid=337 prev_prio=120 prev_state=R ==> next_comm=work next_pid=335 next_prio=120
            work-335     [002] d..2.   278.789164: sched_switch: prev_comm=work prev_pid=335 prev_prio=120 prev_state=R ==> next_comm=work next_pid=337 next_prio=120
            work-337     [002] d..2.   278.792140: sched_switch: prev_comm=work prev_pid=337 prev_prio=120 prev_state=R ==> next_comm=work next_pid=335 next_prio=120
            work-335     [002] d..2.   278.794265: sched_switch: prev_comm=work prev_pid=335 prev_prio=120 prev_state=R ==> next_comm=work next_pid=337 next_prio=120
            work-337     [002] d..2.   278.797144: sched_switch: prev_comm=work prev_pid=337 prev_prio=120 prev_state=R ==> next_comm=work next_pid=335 next_prio=120
            work-335     [002] d..2.   278.800148: sched_switch: prev_comm=work prev_pid=335 prev_prio=120 prev_state=R ==> next_comm=work next_pid=337 next_prio=120
            work-337     [002] d..2.   278.803153: sched_switch: prev_comm=work prev_pid=337 prev_prio=120 prev_state=R+ ==> next_comm=work next_pid=335 next_prio=120
            work-335     [002] d..2.   278.806142: sched_switch: prev_comm=work prev_pid=335 prev_prio=120 prev_state=R ==> next_comm=work next_pid=337 next_prio=120
            work-337     [002] d..2.   278.809143: sched_switch: prev_comm=work prev_pid=337 prev_prio=120 prev_state=R ==> next_comm=work next_pid=335 next_prio=120
            work-335     [002] d..2.   278.812152: sched_switch: prev_comm=work prev_pid=335 prev_prio=120 prev_state=R+ ==> next_comm=work next_pid=337 next_prio=120
            work-337     [002] d..2.   278.815208: sched_switch: prev_comm=work prev_pid=337 prev_prio=120 prev_state=R ==> next_comm=work next_pid=335 next_prio=120
            work-335     [002] d..2.   278.818142: sched_switch: prev_comm=work prev_pid=335 prev_prio=120 prev_state=R ==> next_comm=work next_pid=337 next_prio=120
            work-337     [002] d..2.   278.821155: sched_switch: prev_comm=work prev_pid=337 prev_prio=120 prev_state=R+ ==> next_comm=work next_pid=335 next_prio=120
            work-335     [002] d..2.   278.824142: sched_switch: prev_comm=work prev_pid=335 prev_prio=120 prev_state=R ==> next_comm=work next_pid=337 next_prio=120
            work-337     [002] d..2.   278.827143: sched_switch: prev_comm=work prev_pid=337 prev_prio=120 prev_state=R ==> next_comm=work next_pid=335 next_prio=120
            work-335     [002] d..2.   278.830159: sched_switch: prev_comm=work prev_pid=335 prev_prio=120 prev_state=R ==> next_comm=work next_pid=337 next_prio=120
            work-337     [002] d..2.   278.833143: sched_switch: prev_comm=work prev_pid=337 prev_prio=120 prev_state=R ==> next_comm=work next_pid=335 next_prio=120
            work-335     [002] d..2.   278.836154: sched_switch: prev_comm=work prev_pid=335 prev_prio=120 prev_state=R+ ==> next_comm=work next_pid=337 next_prio=120
            work-337     [002] d..2.   278.839148: sched_switch: prev_comm=work prev_pid=337 prev_prio=120 prev_state=R ==> next_comm=work next_pid=335 next_prio=120
            work-335     [002] d..2.   278.841353: sched_switch: prev_comm=work prev_pid=335 prev_prio=120 prev_state=R ==> next_comm=work next_pid=337 next_prio=120
            work-337     [002] d..2.   278.844282: sched_switch: prev_comm=work prev_pid=337 prev_prio=120 prev_state=R ==> next_comm=work next_pid=335 next_prio=120
            work-335     [002] d..2.   278.847173: sched_switch: prev_comm=work prev_pid=335 prev_prio=120 prev_state=R+ ==> next_comm=work next_pid=337 next_prio=120
            work-337     [002] d..2.   278.850168: sched_switch: prev_comm=work prev_pid=337 prev_prio=120 prev_state=R ==> next_comm=work next_pid=335 next_prio=120
            work-335     [002] d..2.   278.853150: sched_switch: prev_comm=work prev_pid=335 prev_prio=120 prev_state=R ==> next_comm=work next_pid=337 next_prio=120
            work-337     [002] d..2.   278.856142: sched_switch: prev_comm=work prev_pid=337 prev_prio=120 prev_state=R ==> next_comm=work next_pid=335 next_prio=120
            work-335     [002] d..2.   278.859155: sched_switch: prev_comm=work prev_pid=335 prev_prio=120 prev_state=R+ ==> next_comm=work next_pid=337 next_prio=120
            work-337     [002] d..2.   278.862142: sched_switch: prev_comm=work prev_pid=337 prev_prio=120 prev_state=R ==> next_comm=work next_pid=335 next_prio=120
            work-335     [002] d..2.   278.865141: sched_switch: prev_comm=work prev_pid=335 prev_prio=120 prev_state=R ==> next_comm=work next_pid=337 next_prio=120
            work-337     [002] d..2.   278.868144: sched_switch: prev_comm=work prev_pid=337 prev_prio=120 prev_state=R ==> next_comm=work next_pid=335 next_prio=120
            work-335     [002] d..2.   278.871145: sched_switch: prev_comm=work prev_pid=335 prev_prio=120 prev_state=R ==> next_comm=work next_pid=337 next_prio=120
            work-337     [002] d..2.   278.874154: sched_switch: prev_comm=work prev_pid=337 prev_prio=120 prev_state=R+ ==> next_comm=work next_pid=335 next_prio=120
            work-335     [002] d..2.   278.877148: sched_switch: prev_comm=work prev_pid=335 prev_prio=120 prev_state=R ==> next_comm=work next_pid=337 next_prio=120
            work-337     [002] d..2.   278.880139: sched_switch: prev_comm=work prev_pid=337 prev_prio=120 prev_state=R ==> next_comm=work next_pid=335 next_prio=120
            work-335     [002] d..2.   278.883138: sched_switch: prev_comm=work prev_pid=335 prev_prio=120 prev_state=R ==> next_comm=work next_pid=337 next_prio=120
          <idle>-0       [003] d..2.   278.883290: sched_switch: prev_comm=swapper/3 prev_pid=0 prev_prio=120 prev_state=R ==> next_comm=work next_pid=336 next_prio=120
            work-337     [002] d..2.   278.886162: sched_switch: prev_comm=work prev_pid=337 prev_prio=120 prev_state=R ==> next_comm=work next_pid=335 next_prio=120
            work-335     [002] d..2.   278.915299: sched_switch: prev_comm=work prev_pid=335 prev_prio=120 prev_state=R ==> next_comm=swapper/2 next_pid=0 next_prio=120
            work-336     [003] d..2.   278.957167: sched_switch: prev_comm=work prev_pid=336 prev_prio=120 prev_state=R ==> next_comm=kworker/3:1 next_pid=45 next_prio=120
     kworker/3:1-45      [003] d..2.   278.957230: sched_switch: prev_comm=kworker/3:1 prev_pid=45 prev_prio=120 prev_state=I ==> next_comm=work next_pid=336 next_prio=120
            work-336     [003] d..2.   279.597170: sched_switch: prev_comm=work prev_pid=336 prev_prio=120 prev_state=R ==> next_comm=kworker/3:1 next_pid=45 next_prio=120
     kworker/3:1-45      [003] d..2.   279.597318: sched_switch: prev_comm=kworker/3:1 prev_pid=45 prev_prio=120 prev_state=D ==> next_comm=kworker/3:2 next_pid=122 next_prio=120
     kworker/3:2-122     [003] d..2.   279.597438: sched_switch: prev_comm=kworker/3:2 prev_pid=122 prev_prio=120 prev_state=R+ ==> next_comm=kworker/3:1 next_pid=45 next_prio=120
     kworker/3:1-45      [003] d..2.   279.597473: sched_switch: prev_comm=kworker/3:1 prev_pid=45 prev_prio=120 prev_state=I ==> next_comm=work next_pid=336 next_prio=120
            work-336     [003] d..2.   279.600149: sched_switch: prev_comm=work prev_pid=336 prev_prio=120 prev_state=R ==> next_comm=kworker/3:2 next_pid=122 next_prio=120
     kworker/3:2-122     [003] d..2.   279.600176: sched_switch: prev_comm=kworker/3:2 prev_pid=122 prev_prio=120 prev_state=I ==> next_comm=work next_pid=336 next_prio=120
          <idle>-0       [002] d..2.   279.865310: sched_switch: prev_comm=swapper/2 prev_pid=0 prev_prio=120 prev_state=R ==> next_comm=kworker/2:1H next_pid=68 next_prio=100
    kworker/2:1H-68      [002] d..2.   279.865681: sched_switch: prev_comm=kworker/2:1H prev_pid=68 prev_prio=100 prev_state=I ==> next_comm=swapper/2 next_pid=0 next_prio=120
            work-336     [003] d..2.   279.917205: sched_switch: prev_comm=work prev_pid=336 prev_prio=120 prev_state=R ==> next_comm=kworker/3:2 next_pid=122 next_prio=120
     kworker/3:2-122     [003] d..2.   279.917266: sched_switch: prev_comm=kworker/3:2 prev_pid=122 prev_prio=120 prev_state=I ==> next_comm=work next_pid=336 next_prio=120
            work-336     [003] d..2.   279.981162: sched_switch: prev_comm=work prev_pid=336 prev_prio=120 prev_state=R ==> next_comm=kworker/3:2 next_pid=122 next_prio=120
     kworker/3:2-122     [003] d..2.   279.981378: sched_switch: prev_comm=kworker/3:2 prev_pid=122 prev_prio=120 prev_state=I ==> next_comm=work next_pid=336 next_prio=120
            work-336     [003] d..2.   280.941187: sched_switch: prev_comm=work prev_pid=336 prev_prio=120 prev_state=R ==> next_comm=kworker/3:2 next_pid=122 next_prio=120
     kworker/3:2-122     [003] d..2.   280.941255: sched_switch: prev_comm=kworker/3:2 prev_pid=122 prev_prio=120 prev_state=I ==> next_comm=work next_pid=336 next_prio=120
            work-336     [003] d..2.   281.645175: sched_switch: prev_comm=work prev_pid=336 prev_prio=120 prev_state=R ==> next_comm=kworker/3:2 next_pid=122 next_prio=120
     kworker/3:2-122     [003] d..2.   281.645359: sched_switch: prev_comm=kworker/3:2 prev_pid=122 prev_prio=120 prev_state=D ==> next_comm=kworker/3:1 next_pid=45 next_prio=120
     kworker/3:1-45      [003] d..2.   281.645486: sched_switch: prev_comm=kworker/3:1 prev_pid=45 prev_prio=120 prev_state=R+ ==> next_comm=kworker/3:2 next_pid=122 next_prio=120
     kworker/3:2-122     [003] d..2.   281.645521: sched_switch: prev_comm=kworker/3:2 prev_pid=122 prev_prio=120 prev_state=I ==> next_comm=kworker/3:1 next_pid=45 next_prio=120
     kworker/3:1-45      [003] d..2.   281.645531: sched_switch: prev_comm=kworker/3:1 prev_pid=45 prev_prio=120 prev_state=I ==> next_comm=work next_pid=336 next_prio=120
          <idle>-0       [002] d..2.   281.815931: sched_switch: prev_comm=swapper/2 prev_pid=0 prev_prio=120 prev_state=R ==> next_comm=kworker/2:1 next_pid=47 next_prio=120
     kworker/2:1-47      [002] d..2.   281.884154: sched_switch: prev_comm=kworker/2:1 prev_pid=47 prev_prio=120 prev_state=I ==> next_comm=swapper/2 next_pid=0 next_prio=120
            work-336     [003] d..2.   281.901166: sched_switch: prev_comm=work prev_pid=336 prev_prio=120 prev_state=R ==> next_comm=kworker/3:1 next_pid=45 next_prio=120
     kworker/3:1-45      [003] d..2.   281.901219: sched_switch: prev_comm=kworker/3:1 prev_pid=45 prev_prio=120 prev_state=I ==> next_comm=work next_pid=336 next_prio=120
            work-336     [003] d..2.   282.029156: sched_switch: prev_comm=work prev_pid=336 prev_prio=120 prev_state=R ==> next_comm=kworker/3:1 next_pid=45 next_prio=120
     kworker/3:1-45      [003] d..2.   282.029365: sched_switch: prev_comm=kworker/3:1 prev_pid=45 prev_prio=120 prev_state=I ==> next_comm=work next_pid=336 next_prio=120
            work-336     [003] d..2.   282.285183: sched_switch: prev_comm=work prev_pid=336 prev_prio=120 prev_state=R ==> next_comm=kworker/3:2H next_pid=198 next_prio=100
    kworker/3:2H-198     [003] d..2.   282.285259: sched_switch: prev_comm=kworker/3:2H prev_pid=198 prev_prio=100 prev_state=I ==> next_comm=work next_pid=336 next_prio=120
            work-336     [003] d..2.   282.925165: sched_switch: prev_comm=work prev_pid=336 prev_prio=120 prev_state=R ==> next_comm=kworker/3:1 next_pid=45 next_prio=120
     kworker/3:1-45      [003] d..2.   282.925229: sched_switch: prev_comm=kworker/3:1 prev_pid=45 prev_prio=120 prev_state=I ==> next_comm=work next_pid=336 next_prio=120
            work-336     [003] d..2.   283.693175: sched_switch: prev_comm=work prev_pid=336 prev_prio=120 prev_state=R ==> next_comm=kworker/3:1 next_pid=45 next_prio=120
     kworker/3:1-45      [003] d..2.   283.693361: sched_switch: prev_comm=kworker/3:1 prev_pid=45 prev_prio=120 prev_state=D ==> next_comm=kworker/3:2 next_pid=122 next_prio=120
     kworker/3:2-122     [003] d..2.   283.693501: sched_switch: prev_comm=kworker/3:2 prev_pid=122 prev_prio=120 prev_state=I ==> next_comm=kworker/3:1 next_pid=45 next_prio=120
     kworker/3:1-45      [003] d..2.   283.693535: sched_switch: prev_comm=kworker/3:1 prev_pid=45 prev_prio=120 prev_state=I ==> next_comm=work next_pid=336 next_prio=120
          <idle>-0       [002] d..2.   283.766130: sched_switch: prev_comm=swapper/2 prev_pid=0 prev_prio=120 prev_state=R ==> next_comm=kworker/2:1H next_pid=68 next_prio=100
    kworker/2:1H-68      [002] d..2.   283.766244: sched_switch: prev_comm=kworker/2:1H prev_pid=68 prev_prio=100 prev_state=I ==> next_comm=swapper/2 next_pid=0 next_prio=120
            work-336     [003] d..2.   283.821175: sched_switch: prev_comm=work prev_pid=336 prev_prio=120 prev_state=R ==> next_comm=kworker/3:2H next_pid=198 next_prio=100
    kworker/3:2H-198     [003] d..2.   283.821225: sched_switch: prev_comm=kworker/3:2H prev_pid=198 prev_prio=100 prev_state=I ==> next_comm=work next_pid=336 next_prio=120
            work-336     [003] d..2.   283.949170: sched_switch: prev_comm=work prev_pid=336 prev_prio=120 prev_state=R ==> next_comm=kworker/3:1 next_pid=45 next_prio=120
     kworker/3:1-45      [003] d..2.   283.949248: sched_switch: prev_comm=kworker/3:1 prev_pid=45 prev_prio=120 prev_state=I ==> next_comm=work next_pid=336 next_prio=120
            work-336     [003] d..2.   284.077160: sched_switch: prev_comm=work prev_pid=336 prev_prio=120 prev_state=R ==> next_comm=kworker/3:1 next_pid=45 next_prio=120
     kworker/3:1-45      [003] d..2.   284.077379: sched_switch: prev_comm=kworker/3:1 prev_pid=45 prev_prio=120 prev_state=I ==> next_comm=work next_pid=336 next_prio=120
            work-336     [003] d..2.   284.909183: sched_switch: prev_comm=work prev_pid=336 prev_prio=120 prev_state=R ==> next_comm=kworker/3:1 next_pid=45 next_prio=120
     kworker/3:1-45      [003] d..2.   284.909336: sched_switch: prev_comm=kworker/3:1 prev_pid=45 prev_prio=120 prev_state=I ==> next_comm=work next_pid=336 next_prio=120
          <idle>-0       [002] d..2.   285.716384: sched_switch: prev_comm=swapper/2 prev_pid=0 prev_prio=120 prev_state=R ==> next_comm=kworker/2:1 next_pid=47 next_prio=120
     kworker/2:1-47      [002] d..2.   285.716449: sched_switch: prev_comm=kworker/2:1 prev_pid=47 prev_prio=120 prev_state=I ==> next_comm=swapper/2 next_pid=0 next_prio=120
            work-336     [003] d..2.   285.741181: sched_switch: prev_comm=work prev_pid=336 prev_prio=120 prev_state=R ==> next_comm=kworker/3:1 next_pid=45 next_prio=120
     kworker/3:1-45      [003] d..2.   285.741385: sched_switch: prev_comm=kworker/3:1 prev_pid=45 prev_prio=120 prev_state=D ==> next_comm=kworker/3:2 next_pid=122 next_prio=120
     kworker/3:2-122     [003] d..2.   285.741553: sched_switch: prev_comm=kworker/3:2 prev_pid=122 prev_prio=120 prev_state=I ==> next_comm=kworker/3:1 next_pid=45 next_prio=120
     kworker/3:1-45      [003] d..2.   285.741589: sched_switch: prev_comm=kworker/3:1 prev_pid=45 prev_prio=120 prev_state=I ==> next_comm=work next_pid=336 next_prio=120
            work-336     [003] d..2.   285.933190: sched_switch: prev_comm=work prev_pid=336 prev_prio=120 prev_state=R ==> next_comm=kworker/3:1 next_pid=45 next_prio=120
     kworker/3:1-45      [003] d..2.   285.933315: sched_switch: prev_comm=kworker/3:1 prev_pid=45 prev_prio=120 prev_state=I ==> next_comm=work next_pid=336 next_prio=120
            work-336     [003] d..2.   286.125173: sched_switch: prev_comm=work prev_pid=336 prev_prio=120 prev_state=R ==> next_comm=kworker/3:1 next_pid=45 next_prio=120
     kworker/3:1-45      [003] d..2.   286.125421: sched_switch: prev_comm=kworker/3:1 prev_pid=45 prev_prio=120 prev_state=I ==> next_comm=work next_pid=336 next_prio=120
          <idle>-0       [002] d..2.   317.200285: sched_switch: prev_comm=swapper/2 prev_pid=0 prev_prio=120 prev_state=R ==> next_comm=rcu_preempt next_pid=16 next_prio=120
     rcu_preempt-16      [002] d..2.   317.200335: sched_switch: prev_comm=rcu_preempt prev_pid=16 prev_prio=120 prev_state=I ==> next_comm=swapper/2 next_pid=0 next_prio=120
          <idle>-0       [002] d..2.   317.200850: sched_switch: prev_comm=swapper/2 prev_pid=0 prev_prio=120 prev_state=R ==> next_comm=test.002.sh next_pid=404 next_prio=120
     test.002.sh-379     [003] d..2.   317.202233: sched_switch: prev_comm=test.002.sh prev_pid=379 prev_prio=120 prev_state=R+ ==> next_comm=test.002.sh next_pid=405 next_prio=120
              su-404     [002] d..2.   317.202289: sched_switch: prev_comm=test.002.sh prev_pid=404 prev_prio=120 prev_state=R+ ==> next_comm=rcu_preempt next_pid=16 next_prio=120
     rcu_preempt-16      [002] d..2.   317.202342: sched_switch: prev_comm=rcu_preempt prev_pid=16 prev_prio=120 prev_state=I ==> next_comm=test.002.sh next_pid=404 next_prio=120
              su-405     [003] d..2.   317.204286: sched_switch: prev_comm=su prev_pid=405 prev_prio=120 prev_state=R+ ==> next_comm=rcu_preempt next_pid=16 next_prio=120
     rcu_preempt-16      [003] d..2.   317.204334: sched_switch: prev_comm=rcu_preempt prev_pid=16 prev_prio=120 prev_state=I ==> next_comm=test.002.sh next_pid=379 next_prio=120
     test.002.sh-379     [003] d..2.   317.205297: sched_switch: prev_comm=test.002.sh prev_pid=379 prev_prio=120 prev_state=R ==> next_comm=test.002.sh next_pid=406 next_prio=120
              su-406     [003] d..2.   317.206250: sched_switch: prev_comm=test.002.sh prev_pid=406 prev_prio=120 prev_state=R ==> next_comm=rcu_preempt next_pid=16 next_prio=120
     rcu_preempt-16      [003] d..2.   317.206308: sched_switch: prev_comm=rcu_preempt prev_pid=16 prev_prio=120 prev_state=I ==> next_comm=test.002.sh next_pid=379 next_prio=120
     test.002.sh-379     [003] d..2.   317.207743: sched_switch: prev_comm=test.002.sh prev_pid=379 prev_prio=120 prev_state=S ==> next_comm=test.002.sh next_pid=407 next_prio=120
              su-404     [002] d..2.   317.209230: sched_switch: prev_comm=su prev_pid=404 prev_prio=120 prev_state=R ==> next_comm=rcu_preempt next_pid=16 next_prio=120
           sleep-407     [003] d..2.   317.209252: sched_switch: prev_comm=sleep prev_pid=407 prev_prio=120 prev_state=R+ ==> next_comm=test.002.sh next_pid=406 next_prio=120
     rcu_preempt-16      [002] d..2.   317.209298: sched_switch: prev_comm=rcu_preempt prev_pid=16 prev_prio=120 prev_state=I ==> next_comm=su next_pid=404 next_prio=120
              su-404     [002] d..2.   317.210214: sched_switch: prev_comm=su prev_pid=404 prev_prio=120 prev_state=R ==> next_comm=ksoftirqd/2 next_pid=28 next_prio=120
     ksoftirqd/2-28      [002] d..2.   317.210249: sched_switch: prev_comm=ksoftirqd/2 prev_pid=28 prev_prio=120 prev_state=S ==> next_comm=rcu_preempt next_pid=16 next_prio=120
              su-406     [003] d..2.   317.210256: sched_switch: prev_comm=su prev_pid=406 prev_prio=120 prev_state=R+ ==> next_comm=su next_pid=405 next_prio=120
     rcu_preempt-16      [002] d..2.   317.210275: sched_switch: prev_comm=rcu_preempt prev_pid=16 prev_prio=120 prev_state=I ==> next_comm=su next_pid=404 next_prio=120
              su-405     [003] d..2.   317.213195: sched_switch: prev_comm=su prev_pid=405 prev_prio=120 prev_state=R ==> next_comm=su next_pid=406 next_prio=120
              su-406     [003] d..2.   317.216197: sched_switch: prev_comm=su prev_pid=406 prev_prio=120 prev_state=R ==> next_comm=sleep next_pid=407 next_prio=120
           sleep-407     [003] d..2.   317.219216: sched_switch: prev_comm=sleep prev_pid=407 prev_prio=120 prev_state=R ==> next_comm=ksoftirqd/3 next_pid=33 next_prio=120
     ksoftirqd/3-33      [003] d..2.   317.219279: sched_switch: prev_comm=ksoftirqd/3 prev_pid=33 prev_prio=120 prev_state=S ==> next_comm=su next_pid=405 next_prio=120
              su-405     [003] d..2.   317.222218: sched_switch: prev_comm=su prev_pid=405 prev_prio=120 prev_state=R ==> next_comm=ksoftirqd/3 next_pid=33 next_prio=120
     ksoftirqd/3-33      [003] d..2.   317.222274: sched_switch: prev_comm=ksoftirqd/3 prev_pid=33 prev_prio=120 prev_state=S ==> next_comm=su next_pid=406 next_prio=120
              su-406     [003] d..2.   317.225215: sched_switch: prev_comm=su prev_pid=406 prev_prio=120 prev_state=R ==> next_comm=sleep next_pid=407 next_prio=120
           sleep-407     [003] d..2.   317.228188: sched_switch: prev_comm=sleep prev_pid=407 prev_prio=120 prev_state=R ==> next_comm=su next_pid=405 next_prio=120
              su-405     [003] d..2.   317.230287: sched_switch: prev_comm=su prev_pid=405 prev_prio=120 prev_state=R ==> next_comm=su next_pid=406 next_prio=120
              su-406     [003] d..2.   317.233193: sched_switch: prev_comm=su prev_pid=406 prev_prio=120 prev_state=R ==> next_comm=sleep next_pid=407 next_prio=120
           sleep-407     [003] d..2.   317.236209: sched_switch: prev_comm=sleep prev_pid=407 prev_prio=120 prev_state=R ==> next_comm=su next_pid=405 next_prio=120
              su-405     [003] d..2.   317.239202: sched_switch: prev_comm=su prev_pid=405 prev_prio=120 prev_state=R ==> next_comm=su next_pid=406 next_prio=120
              su-406     [003] d..2.   317.242207: sched_switch: prev_comm=su prev_pid=406 prev_prio=120 prev_state=R ==> next_comm=sleep next_pid=407 next_prio=120
           sleep-407     [003] d..2.   317.245198: sched_switch: prev_comm=sleep prev_pid=407 prev_prio=120 prev_state=R ==> next_comm=su next_pid=405 next_prio=120
              su-405     [003] d..2.   317.248238: sched_switch: prev_comm=su prev_pid=405 prev_prio=120 prev_state=R+ ==> next_comm=su next_pid=406 next_prio=120
              su-406     [003] d..2.   317.251197: sched_switch: prev_comm=su prev_pid=406 prev_prio=120 prev_state=R ==> next_comm=sleep next_pid=407 next_prio=120
           sleep-407     [003] d..2.   317.254205: sched_switch: prev_comm=sleep prev_pid=407 prev_prio=120 prev_state=R ==> next_comm=su next_pid=405 next_prio=120
              su-405     [003] d..2.   317.257184: sched_switch: prev_comm=su prev_pid=405 prev_prio=120 prev_state=R ==> next_comm=su next_pid=406 next_prio=120
              su-406     [003] d..2.   317.260175: sched_switch: prev_comm=su prev_pid=406 prev_prio=120 prev_state=R ==> next_comm=sleep next_pid=407 next_prio=120
           sleep-407     [003] d..2.   317.263219: sched_switch: prev_comm=sleep prev_pid=407 prev_prio=120 prev_state=R ==> next_comm=su next_pid=405 next_prio=120
              su-405     [003] d..2.   317.266205: sched_switch: prev_comm=su prev_pid=405 prev_prio=120 prev_state=R ==> next_comm=su next_pid=406 next_prio=120
              su-406     [003] d..2.   317.269205: sched_switch: prev_comm=su prev_pid=406 prev_prio=120 prev_state=R+ ==> next_comm=sleep next_pid=407 next_prio=120
           sleep-407     [003] d..2.   317.272213: sched_switch: prev_comm=sleep prev_pid=407 prev_prio=120 prev_state=R ==> next_comm=su next_pid=405 next_prio=120
              su-405     [003] d..2.   317.275184: sched_switch: prev_comm=su prev_pid=405 prev_prio=120 prev_state=R ==> next_comm=su next_pid=406 next_prio=120
              su-406     [003] d..2.   317.278214: sched_switch: prev_comm=su prev_pid=406 prev_prio=120 prev_state=R ==> next_comm=sleep next_pid=407 next_prio=120
              su-404     [002] d..2.   317.278317: sched_switch: prev_comm=su prev_pid=404 prev_prio=120 prev_state=S ==> next_comm=swapper/2 next_pid=0 next_prio=120
          <idle>-0       [002] d..2.   317.278506: sched_switch: prev_comm=swapper/2 prev_pid=0 prev_prio=120 prev_state=R ==> next_comm=systemd next_pid=1 next_prio=120
         systemd-1       [002] d..2.   317.278840: sched_switch: prev_comm=systemd prev_pid=1 prev_prio=120 prev_state=S ==> next_comm=swapper/2 next_pid=0 next_prio=120
          <idle>-0       [002] d..2.   317.279307: sched_switch: prev_comm=swapper/2 prev_pid=0 prev_prio=120 prev_state=R ==> next_comm=date next_pid=409 next_prio=120
           sleep-407     [003] d..2.   317.281205: sched_switch: prev_comm=sleep prev_pid=407 prev_prio=120 prev_state=R ==> next_comm=su next_pid=405 next_prio=120
              su-405     [003] d..2.   317.284181: sched_switch: prev_comm=su prev_pid=405 prev_prio=120 prev_state=R ==> next_comm=su next_pid=406 next_prio=120
              su-406     [003] d..2.   317.287187: sched_switch: prev_comm=su prev_pid=406 prev_prio=120 prev_state=R ==> next_comm=sleep next_pid=407 next_prio=120
           sleep-407     [003] d..2.   317.290175: sched_switch: prev_comm=sleep prev_pid=407 prev_prio=120 prev_state=R ==> next_comm=su next_pid=405 next_prio=120
              su-405     [003] d..2.   317.293211: sched_switch: prev_comm=su prev_pid=405 prev_prio=120 prev_state=R ==> next_comm=su next_pid=406 next_prio=120
              su-406     [003] d..2.   317.296195: sched_switch: prev_comm=su prev_pid=406 prev_prio=120 prev_state=R ==> next_comm=sleep next_pid=407 next_prio=120
           sleep-407     [003] d..2.   317.299176: sched_switch: prev_comm=sleep prev_pid=407 prev_prio=120 prev_state=R ==> next_comm=su next_pid=405 next_prio=120
              su-405     [003] d..2.   317.302163: sched_switch: prev_comm=su prev_pid=405 prev_prio=120 prev_state=R ==> next_comm=su next_pid=406 next_prio=120
              su-406     [003] d..2.   317.305179: sched_switch: prev_comm=su prev_pid=406 prev_prio=120 prev_state=R ==> next_comm=sleep next_pid=407 next_prio=120
            date-409     [002] d..2.   317.306157: sched_switch: prev_comm=date prev_pid=409 prev_prio=120 prev_state=R ==> next_comm=apt.systemd.dai next_pid=408 next_prio=120
            date-408     [002] d..2.   317.306325: sched_switch: prev_comm=apt.systemd.dai prev_pid=408 prev_prio=120 prev_state=S ==> next_comm=date next_pid=409 next_prio=120
            date-409     [002] d..2.   317.306525: sched_switch: prev_comm=date prev_pid=409 prev_prio=120 prev_state=R+ ==> next_comm=apt.systemd.dai next_pid=408 next_prio=120
            date-408     [002] d..2.   317.306643: sched_switch: prev_comm=apt.systemd.dai prev_pid=408 prev_prio=120 prev_state=S ==> next_comm=date next_pid=409 next_prio=120
           sleep-407     [003] d..2.   317.307298: sched_switch: prev_comm=sleep prev_pid=407 prev_prio=120 prev_state=R ==> next_comm=su next_pid=405 next_prio=120
            date-409     [002] d..2.   317.308282: sched_switch: prev_comm=date prev_pid=409 prev_prio=120 prev_state=Z ==> next_comm=apt.systemd.dai next_pid=408 next_prio=120
              su-405     [003] d..2.   317.310193: sched_switch: prev_comm=su prev_pid=405 prev_prio=120 prev_state=R ==> next_comm=sleep next_pid=407 next_prio=120
           sleep-407     [003] d..2.   317.312873: sched_switch: prev_comm=sleep prev_pid=407 prev_prio=120 prev_state=S ==> next_comm=su next_pid=406 next_prio=120
              su-406     [003] d..2.   317.315204: sched_switch: prev_comm=su prev_pid=406 prev_prio=120 prev_state=R ==> next_comm=su next_pid=405 next_prio=120
            date-408     [002] d..2.   317.316183: sched_switch: prev_comm=date prev_pid=408 prev_prio=120 prev_state=R ==> next_comm=su next_pid=404 next_prio=120
              su-405     [003] d..2.   317.317397: sched_switch: prev_comm=su prev_pid=405 prev_prio=120 prev_state=R ==> next_comm=su next_pid=406 next_prio=120
              su-404     [002] d..2.   317.318228: sched_switch: prev_comm=su prev_pid=404 prev_prio=120 prev_state=R ==> next_comm=date next_pid=408 next_prio=120
            date-408     [002] d..2.   317.324184: sched_switch: prev_comm=date prev_pid=408 prev_prio=120 prev_state=R ==> next_comm=ksoftirqd/2 next_pid=28 next_prio=120
     ksoftirqd/2-28      [002] d..2.   317.324271: sched_switch: prev_comm=ksoftirqd/2 prev_pid=28 prev_prio=120 prev_state=S ==> next_comm=date next_pid=408 next_prio=120
              su-406     [003] d..2.   317.326218: sched_switch: prev_comm=su prev_pid=406 prev_prio=120 prev_state=R ==> next_comm=rcu_preempt next_pid=16 next_prio=120
     rcu_preempt-16      [003] d..2.   317.326273: sched_switch: prev_comm=rcu_preempt prev_pid=16 prev_prio=120 prev_state=I ==> next_comm=su next_pid=406 next_prio=120
              su-406     [003] d..2.   317.329207: sched_switch: prev_comm=su prev_pid=406 prev_prio=120 prev_state=R ==> next_comm=rcu_preempt next_pid=16 next_prio=120
     rcu_preempt-16      [003] d..2.   317.329264: sched_switch: prev_comm=rcu_preempt prev_pid=16 prev_prio=120 prev_state=I ==> next_comm=su next_pid=406 next_prio=120
              su-406     [003] d..2.   317.332206: sched_switch: prev_comm=su prev_pid=406 prev_prio=120 prev_state=R ==> next_comm=rcu_preempt next_pid=16 next_prio=120
     rcu_preempt-16      [003] d..2.   317.332260: sched_switch: prev_comm=rcu_preempt prev_pid=16 prev_prio=120 prev_state=I ==> next_comm=su next_pid=406 next_prio=120
              su-406     [003] d..2.   317.335234: sched_switch: prev_comm=su prev_pid=406 prev_prio=120 prev_state=R ==> next_comm=rcu_preempt next_pid=16 next_prio=120
     rcu_preempt-16      [003] d..2.   317.335280: sched_switch: prev_comm=rcu_preempt prev_pid=16 prev_prio=120 prev_state=I ==> next_comm=su next_pid=406 next_prio=120
              su-406     [003] d..2.   317.338201: sched_switch: prev_comm=su prev_pid=406 prev_prio=120 prev_state=R ==> next_comm=rcu_preempt next_pid=16 next_prio=120
     rcu_preempt-16      [003] d..2.   317.338263: sched_switch: prev_comm=rcu_preempt prev_pid=16 prev_prio=120 prev_state=I ==> next_comm=su next_pid=406 next_prio=120
              su-406     [003] d..2.   317.340305: sched_switch: prev_comm=su prev_pid=406 prev_prio=120 prev_state=R+ ==> next_comm=rcu_preempt next_pid=16 next_prio=120
     rcu_preempt-16      [003] d..2.   317.340340: sched_switch: prev_comm=rcu_preempt prev_pid=16 prev_prio=120 prev_state=I ==> next_comm=su next_pid=406 next_prio=120
              su-406     [003] d..2.   317.343199: sched_switch: prev_comm=su prev_pid=406 prev_prio=120 prev_state=R ==> next_comm=rcu_preempt next_pid=16 next_prio=120
     rcu_preempt-16      [003] d..2.   317.343246: sched_switch: prev_comm=rcu_preempt prev_pid=16 prev_prio=120 prev_state=I ==> next_comm=su next_pid=406 next_prio=120
            date-408     [002] d..2.   317.345168: sched_switch: prev_comm=date prev_pid=408 prev_prio=120 prev_state=R ==> next_comm=apt.systemd.dai next_pid=358 next_prio=120
              su-406     [003] d..2.   317.345204: sched_switch: prev_comm=su prev_pid=406 prev_prio=120 prev_state=R ==> next_comm=rcu_preempt next_pid=16 next_prio=120
     rcu_preempt-16      [003] d..2.   317.345245: sched_switch: prev_comm=rcu_preempt prev_pid=16 prev_prio=120 prev_state=I ==> next_comm=su next_pid=406 next_prio=120
 apt.systemd.dai-358     [002] d..2.   317.345285: sched_switch: prev_comm=apt.systemd.dai prev_pid=358 prev_prio=120 prev_state=S ==> next_comm=date next_pid=408 next_prio=120
            date-408     [002] d..2.   317.345569: sched_switch: prev_comm=date prev_pid=408 prev_prio=120 prev_state=R+ ==> next_comm=apt.systemd.dai next_pid=358 next_prio=120
 apt.systemd.dai-358     [002] d..2.   317.345673: sched_switch: prev_comm=apt.systemd.dai prev_pid=358 prev_prio=120 prev_state=S ==> next_comm=date next_pid=408 next_prio=120
              su-406     [003] d..2.   317.347237: sched_switch: prev_comm=su prev_pid=406 prev_prio=120 prev_state=R ==> next_comm=rcu_preempt next_pid=16 next_prio=120
     rcu_preempt-16      [003] d..2.   317.347279: sched_switch: prev_comm=rcu_preempt prev_pid=16 prev_prio=120 prev_state=I ==> next_comm=su next_pid=406 next_prio=120
            date-408     [002] d..2.   317.347288: sched_switch: prev_comm=date prev_pid=408 prev_prio=120 prev_state=Z ==> next_comm=apt.systemd.dai next_pid=358 next_prio=120
 apt.systemd.dai-358     [002] d..2.   317.348968: sched_switch: prev_comm=apt.systemd.dai prev_pid=358 prev_prio=120 prev_state=D ==> next_comm=swapper/2 next_pid=0 next_prio=120
          <idle>-0       [002] d..2.   317.349356: sched_switch: prev_comm=swapper/2 prev_pid=0 prev_prio=120 prev_state=R ==> next_comm=su next_pid=414 next_prio=120
              su-406     [003] d..2.   317.349667: sched_switch: prev_comm=su prev_pid=406 prev_prio=120 prev_state=S ==> next_comm=su next_pid=412 next_prio=120
     unix_chkpwd-412     [003] d..2.   317.350235: sched_switch: prev_comm=su prev_pid=412 prev_prio=120 prev_state=R ==> next_comm=rcu_preempt next_pid=16 next_prio=120
     rcu_preempt-16      [003] d..2.   317.350292: sched_switch: prev_comm=rcu_preempt prev_pid=16 prev_prio=120 prev_state=I ==> next_comm=su next_pid=412 next_prio=120
     unix_chkpwd-412     [003] d..2.   317.353230: sched_switch: prev_comm=unix_chkpwd prev_pid=412 prev_prio=120 prev_state=R ==> next_comm=rcu_preempt next_pid=16 next_prio=120
     rcu_preempt-16      [003] d..2.   317.353288: sched_switch: prev_comm=rcu_preempt prev_pid=16 prev_prio=120 prev_state=I ==> next_comm=unix_chkpwd next_pid=412 next_prio=120
     unix_chkpwd-414     [002] d..2.   317.384618: sched_switch: prev_comm=unix_chkpwd prev_pid=414 prev_prio=120 prev_state=R ==> next_comm=apt.systemd.dai next_pid=358 next_prio=120
 apt.systemd.dai-358     [002] d..2.   317.384720: sched_switch: prev_comm=apt.systemd.dai prev_pid=358 prev_prio=120 prev_state=S ==> next_comm=unix_chkpwd next_pid=414 next_prio=120
     unix_chkpwd-414     [002] d..2.   317.386898: sched_switch: prev_comm=unix_chkpwd prev_pid=414 prev_prio=120 prev_state=Z ==> next_comm=swapper/2 next_pid=0 next_prio=120
     unix_chkpwd-412     [003] d..2.   317.386917: sched_switch: prev_comm=unix_chkpwd prev_pid=412 prev_prio=120 prev_state=Z ==> next_comm=su next_pid=406 next_prio=120
          <idle>-0       [002] d..2.   317.387296: sched_switch: prev_comm=swapper/2 prev_pid=0 prev_prio=120 prev_state=R ==> next_comm=unattended-upgr next_pid=413 next_prio=120
              su-406     [003] d..2.   317.389211: sched_switch: prev_comm=su prev_pid=406 prev_prio=120 prev_state=R ==> next_comm=rcu_preempt next_pid=16 next_prio=120
     rcu_preempt-16      [003] d..2.   317.389262: sched_switch: prev_comm=rcu_preempt prev_pid=16 prev_prio=120 prev_state=I ==> next_comm=su next_pid=405 next_prio=120
              su-405     [003] d..2.   317.391218: sched_switch: prev_comm=su prev_pid=405 prev_prio=120 prev_state=R ==> next_comm=rcu_preempt next_pid=16 next_prio=120
     rcu_preempt-16      [003] d..2.   317.391279: sched_switch: prev_comm=rcu_preempt prev_pid=16 prev_prio=120 prev_state=I ==> next_comm=su next_pid=405 next_prio=120
              su-405     [003] d..2.   317.392195: sched_switch: prev_comm=su prev_pid=405 prev_prio=120 prev_state=R ==> next_comm=su next_pid=406 next_prio=120
              su-406     [003] d..2.   317.394209: sched_switch: prev_comm=su prev_pid=406 prev_prio=120 prev_state=R ==> next_comm=rcu_preempt next_pid=16 next_prio=120
     rcu_preempt-16      [003] d..2.   317.394255: sched_switch: prev_comm=rcu_preempt prev_pid=16 prev_prio=120 prev_state=I ==> next_comm=su next_pid=405 next_prio=120
              su-405     [003] d..2.   317.396223: sched_switch: prev_comm=su prev_pid=405 prev_prio=120 prev_state=R ==> next_comm=rcu_preempt next_pid=16 next_prio=120
     rcu_preempt-16      [003] d..2.   317.396269: sched_switch: prev_comm=rcu_preempt prev_pid=16 prev_prio=120 prev_state=I ==> next_comm=su next_pid=406 next_prio=120
              su-406     [003] d..2.   317.397204: sched_switch: prev_comm=su prev_pid=406 prev_prio=120 prev_state=R ==> next_comm=su next_pid=405 next_prio=120
              su-405     [003] d..2.   317.398240: sched_switch: prev_comm=su prev_pid=405 prev_prio=120 prev_state=R+ ==> next_comm=su next_pid=406 next_prio=120
              su-406     [003] d..2.   317.399214: sched_switch: prev_comm=su prev_pid=406 prev_prio=120 prev_state=R ==> next_comm=rcu_preempt next_pid=16 next_prio=120
     rcu_preempt-16      [003] d..2.   317.399269: sched_switch: prev_comm=rcu_preempt prev_pid=16 prev_prio=120 prev_state=I ==> next_comm=su next_pid=405 next_prio=120
              su-405     [003] d..2.   317.402180: sched_switch: prev_comm=su prev_pid=405 prev_prio=120 prev_state=R ==> next_comm=su next_pid=406 next_prio=120
              su-406     [003] d..2.   317.402247: sched_switch: prev_comm=su prev_pid=406 prev_prio=120 prev_state=R ==> next_comm=rcu_preempt next_pid=16 next_prio=120
     rcu_preempt-16      [003] d..2.   317.402316: sched_switch: prev_comm=rcu_preempt prev_pid=16 prev_prio=120 prev_state=I ==> next_comm=su next_pid=406 next_prio=120
              su-406     [003] d..2.   317.404234: sched_switch: prev_comm=su prev_pid=406 prev_prio=120 prev_state=R ==> next_comm=rcu_preempt next_pid=16 next_prio=120
     rcu_preempt-16      [003] d..2.   317.404285: sched_switch: prev_comm=rcu_preempt prev_pid=16 prev_prio=120 prev_state=I ==> next_comm=su next_pid=406 next_prio=120
 unattended-upgr-413     [002] d..2.   317.405195: sched_switch: prev_comm=unattended-upgr prev_pid=413 prev_prio=120 prev_state=R ==> next_comm=su next_pid=415 next_prio=120
              su-406     [003] d..2.   317.407240: sched_switch: prev_comm=su prev_pid=406 prev_prio=120 prev_state=R ==> next_comm=su next_pid=405 next_prio=120
            bash-415     [002] d..2.   317.407241: sched_switch: prev_comm=su prev_pid=415 prev_prio=120 prev_state=R ==> next_comm=rcu_preempt next_pid=16 next_prio=120
              su-405     [003] d..2.   317.410194: sched_switch: prev_comm=su prev_pid=405 prev_prio=120 prev_state=R ==> next_comm=su next_pid=406 next_prio=120
     rcu_preempt-16      [002] d..2.   317.410269: sched_switch: prev_comm=rcu_preempt prev_pid=16 prev_prio=120 prev_state=I ==> next_comm=su next_pid=416 next_prio=120
              su-416     [002] d..2.   317.411266: sched_switch: prev_comm=su prev_pid=416 prev_prio=120 prev_state=R ==> next_comm=rcu_preempt next_pid=16 next_prio=120
              su-406     [003] d..2.   317.421493: sched_switch: prev_comm=su prev_pid=406 prev_prio=120 prev_state=R ==> next_comm=systemd next_pid=1 next_prio=120
         systemd-1       [003] d..2.   317.421913: sched_switch: prev_comm=systemd prev_pid=1 prev_prio=120 prev_state=S ==> next_comm=su next_pid=406 next_prio=120
              su-406     [003] d..2.   317.429962: sched_switch: prev_comm=su prev_pid=406 prev_prio=120 prev_state=S ==> next_comm=systemd next_pid=1 next_prio=120
         systemd-1       [003] d..2.   317.430914: sched_switch: prev_comm=systemd prev_pid=1 prev_prio=120 prev_state=S ==> next_comm=su next_pid=406 next_prio=120
              su-406     [003] d..2.   317.433613: sched_switch: prev_comm=su prev_pid=406 prev_prio=120 prev_state=R ==> next_comm=systemd next_pid=1 next_prio=120
         systemd-1       [003] d..2.   317.434004: sched_switch: prev_comm=systemd prev_pid=1 prev_prio=120 prev_state=S ==> next_comm=su next_pid=406 next_prio=120
              su-406     [003] d..2.   317.434292: sched_switch: prev_comm=su prev_pid=406 prev_prio=120 prev_state=R+ ==> next_comm=systemd next_pid=1 next_prio=120
         systemd-1       [003] d..2.   317.434598: sched_switch: prev_comm=systemd prev_pid=1 prev_prio=120 prev_state=S ==> next_comm=su next_pid=406 next_prio=120
              su-406     [003] d..2.   317.450964: sched_switch: prev_comm=su prev_pid=406 prev_prio=120 prev_state=S ==> next_comm=swapper/3 next_pid=0 next_prio=120
     rcu_preempt-16      [002] d..2.   317.450973: sched_switch: prev_comm=rcu_preempt prev_pid=16 prev_prio=120 prev_state=I ==> next_comm=su next_pid=415 next_prio=120
            bash-415     [002] d..2.   317.454172: sched_switch: prev_comm=su prev_pid=415 prev_prio=120 prev_state=R+ ==> next_comm=su next_pid=406 next_prio=120
              su-406     [002] d..2.   317.455735: sched_switch: prev_comm=su prev_pid=406 prev_prio=120 prev_state=S ==> next_comm=su next_pid=415 next_prio=120
            bash-415     [002] d..2.   317.457152: sched_switch: prev_comm=su prev_pid=415 prev_prio=120 prev_state=R+ ==> next_comm=su next_pid=406 next_prio=120
              su-406     [002] d..2.   317.458203: sched_switch: prev_comm=su prev_pid=406 prev_prio=120 prev_state=R ==> next_comm=rcu_preempt next_pid=16 next_prio=120
     rcu_preempt-16      [002] d..2.   317.458274: sched_switch: prev_comm=rcu_preempt prev_pid=16 prev_prio=120 prev_state=I ==> next_comm=su next_pid=415 next_prio=120
            bash-415     [002] d..2.   317.460196: sched_switch: prev_comm=su prev_pid=415 prev_prio=120 prev_state=R ==> next_comm=su next_pid=406 next_prio=120
              su-406     [002] d..2.   317.462688: sched_switch: prev_comm=su prev_pid=406 prev_prio=120 prev_state=S ==> next_comm=su next_pid=415 next_prio=120
            bash-415     [002] d..2.   317.463041: sched_switch: prev_comm=su prev_pid=415 prev_prio=120 prev_state=R+ ==> next_comm=migration/2 next_pid=27 next_prio=0
     migration/2-27      [002] d..2.   317.463233: sched_switch: prev_comm=migration/2 prev_pid=27 prev_prio=0 prev_state=S ==> next_comm=rcu_preempt next_pid=16 next_prio=120
